<html>
<body>
<pre>
<h1>�Vision Build Log</h1>
<h2>Tool Versions:</h2>
IDE-Version: ��Vision V5.36.0.0
Copyright (C) 2021 ARM Ltd and ARM Germany GmbH. All rights reserved.
License Information: LIU 8618150600805, 1, LIC=MPPLD-8HDQN-NNSAF-6LKEY-E5BI9-T4TGN
 
Tool Versions:
Toolchain:       MDK-ARM Plus  Version: 5.36.0.0
Toolchain Path:  D:\KEIL\ARM\ARMCC\Bin
C Compiler:      Armcc.exe V5.06 update 7 (build 960)
Assembler:       Armasm.exe V5.06 update 7 (build 960)
Linker/Locator:  ArmLink.exe V5.06 update 7 (build 960)
Library Manager: ArmAr.exe V5.06 update 7 (build 960)
Hex Converter:   FromElf.exe V5.06 update 7 (build 960)
CPU DLL:         SARMCM3.DLL V5.36.0.0
Dialog DLL:      DCM.DLL V1.17.3.0
Target DLL:      STLink\ST-LINKIII-KEIL_SWO.dll V3.0.9.0
Dialog DLL:      TCM.DLL V1.53.0.0
 
<h2>Project:</h2>
D:\32_PROJECT\1pro_for_light\stm32_pj\stm32f103c8t6 - extern(2+1key)\MDK-ARM\STM32_OLED.uvprojx
Project File Date:  07/06/2023

<h2>Output:</h2>
*** Using Compiler 'V5.06 update 7 (build 960)', folder: 'D:\KEIL\ARM\ARMCC\Bin'
Build target 'STM32_OLED'
compiling user_lightdata.c...
..\user\user_lightdata.c(23): warning:  #223-D: function "sprintf" declared implicitly
  		sprintf(lightdata2[0],"%2d.  %.2f",data_num-2,lightdata[data_num-2]);
..\user\user_lightdata.c(33): warning:  #223-D: function "sprintf" declared implicitly
  			sprintf(lightdata2[0],"%2d.  %.2f",data_num-1,lightdata[data_num-1]);
..\user\user_lightdata.c(41): warning:  #223-D: function "sprintf" declared implicitly
  			sprintf(lightdata2[0],"->%2d.  %.2f",data_num,lightdata[data_num]);
..\user\user_lightdata.c(61): warning:  #223-D: function "sprintf" declared implicitly
  			sprintf(lightdata2[0],"%2d.  %.2f",data_no-2,lightdata[data_no-2]);
..\user\user_lightdata.c(67): warning:  #223-D: function "sprintf" declared implicitly
  			sprintf(lightdata2[0],"%2d.  %.2f",data_no-1,lightdata[data_no-1]);
..\user\user_lightdata.c(73): warning:  #223-D: function "sprintf" declared implicitly
  			sprintf(lightdata2[0],"->%2d.  %.2f",data_no,lightdata[data_no]);
..\user\user_lightdata.c(85): warning:  #223-D: function "sprintf" declared implicitly
  				sprintf(lightdata2[0],"%2d.  %.2f",data_no-1,lightdata[data_no-1]);
..\user\user_lightdata.c(90): warning:  #223-D: function "sprintf" declared implicitly
  				sprintf(lightdata2[0],"->%2d.  %.2f",data_no,lightdata[data_no]);
..\user\user_lightdata.c(99): warning:  #223-D: function "sprintf" declared implicitly
  			sprintf(lightdata2[0],"->%2d.  %.2f",data_no,lightdata[data_no]);
..\user\user_lightdata.c(122): warning:  #187-D: use of "=" where "==" may have been intended
  		if(i=98)lightdata[i]=0;
..\user\user_lightdata.c(127): warning:  #1-D: last line of file ends without a newline
  }
..\user\user_lightdata.c: 11 warnings, 0 errors
compiling user_key.c...
..\user\user_key.h(6): warning:  #1-D: last line of file ends without a newline
  #endif 
..\user\user_key.c: 1 warning, 0 errors
compiling oled.c...
..\OLED_Drive\oled.c(150): warning:  #188-D: enumerated type mixed with another type
  	OLED_W_SCL(1);
..\OLED_Drive\oled.c(151): warning:  #188-D: enumerated type mixed with another type
  	OLED_W_SDA(1);
..\OLED_Drive\oled.c(161): warning:  #188-D: enumerated type mixed with another type
  	OLED_W_SDA(1);
..\OLED_Drive\oled.c(162): warning:  #188-D: enumerated type mixed with another type
  	OLED_W_SCL(1);
..\OLED_Drive\oled.c(163): warning:  #188-D: enumerated type mixed with another type
  	OLED_W_SDA(0);
..\OLED_Drive\oled.c(164): warning:  #188-D: enumerated type mixed with another type
  	OLED_W_SCL(0);
..\OLED_Drive\oled.c(174): warning:  #188-D: enumerated type mixed with another type
  	OLED_W_SDA(0);
..\OLED_Drive\oled.c(175): warning:  #188-D: enumerated type mixed with another type
  	OLED_W_SCL(1);
..\OLED_Drive\oled.c(176): warning:  #188-D: enumerated type mixed with another type
  	OLED_W_SDA(1);
..\OLED_Drive\oled.c(181): warning:  #188-D: enumerated type mixed with another type
  	OLED_W_SCL(1);
..\OLED_Drive\oled.c(182): warning:  #188-D: enumerated type mixed with another type
  	OLED_W_SCL(0);
..\OLED_Drive\oled.c(195): warning:  #188-D: enumerated type mixed with another type
  		OLED_W_SDA(Byte & (0x80 >> i));// 
..\OLED_Drive\oled.c(196): warning:  #188-D: enumerated type mixed with another type
  		OLED_W_SCL(1);
..\OLED_Drive\oled.c(197): warning:  #188-D: enumerated type mixed with another type
  		OLED_W_SCL(0);
..\OLED_Drive\oled.c(199): warning:  #188-D: enumerated type mixed with another type
  	OLED_W_SCL(1);	//额外的一个时钟，不处理应答信�?
..\OLED_Drive\oled.c(200): warning:  #188-D: enumerated type mixed with another type
  	OLED_W_SCL(0);
..\OLED_Drive\oled.c: 16 warnings, 0 errors
linking...
Program Size: Code=12426 RO-data=2950 RW-data=3152 ZI-data=3072  
FromELF: creating hex file...
"STM32_OLED\STM32_OLED.axf" - 0 Error(s), 28 Warning(s).

<h2>Software Packages used:</h2>

Package Vendor: ARM
                http://www.keil.com/pack/ARM.CMSIS.5.8.0.pack
                ARM.CMSIS.5.8.0
                CMSIS (Common Microcontroller Software Interface Standard)
   * Component: CORE Version: 5.5.0

Package Vendor: Keil
                http://www.keil.com/pack/Keil.STM32F1xx_DFP.2.4.0.pack
                Keil.STM32F1xx_DFP.2.4.0
                STMicroelectronics STM32F1 Series Device Support, Drivers and Examples

<h2>Collection of Component include folders:</h2>
  .\RTE\_STM32_OLED
  D:\KEIL\ARM\CMSIS\5.8.0\CMSIS\Core\Include
  D:\KEIL\Keil\STM32F1xx_DFP\2.4.0\Device\Include

<h2>Collection of Component Files used:</h2>

   * Component: ARM::CMSIS:CORE:5.5.0
      Include file:  CMSIS\Core\Include\tz_context.h
Build Time Elapsed:  00:00:01
</pre>
</body>
</html>
