Component: ARM Compiler 5.06 update 7 (build 960) Tool: armlink [4d3601]

==============================================================================

Section Cross References

    startup_stm32f103xb.o(STACK) refers (Special) to heapauxi.o(.text) for __use_two_region_memory
    startup_stm32f103xb.o(HEAP) refers (Special) to heapauxi.o(.text) for __use_two_region_memory
    startup_stm32f103xb.o(RESET) refers (Special) to heapauxi.o(.text) for __use_two_region_memory
    startup_stm32f103xb.o(RESET) refers to startup_stm32f103xb.o(STACK) for __initial_sp
    startup_stm32f103xb.o(RESET) refers to startup_stm32f103xb.o(.text) for Reset_Handler
    startup_stm32f103xb.o(RESET) refers to stm32f1xx_it.o(i.NMI_Handler) for NMI_Handler
    startup_stm32f103xb.o(RESET) refers to stm32f1xx_it.o(i.HardFault_Handler) for HardFault_Handler
    startup_stm32f103xb.o(RESET) refers to stm32f1xx_it.o(i.MemManage_Handler) for MemManage_Handler
    startup_stm32f103xb.o(RESET) refers to stm32f1xx_it.o(i.BusFault_Handler) for BusFault_Handler
    startup_stm32f103xb.o(RESET) refers to stm32f1xx_it.o(i.UsageFault_Handler) for UsageFault_Handler
    startup_stm32f103xb.o(RESET) refers to stm32f1xx_it.o(i.SVC_Handler) for SVC_Handler
    startup_stm32f103xb.o(RESET) refers to stm32f1xx_it.o(i.DebugMon_Handler) for DebugMon_Handler
    startup_stm32f103xb.o(RESET) refers to stm32f1xx_it.o(i.PendSV_Handler) for PendSV_Handler
    startup_stm32f103xb.o(RESET) refers to stm32f1xx_it.o(i.SysTick_Handler) for SysTick_Handler
    startup_stm32f103xb.o(RESET) refers to stm32f1xx_it.o(i.EXTI0_IRQHandler) for EXTI0_IRQHandler
    startup_stm32f103xb.o(RESET) refers to stm32f1xx_it.o(i.EXTI1_IRQHandler) for EXTI1_IRQHandler
    startup_stm32f103xb.o(RESET) refers to stm32f1xx_it.o(i.EXTI2_IRQHandler) for EXTI2_IRQHandler
    startup_stm32f103xb.o(RESET) refers to stm32f1xx_it.o(i.EXTI3_IRQHandler) for EXTI3_IRQHandler
    startup_stm32f103xb.o(.text) refers (Special) to heapauxi.o(.text) for __use_two_region_memory
    startup_stm32f103xb.o(.text) refers to system_stm32f1xx.o(i.SystemInit) for SystemInit
    startup_stm32f103xb.o(.text) refers to __main.o(!!!main) for __main
    startup_stm32f103xb.o(.text) refers to startup_stm32f103xb.o(HEAP) for Heap_Mem
    startup_stm32f103xb.o(.text) refers to startup_stm32f103xb.o(STACK) for Stack_Mem
    main.o(i.SystemClock_Config) refers to rt_memclr_w.o(.text) for __aeabi_memclr4
    main.o(i.SystemClock_Config) refers to stm32f1xx_hal_rcc.o(i.HAL_RCC_OscConfig) for HAL_RCC_OscConfig
    main.o(i.SystemClock_Config) refers to stm32f1xx_hal_rcc.o(i.HAL_RCC_ClockConfig) for HAL_RCC_ClockConfig
    main.o(i.SystemClock_Config) refers to stm32f1xx_hal_rcc_ex.o(i.HAL_RCCEx_PeriphCLKConfig) for HAL_RCCEx_PeriphCLKConfig
    main.o(i.main) refers to stm32f1xx_hal.o(i.HAL_Init) for HAL_Init
    main.o(i.main) refers to main.o(i.SystemClock_Config) for SystemClock_Config
    main.o(i.main) refers to stm32f1xx_hal_cortex.o(i.HAL_NVIC_SetPriority) for HAL_NVIC_SetPriority
    main.o(i.main) refers to gpio.o(i.MX_GPIO_Init) for MX_GPIO_Init
    main.o(i.main) refers to rtc.o(i.MX_RTC_Init) for MX_RTC_Init
    main.o(i.main) refers to tsl2561.o(i.TSL2561_Init) for TSL2561_Init
    main.o(i.main) refers to oled.o(i.OLED_Init) for OLED_Init
    main.o(i.main) refers to user_oled.o(i.User_huizhang_Show) for User_huizhang_Show
    main.o(i.main) refers to stm32f1xx_hal.o(i.HAL_Delay) for HAL_Delay
    main.o(i.main) refers to oled.o(i.OLED_ClearPic) for OLED_ClearPic
    main.o(i.main) refers to user_oled.o(i.User_Home) for User_Home
    main.o(i.main) refers to user_lightdata.o(i.User_Data_Show) for User_Data_Show
    gpio.o(i.MX_GPIO_Init) refers to stm32f1xx_hal_gpio.o(i.HAL_GPIO_WritePin) for HAL_GPIO_WritePin
    gpio.o(i.MX_GPIO_Init) refers to stm32f1xx_hal_gpio.o(i.HAL_GPIO_Init) for HAL_GPIO_Init
    gpio.o(i.MX_GPIO_Init) refers to stm32f1xx_hal_cortex.o(i.HAL_NVIC_SetPriority) for HAL_NVIC_SetPriority
    gpio.o(i.MX_GPIO_Init) refers to stm32f1xx_hal_cortex.o(i.HAL_NVIC_EnableIRQ) for HAL_NVIC_EnableIRQ
    rtc.o(i.HAL_RTC_MspInit) refers to stm32f1xx_hal_pwr.o(i.HAL_PWR_EnableBkUpAccess) for HAL_PWR_EnableBkUpAccess
    rtc.o(i.MX_RTC_Init) refers to stm32f1xx_hal_rtc.o(i.HAL_RTC_Init) for HAL_RTC_Init
    rtc.o(i.MX_RTC_Init) refers to main.o(i.Error_Handler) for Error_Handler
    rtc.o(i.MX_RTC_Init) refers to stm32f1xx_hal_rtc.o(i.HAL_RTC_SetTime) for HAL_RTC_SetTime
    rtc.o(i.MX_RTC_Init) refers to stm32f1xx_hal_rtc.o(i.HAL_RTC_SetDate) for HAL_RTC_SetDate
    rtc.o(i.MX_RTC_Init) refers to rtc.o(.bss) for .bss
    stm32f1xx_it.o(i.EXTI0_IRQHandler) refers to stm32f1xx_hal_gpio.o(i.HAL_GPIO_EXTI_IRQHandler) for HAL_GPIO_EXTI_IRQHandler
    stm32f1xx_it.o(i.EXTI1_IRQHandler) refers to stm32f1xx_hal_gpio.o(i.HAL_GPIO_EXTI_IRQHandler) for HAL_GPIO_EXTI_IRQHandler
    stm32f1xx_it.o(i.EXTI2_IRQHandler) refers to stm32f1xx_hal_gpio.o(i.HAL_GPIO_EXTI_IRQHandler) for HAL_GPIO_EXTI_IRQHandler
[...]
    ../clib/signal.c                         0x00000000   Number         0  defsig_rtmem_formal.o ABSOLUTE
    ../clib/signal.c                         0x00000000   Number         0  defsig_rtmem_outer.o ABSOLUTE
    ../clib/signal.c                         0x00000000   Number         0  defsig_other.o ABSOLUTE
    ../clib/signal.c                         0x00000000   Number         0  defsig_segv_inner.o ABSOLUTE
    ../clib/signal.c                         0x00000000   Number         0  defsig_cppl_inner.o ABSOLUTE
    ../clib/signal.c                         0x00000000   Number         0  defsig_fpe_inner.o ABSOLUTE
    ../clib/signal.c                         0x00000000   Number         0  defsig_pvfn_inner.o ABSOLUTE
    ../clib/signal.s                         0x00000000   Number         0  defsig.o ABSOLUTE
    ../clib/stdlib.c                         0x00000000   Number         0  exit.o ABSOLUTE
    ../fplib/dretinf.s                       0x00000000   Number         0  dretinf.o ABSOLUTE
    ../fplib/f2d.s                           0x00000000   Number         0  f2d.o ABSOLUTE
    ../fplib/ffix.s                          0x00000000   Number         0  ffix.o ABSOLUTE
    ../fplib/fflt.s                          0x00000000   Number         0  fflt_clz.o ABSOLUTE
    ../fplib/fmul.s                          0x00000000   Number         0  fmul.o ABSOLUTE
    ../fplib/fnaninf.s                       0x00000000   Number         0  fnaninf.o ABSOLUTE
    ../fplib/fpinit.s                        0x00000000   Number         0  fpinit.o ABSOLUTE
    ../fplib/fretinf.s                       0x00000000   Number         0  fretinf.o ABSOLUTE
    ../fplib/istatus.s                       0x00000000   Number         0  istatus.o ABSOLUTE
    ../fplib/printf1.s                       0x00000000   Number         0  printf1.o ABSOLUTE
    ../fplib/usenofp.s                       0x00000000   Number         0  usenofp.o ABSOLUTE
    ../mathlib/fpclassify.c                  0x00000000   Number         0  fpclassify.o ABSOLUTE
    ..\Core\Src\gpio.c                       0x00000000   Number         0  gpio.o ABSOLUTE
    ..\Core\Src\main.c                       0x00000000   Number         0  main.o ABSOLUTE
    ..\Core\Src\rtc.c                        0x00000000   Number         0  rtc.o ABSOLUTE
    ..\Core\Src\stm32f1xx_hal_msp.c          0x00000000   Number         0  stm32f1xx_hal_msp.o ABSOLUTE
    ..\Core\Src\stm32f1xx_it.c               0x00000000   Number         0  stm32f1xx_it.o ABSOLUTE
    ..\Core\Src\system_stm32f1xx.c           0x00000000   Number         0  system_stm32f1xx.o ABSOLUTE
    ..\Drivers\STM32F1xx_HAL_Driver\Src\stm32f1xx_hal.c 0x00000000   Number         0  stm32f1xx_hal.o ABSOLUTE
    ..\Drivers\STM32F1xx_HAL_Driver\Src\stm32f1xx_hal_cortex.c 0x00000000   Number         0  stm32f1xx_hal_cortex.o ABSOLUTE
    ..\Drivers\STM32F1xx_HAL_Driver\Src\stm32f1xx_hal_dma.c 0x00000000   Number         0  stm32f1xx_hal_dma.o ABSOLUTE
    ..\Drivers\STM32F1xx_HAL_Driver\Src\stm32f1xx_hal_exti.c 0x00000000   Number         0  stm32f1xx_hal_exti.o ABSOLUTE
    ..\Drivers\STM32F1xx_HAL_Driver\Src\stm32f1xx_hal_flash.c 0x00000000   Number         0  stm32f1xx_hal_flash.o ABSOLUTE
    ..\Drivers\STM32F1xx_HAL_Driver\Src\stm32f1xx_hal_flash_ex.c 0x00000000   Number         0  stm32f1xx_hal_flash_ex.o ABSOLUTE
    ..\Drivers\STM32F1xx_HAL_Driver\Src\stm32f1xx_hal_gpio.c 0x00000000   Number         0  stm32f1xx_hal_gpio.o ABSOLUTE
    ..\Drivers\STM32F1xx_HAL_Driver\Src\stm32f1xx_hal_gpio_ex.c 0x00000000   Number         0  stm32f1xx_hal_gpio_ex.o ABSOLUTE
    ..\Drivers\STM32F1xx_HAL_Driver\Src\stm32f1xx_hal_pwr.c 0x00000000   Number         0  stm32f1xx_hal_pwr.o ABSOLUTE
    ..\Drivers\STM32F1xx_HAL_Driver\Src\stm32f1xx_hal_rcc.c 0x00000000   Number         0  stm32f1xx_hal_rcc.o ABSOLUTE
    ..\Drivers\STM32F1xx_HAL_Driver\Src\stm32f1xx_hal_rcc_ex.c 0x00000000   Number         0  stm32f1xx_hal_rcc_ex.o ABSOLUTE
    ..\Drivers\STM32F1xx_HAL_Driver\Src\stm32f1xx_hal_rtc.c 0x00000000   Number         0  stm32f1xx_hal_rtc.o ABSOLUTE
    ..\Drivers\STM32F1xx_HAL_Driver\Src\stm32f1xx_hal_rtc_ex.c 0x00000000   Number         0  stm32f1xx_hal_rtc_ex.o ABSOLUTE
    ..\Drivers\STM32F1xx_HAL_Driver\Src\stm32f1xx_hal_tim.c 0x00000000   Number         0  stm32f1xx_hal_tim.o ABSOLUTE
    ..\Drivers\STM32F1xx_HAL_Driver\Src\stm32f1xx_hal_tim_ex.c 0x00000000   Number         0  stm32f1xx_hal_tim_ex.o ABSOLUTE
    ..\OLED_Drive\oled.c                     0x00000000   Number         0  oled.o ABSOLUTE
    ..\\OLED_Drive\\oled.c                   0x00000000   Number         0  oled.o ABSOLUTE
    ..\\user\\tsl2561.c                      0x00000000   Number         0  tsl2561.o ABSOLUTE
    ..\\user\\user_i2c.c                     0x00000000   Number         0  user_i2c.o ABSOLUTE
    ..\\user\\user_key.c                     0x00000000   Number         0  user_key.o ABSOLUTE
    ..\\user\\user_lightdata.c               0x00000000   Number         0  user_lightdata.o ABSOLUTE
    ..\\user\\user_oled.c                    0x00000000   Number         0  user_oled.o ABSOLUTE
    ..\user\tsl2561.c                        0x00000000   Number         0  tsl2561.o ABSOLUTE
    ..\user\user_i2c.c                       0x00000000   Number         0  user_i2c.o ABSOLUTE
    ..\user\user_key.c                       0x00000000   Number         0  user_key.o ABSOLUTE
    ..\user\user_lightdata.c                 0x00000000   Number         0  user_lightdata.o ABSOLUTE
    ..\user\user_oled.c                      0x00000000   Number         0  user_oled.o ABSOLUTE
    dc.s                                     0x00000000   Number         0  dc.o ABSOLUTE
    startup_stm32f103xb.s                    0x00000000   Number         0  startup_stm32f103xb.o ABSOLUTE
    RESET                                    0x08000000   Section      236  startup_stm32f103xb.o(RESET)
    !!!main                                  0x080000ec   Section        8  __main.o(!!!main)
    !!!scatter                               0x080000f4   Section       52  __scatter.o(!!!scatter)
    !!dczerorl2                              0x08000128   Section       90  __dczerorl2.o(!!dczerorl2)
    !!handler_zi                             0x08000184   Section       28  __scatter_zi.o(!!handler_zi)
    .ARM.Collect$$_printf_percent$$00000000  0x080001a0   Section        0  _printf_percent.o(.ARM.Collect$$_printf_percent$$00000000)
    .ARM.Collect$$_printf_percent$$00000003  0x080001a0   Section        6  _printf_f.o(.ARM.Collect$$_printf_percent$$00000003)
    .ARM.Collect$$_printf_percent$$00000009  0x080001a6   Section        6  _printf_d.o(.ARM.Collect$$_printf_percent$$00000009)
    .ARM.Collect$$_printf_percent$$00000017  0x080001ac   Section        4  _printf_percent_end.o(.ARM.Collect$$_printf_percent$$00000017)
    .ARM.Collect$$libinit$$00000000          0x080001b0   Section        2  libinit.o(.ARM.Collect$$libinit$$00000000)
    .ARM.Collect$$libinit$$00000002          0x080001b2   Section        0  libinit2.o(.ARM.Collect$$libinit$$00000002)
    .ARM.Collect$$libinit$$00000004          0x080001b2   Section        0  libinit2.o(.ARM.Collect$$libinit$$00000004)
    .ARM.Collect$$libinit$$0000000A          0x080001b2   Section        0  libinit2.o(.ARM.Collect$$libinit$$0000000A)
    .ARM.Collect$$libinit$$0000000C          0x080001b2   Section        0  libinit2.o(.ARM.Collect$$libinit$$0000000C)
    .ARM.Collect$$libinit$$0000000E          0x080001b2   Section        0  libinit2.o(.ARM.Collect$$libinit$$0000000E)
    .ARM.Collect$$libinit$$0000000F          0x080001b2   Section        6  libinit2.o(.ARM.Collect$$libinit$$0000000F)
    .ARM.Collect$$libinit$$00000011          0x080001b8   Section        0  libinit2.o(.ARM.Collect$$libinit$$00000011)
    .ARM.Collect$$libinit$$00000013          0x080001b8   Section        0  libinit2.o(.ARM.Collect$$libinit$$00000013)
    .ARM.Collect$$libinit$$00000015          0x080001b8   Section        0  libinit2.o(.ARM.Collect$$libinit$$00000015)
    .ARM.Collect$$libinit$$00000016          0x080001b8   Section       10  libinit2.o(.ARM.Collect$$libinit$$00000016)
    .ARM.Collect$$libinit$$00000017          0x080001c2   Section        0  libinit2.o(.ARM.Collect$$libinit$$00000017)
    .ARM.Collect$$libinit$$00000019          0x080001c2   Section        0  libinit2.o(.ARM.Collect$$libinit$$00000019)
    .ARM.Collect$$libinit$$0000001B          0x080001c2   Section        0  libinit2.o(.ARM.Collect$$libinit$$0000001B)
    .ARM.Collect$$libinit$$0000001D          0x080001c2   Section        0  libinit2.o(.ARM.Collect$$libinit$$0000001D)
    .ARM.Collect$$libinit$$0000001F          0x080001c2   Section        0  libinit2.o(.ARM.Collect$$libinit$$0000001F)
    .ARM.Collect$$libinit$$00000021          0x080001c2   Section        0  libinit2.o(.ARM.Collect$$libinit$$00000021)
    .ARM.Collect$$libinit$$00000023          0x080001c2   Section        0  libinit2.o(.ARM.Collect$$libinit$$00000023)
    .ARM.Collect$$libinit$$00000025          0x080001c2   Section        0  libinit2.o(.ARM.Collect$$libinit$$00000025)
    .ARM.Collect$$libinit$$0000002C          0x080001c2   Section        0  libinit2.o(.ARM.Collect$$libinit$$0000002C)
    .ARM.Collect$$libinit$$0000002E          0x080001c2   Section        0  libinit2.o(.ARM.Collect$$libinit$$0000002E)
    .ARM.Collect$$libinit$$00000030          0x080001c2   Section        0  libinit2.o(.ARM.Collect$$libinit$$00000030)
    .ARM.Collect$$libinit$$00000032          0x080001c2   Section        0  libinit2.o(.ARM.Collect$$libinit$$00000032)
    .ARM.Collect$$libinit$$00000033          0x080001c2   Section        2  libinit2.o(.ARM.Collect$$libinit$$00000033)
    .ARM.Collect$$libshutdown$$00000000      0x080001c4   Section        2  libshutdown.o(.ARM.Collect$$libshutdown$$00000000)
    .ARM.Collect$$libshutdown$$00000002      0x080001c6   Section        0  libshutdown2.o(.ARM.Collect$$libshutdown$$00000002)
    .ARM.Collect$$libshutdown$$00000004      0x080001c6   Section        0  libshutdown2.o(.ARM.Collect$$libshutdown$$00000004)
    .ARM.Collect$$libshutdown$$00000006      0x080001c6   Section        0  libshutdown2.o(.ARM.Collect$$libshutdown$$00000006)
    .ARM.Collect$$libshutdown$$00000009      0x080001c6   Section        0  libshutdown2.o(.ARM.Collect$$libshutdown$$00000009)
    .ARM.Collect$$libshutdown$$0000000C      0x080001c6   Section        0  libshutdown2.o(.ARM.Collect$$libshutdown$$0000000C)
    .ARM.Collect$$libshutdown$$0000000E      0x080001c6   Section        0  libshutdown2.o(.ARM.Collect$$libshutdown$$0000000E)
    .ARM.Collect$$libshutdown$$00000011      0x080001c6   Section        0  libshutdown2.o(.ARM.Collect$$libshutdown$$00000011)
    .ARM.Collect$$libshutdown$$00000012      0x080001c6   Section        2  libshutdown2.o(.ARM.Collect$$libshutdown$$00000012)
    .ARM.Collect$$rtentry$$00000000          0x080001c8   Section        0  __rtentry.o(.ARM.Collect$$rtentry$$00000000)
    .ARM.Collect$$rtentry$$00000002          0x080001c8   Section        0  __rtentry2.o(.ARM.Collect$$rtentry$$00000002)
    .ARM.Collect$$rtentry$$00000004          0x080001c8   Section        6  __rtentry4.o(.ARM.Collect$$rtentry$$00000004)
    .ARM.Collect$$rtentry$$00000009          0x080001ce   Section        0  __rtentry2.o(.ARM.Collect$$rtentry$$00000009)
    .ARM.Collect$$rtentry$$0000000A          0x080001ce   Section        4  __rtentry2.o(.ARM.Collect$$rtentry$$0000000A)
    .ARM.Collect$$rtentry$$0000000C          0x080001d2   Section        0  __rtentry2.o(.ARM.Collect$$rtentry$$0000000C)
    .ARM.Collect$$rtentry$$0000000D          0x080001d2   Section        8  __rtentry2.o(.ARM.Collect$$rtentry$$0000000D)
    .ARM.Collect$$rtexit$$00000000           0x080001da   Section        2  rtexit.o(.ARM.Collect$$rtexit$$00000000)
    .ARM.Collect$$rtexit$$00000002           0x080001dc   Section        0  rtexit2.o(.ARM.Collect$$rtexit$$00000002)
    .ARM.Collect$$rtexit$$00000003           0x080001dc   Section        4  rtexit2.o(.ARM.Collect$$rtexit$$00000003)
    .ARM.Collect$$rtexit$$00000004           0x080001e0   Section        6  rtexit2.o(.ARM.Collect$$rtexit$$00000004)
    .text                                    0x080001e8   Section       64  startup_stm32f103xb.o(.text)
    .text                                    0x08000228   Section        0  noretval__2sprintf.o(.text)
    .text                                    0x08000250   Section        0  _printf_pad.o(.text)
    .text                                    0x080002a0   Section        0  _printf_dec.o(.text)
    .text                                    0x08000318   Section        0  __printf_flags_wp.o(.text)
    .text                                    0x08000450   Section      100  rt_memcpy_w.o(.text)
    .text                                    0x080004b4   Section       78  rt_memclr_w.o(.text)
    .text                                    0x08000502   Section        0  heapauxi.o(.text)
    .text                                    0x08000508   Section        0  _printf_intcommon.o(.text)
    .text                                    0x080005ba   Section        0  _printf_fp_dec.o(.text)
    _fp_digits                               0x080005bd   Thumb Code   432  _printf_fp_dec.o(.text)
    .text                                    0x080009d8   Section        0  _printf_char_common.o(.text)
    _printf_input_char                       0x080009d9   Thumb Code    10  _printf_char_common.o(.text)
    .text                                    0x08000a08   Section        0  _sputc.o(.text)
    .text                                    0x08000a14   Section        8  rt_locale_intlibspace.o(.text)
    .text                                    0x08000a1c   Section      138  lludiv10.o(.text)
    .text                                    0x08000aa8   Section        0  _printf_fp_infnan.o(.text)
    .text                                    0x08000b28   Section        0  bigflt0.o(.text)
    .text                                    0x08000c0c   Section        8  libspace.o(.text)
    .text                                    0x08000c14   Section       74  sys_stackheap_outer.o(.text)
    .text                                    0x08000c5e   Section        0  exit.o(.text)
    .text                                    0x08000c70   Section      128  strcmpv7m.o(.text)
    .text                                    0x08000cf0   Section        0  sys_exit.o(.text)
    .text                                    0x08000cfc   Section        2  use_no_semi.o(.text)
    .text                                    0x08000cfe   Section        0  indicate_semi.o(.text)
    CL$$btod_d2e                             0x08000cfe   Section       62  btod.o(CL$$btod_d2e)
    CL$$btod_d2e_denorm_low                  0x08000d3c   Section       70  btod.o(CL$$btod_d2e_denorm_low)
    CL$$btod_d2e_norm_op1                    0x08000d82   Section       96  btod.o(CL$$btod_d2e_norm_op1)
    CL$$btod_div_common                      0x08000de2   Section      824  btod.o(CL$$btod_div_common)
    CL$$btod_e2e                             0x0800111a   Section      220  btod.o(CL$$btod_e2e)
    CL$$btod_ediv                            0x080011f6   Section       42  btod.o(CL$$btod_ediv)
    CL$$btod_emul                            0x08001220   Section       42  btod.o(CL$$btod_emul)
    CL$$btod_mult_common                     0x0800124a   Section      580  btod.o(CL$$btod_mult_common)
    i.BusFault_Handler                       0x0800148e   Section        0  stm32f1xx_it.o(i.BusFault_Handler)
    i.DebugMon_Handler                       0x08001490   Section        0  stm32f1xx_it.o(i.DebugMon_Handler)
    i.EXTI0_IRQHandler                       0x08001492   Section        0  stm32f1xx_it.o(i.EXTI0_IRQHandler)
    i.EXTI1_IRQHandler                       0x08001498   Section        0  stm32f1xx_it.o(i.EXTI1_IRQHandler)
    i.EXTI2_IRQHandler                       0x0800149e   Section        0  stm32f1xx_it.o(i.EXTI2_IRQHandler)
    i.EXTI3_IRQHandler                       0x080014a4   Section        0  stm32f1xx_it.o(i.EXTI3_IRQHandler)
    i.Error_Handler                          0x080014aa   Section        0  main.o(i.Error_Handler)
    i.HAL_Delay                              0x080014b0   Section        0  stm32f1xx_hal.o(i.HAL_Delay)
    i.HAL_GPIO_EXTI_Callback                 0x080014d4   Section        0  user_key.o(i.HAL_GPIO_EXTI_Callback)
    i.HAL_GPIO_EXTI_IRQHandler               0x080015cc   Section        0  stm32f1xx_hal_gpio.o(i.HAL_GPIO_EXTI_IRQHandler)
    i.HAL_GPIO_Init                          0x080015e4   Section        0  stm32f1xx_hal_gpio.o(i.HAL_GPIO_Init)
    i.HAL_GPIO_ReadPin                       0x080017c4   Section        0  stm32f1xx_hal_gpio.o(i.HAL_GPIO_ReadPin)
    i.HAL_GPIO_WritePin                      0x080017ce   Section        0  stm32f1xx_hal_gpio.o(i.HAL_GPIO_WritePin)
    i.HAL_GetTick                            0x080017d8   Section        0  stm32f1xx_hal.o(i.HAL_GetTick)
    i.HAL_IncTick                            0x080017e4   Section        0  stm32f1xx_hal.o(i.HAL_IncTick)
    i.HAL_Init                               0x080017f4   Section        0  stm32f1xx_hal.o(i.HAL_Init)
    i.HAL_InitTick                           0x08001818   Section        0  stm32f1xx_hal.o(i.HAL_InitTick)
    i.HAL_MspInit                            0x08001858   Section        0  stm32f1xx_hal_msp.o(i.HAL_MspInit)
    i.HAL_NVIC_EnableIRQ                     0x08001894   Section        0  stm32f1xx_hal_cortex.o(i.HAL_NVIC_EnableIRQ)
    i.HAL_NVIC_SetPriority                   0x080018b0   Section        0  stm32f1xx_hal_cortex.o(i.HAL_NVIC_SetPriority)
    i.HAL_NVIC_SetPriorityGrouping           0x080018f0   Section        0  stm32f1xx_hal_cortex.o(i.HAL_NVIC_SetPriorityGrouping)
    i.HAL_PWR_EnableBkUpAccess               0x08001914   Section        0  stm32f1xx_hal_pwr.o(i.HAL_PWR_EnableBkUpAccess)
    i.HAL_RCCEx_GetPeriphCLKFreq             0x08001920   Section        0  stm32f1xx_hal_rcc_ex.o(i.HAL_RCCEx_GetPeriphCLKFreq)
    i.HAL_RCCEx_PeriphCLKConfig              0x080019c4   Section        0  stm32f1xx_hal_rcc_ex.o(i.HAL_RCCEx_PeriphCLKConfig)
    i.HAL_RCC_ClockConfig                    0x08001ab0   Section        0  stm32f1xx_hal_rcc.o(i.HAL_RCC_ClockConfig)
    i.HAL_RCC_GetPCLK2Freq                   0x08001bdc   Section        0  stm32f1xx_hal_rcc.o(i.HAL_RCC_GetPCLK2Freq)
    i.HAL_RCC_GetSysClockFreq                0x08001bfc   Section        0  stm32f1xx_hal_rcc.o(i.HAL_RCC_GetSysClockFreq)
    i.HAL_RCC_OscConfig                      0x08001c48   Section        0  stm32f1xx_hal_rcc.o(i.HAL_RCC_OscConfig)
    i.HAL_RTC_Init                           0x08001f68   Section        0  stm32f1xx_hal_rtc.o(i.HAL_RTC_Init)
    i.HAL_RTC_MspInit                        0x08001ffc   Section        0  rtc.o(i.HAL_RTC_MspInit)
    i.HAL_RTC_SetDate                        0x08002030   Section        0  stm32f1xx_hal_rtc.o(i.HAL_RTC_SetDate)
    i.HAL_RTC_SetTime                        0x080020f4   Section        0  stm32f1xx_hal_rtc.o(i.HAL_RTC_SetTime)
    i.HAL_RTC_WaitForSynchro                 0x080021a0   Section        0  stm32f1xx_hal_rtc.o(i.HAL_RTC_WaitForSynchro)
    i.HAL_SYSTICK_Config                     0x080021da   Section        0  stm32f1xx_hal_cortex.o(i.HAL_SYSTICK_Config)
    i.HardFault_Handler                      0x08002202   Section        0  stm32f1xx_it.o(i.HardFault_Handler)
    i.I2C_Delay                              0x08002204   Section        0  user_i2c.o(i.I2C_Delay)
    i.I2C_End                                0x0800220c   Section        0  user_i2c.o(i.I2C_End)
    i.I2C_Get_ACK                            0x0800222c   Section        0  user_i2c.o(i.I2C_Get_ACK)
    i.I2C_ReadByte                           0x08002252   Section        0  user_i2c.o(i.I2C_ReadByte)
    i.I2C_Read_Len                           0x08002294   Section        0  user_i2c.o(i.I2C_Read_Len)
    i.I2C_Read_SDA                           0x080022dc   Section        0  user_i2c.o(i.I2C_Read_SDA)
    i.I2C_SendByte                           0x080022ec   Section        0  user_i2c.o(i.I2C_SendByte)
    i.I2C_Send_ACK                           0x08002326   Section        0  user_i2c.o(i.I2C_Send_ACK)
    i.I2C_Start                              0x0800234a   Section        0  user_i2c.o(i.I2C_Start)
    i.I2C_Write_Len                          0x08002370   Section        0  user_i2c.o(i.I2C_Write_Len)
    i.I2C_Write_SCL                          0x080023a4   Section        0  user_i2c.o(i.I2C_Write_SCL)
    i.I2C_Write_SDA                          0x080023b4   Section        0  user_i2c.o(i.I2C_Write_SDA)
    i.MX_GPIO_Init                           0x080023c4   Section        0  gpio.o(i.MX_GPIO_Init)
    i.MX_RTC_Init                            0x080024d8   Section        0  rtc.o(i.MX_RTC_Init)
    i.MemManage_Handler                      0x08002550   Section        0  stm32f1xx_it.o(i.MemManage_Handler)
    i.NMI_Handler                            0x08002552   Section        0  stm32f1xx_it.o(i.NMI_Handler)
    i.OLED_Chinese16                         0x08002554   Section        0  oled.o(i.OLED_Chinese16)
    i.OLED_Clear                             0x080025ac   Section        0  oled.o(i.OLED_Clear)
    i.OLED_ClearPic                          0x080025f0   Section        0  oled.o(i.OLED_ClearPic)
    i.OLED_DrawPoint                         0x08002610   Section        0  oled.o(i.OLED_DrawPoint)
    i.OLED_I2C_Init                          0x08002640   Section        0  oled.o(i.OLED_I2C_Init)
    i.OLED_I2C_SendByte                      0x08002660   Section        0  oled.o(i.OLED_I2C_SendByte)
    i.OLED_I2C_Start                         0x080026b4   Section        0  oled.o(i.OLED_I2C_Start)
    i.OLED_I2C_Stop                          0x080026e8   Section        0  oled.o(i.OLED_I2C_Stop)
    i.OLED_Init                              0x08002714   Section        0  oled.o(i.OLED_Init)
    i.OLED_Refresh                           0x080027c0   Section        0  oled.o(i.OLED_Refresh)
    i.OLED_SetCursor                         0x08002800   Section        0  oled.o(i.OLED_SetCursor)
    i.OLED_ShowChar                          0x08002824   Section        0  oled.o(i.OLED_ShowChar)
    i.OLED_ShowPicture                       0x0800288c   Section        0  oled.o(i.OLED_ShowPicture)
    i.OLED_ShowString                        0x08002928   Section        0  oled.o(i.OLED_ShowString)
    i.OLED_WriteCommand                      0x0800294e   Section        0  oled.o(i.OLED_WriteCommand)
    i.OLED_WriteData                         0x08002970   Section        0  oled.o(i.OLED_WriteData)
    i.PendSV_Handler                         0x08002992   Section        0  stm32f1xx_it.o(i.PendSV_Handler)
    i.RTC_Bcd2ToByte                         0x08002994   Section        0  stm32f1xx_hal_rtc.o(i.RTC_Bcd2ToByte)
    RTC_Bcd2ToByte                           0x08002995   Thumb Code    18  stm32f1xx_hal_rtc.o(i.RTC_Bcd2ToByte)
    i.RTC_EnterInitMode                      0x080029a6   Section        0  stm32f1xx_hal_rtc.o(i.RTC_EnterInitMode)
    RTC_EnterInitMode                        0x080029a7   Thumb Code    52  stm32f1xx_hal_rtc.o(i.RTC_EnterInitMode)
    i.RTC_ExitInitMode                       0x080029dc   Section        0  stm32f1xx_hal_rtc.o(i.RTC_ExitInitMode)
    RTC_ExitInitMode                         0x080029dd   Thumb Code    54  stm32f1xx_hal_rtc.o(i.RTC_ExitInitMode)
    i.RTC_ReadAlarmCounter                   0x08002a12   Section        0  stm32f1xx_hal_rtc.o(i.RTC_ReadAlarmCounter)
    RTC_ReadAlarmCounter                     0x08002a13   Thumb Code    14  stm32f1xx_hal_rtc.o(i.RTC_ReadAlarmCounter)
    i.RTC_ReadTimeCounter                    0x08002a20   Section        0  stm32f1xx_hal_rtc.o(i.RTC_ReadTimeCounter)
    RTC_ReadTimeCounter                      0x08002a21   Thumb Code    32  stm32f1xx_hal_rtc.o(i.RTC_ReadTimeCounter)
    i.RTC_WeekDayNum                         0x08002a40   Section        0  stm32f1xx_hal_rtc.o(i.RTC_WeekDayNum)
    RTC_WeekDayNum                           0x08002a41   Thumb Code    86  stm32f1xx_hal_rtc.o(i.RTC_WeekDayNum)
    i.RTC_WriteAlarmCounter                  0x08002a96   Section        0  stm32f1xx_hal_rtc.o(i.RTC_WriteAlarmCounter)
    RTC_WriteAlarmCounter                    0x08002a97   Thumb Code    40  stm32f1xx_hal_rtc.o(i.RTC_WriteAlarmCounter)
    i.RTC_WriteTimeCounter                   0x08002abe   Section        0  stm32f1xx_hal_rtc.o(i.RTC_WriteTimeCounter)
    RTC_WriteTimeCounter                     0x08002abf   Thumb Code    40  stm32f1xx_hal_rtc.o(i.RTC_WriteTimeCounter)
    i.SVC_Handler                            0x08002ae6   Section        0  stm32f1xx_it.o(i.SVC_Handler)
    i.SysTick_Handler                        0x08002ae8   Section        0  stm32f1xx_it.o(i.SysTick_Handler)
    i.SystemClock_Config                     0x08002aec   Section        0  main.o(i.SystemClock_Config)
    i.SystemInit                             0x08002b6c   Section        0  system_stm32f1xx.o(i.SystemInit)
    i.TSL2561_Init                           0x08002b6e   Section        0  tsl2561.o(i.TSL2561_Init)
    i.TSL2561_LED_on                         0x08002b8c   Section        0  tsl2561.o(i.TSL2561_LED_on)
    i.TSL2561_ReadData                       0x08002b9c   Section        0  tsl2561.o(i.TSL2561_ReadData)
    i.TSL2561_off                            0x08002bc0   Section        0  tsl2561.o(i.TSL2561_off)
    i.TSL2561_on                             0x08002bd0   Section        0  tsl2561.o(i.TSL2561_on)
    i.UsageFault_Handler                     0x08002be0   Section        0  stm32f1xx_it.o(i.UsageFault_Handler)
    i.User_DataChoice_Show                   0x08002be4   Section        0  user_lightdata.o(i.User_DataChoice_Show)
    i.User_Data_Show                         0x08002ddc   Section        0  user_lightdata.o(i.User_Data_Show)
    i.User_DeleteData                        0x08002f54   Section        0  user_lightdata.o(i.User_DeleteData)
    i.User_Detect_Show                       0x08002f94   Section        0  user_lightdata.o(i.User_Detect_Show)
    i.User_Home                              0x08002fd0   Section        0  user_oled.o(i.User_Home)
    i.User_huizhang_Show                     0x08002fec   Section        0  user_oled.o(i.User_huizhang_Show)
    i.__ARM_fpclassify                       0x08003028   Section        0  fpclassify.o(i.__ARM_fpclassify)
    i.__NVIC_SetPriority                     0x08003050   Section        0  stm32f1xx_hal_cortex.o(i.__NVIC_SetPriority)
    __NVIC_SetPriority                       0x08003051   Thumb Code    32  stm32f1xx_hal_cortex.o(i.__NVIC_SetPriority)
    i._is_digit                              0x08003070   Section        0  __printf_wp.o(i._is_digit)
    i.main                                   0x0800307e   Section        0  main.o(i.main)
    locale$$code                             0x080030c8   Section       44  lc_numeric_c.o(locale$$code)
    x$fpl$dretinf                            0x080030f4   Section       12  dretinf.o(x$fpl$dretinf)
    x$fpl$f2d                                0x08003100   Section       86  f2d.o(x$fpl$f2d)
    x$fpl$ffltu                              0x08003158   Section       38  fflt_clz.o(x$fpl$ffltu)
    x$fpl$fnaninf                            0x0800317e   Section      140  fnaninf.o(x$fpl$fnaninf)
    x$fpl$printf1                            0x0800320a   Section        4  printf1.o(x$fpl$printf1)
    .constdata                               0x0800320e   Section       18  stm32f1xx_hal_rcc.o(.constdata)
    x$fpl$usenofp                            0x0800320e   Section        0  usenofp.o(x$fpl$usenofp)
    aPredivFactorTable                       0x0800320e   Data           2  stm32f1xx_hal_rcc.o(.constdata)
    aPLLMULFactorTable                       0x08003210   Data          16  stm32f1xx_hal_rcc.o(.constdata)
    .constdata                               0x08003220   Section       18  stm32f1xx_hal_rcc_ex.o(.constdata)
    aPredivFactorTable                       0x08003220   Data           2  stm32f1xx_hal_rcc_ex.o(.constdata)
    aPLLMULFactorTable                       0x08003222   Data          16  stm32f1xx_hal_rcc_ex.o(.constdata)
    .constdata                               0x08003232   Section       16  system_stm32f1xx.o(.constdata)
    .constdata                               0x08003242   Section        8  system_stm32f1xx.o(.constdata)
    .constdata                               0x0800324a   Section     2304  oled.o(.constdata)
    .constdata                               0x08003b4c   Section      120  user_lightdata.o(.constdata)
    .constdata                               0x08003bc4   Section       17  __printf_flags_wp.o(.constdata)
    maptable                                 0x08003bc4   Data          17  __printf_flags_wp.o(.constdata)
    .constdata                               0x08003bd8   Section      148  bigflt0.o(.constdata)
    tenpwrs_x                                0x08003bd8   Data          60  bigflt0.o(.constdata)
    tenpwrs_i                                0x08003c14   Data          64  bigflt0.o(.constdata)
    locale$$data                             0x08003c8c   Section       28  lc_numeric_c.o(locale$$data)
    __lcnum_c_name                           0x08003c90   Data           2  lc_numeric_c.o(locale$$data)
    __lcnum_c_start                          0x08003c98   Data           0  lc_numeric_c.o(locale$$data)
    __lcnum_c_point                          0x08003ca4   Data           0  lc_numeric_c.o(locale$$data)
    __lcnum_c_thousands                      0x08003ca6   Data           0  lc_numeric_c.o(locale$$data)
    __lcnum_c_grouping                       0x08003ca7   Data           0  lc_numeric_c.o(locale$$data)
    __lcnum_c_end                            0x08003ca8   Data           0  lc_numeric_c.o(locale$$data)
    .data                                    0x20000000   Section       12  stm32f1xx_hal.o(.data)
    .data                                    0x2000000c   Section        4  system_stm32f1xx.o(.data)
    .data                                    0x20000010   Section     1024  oled.o(.data)
    .data                                    0x20000410   Section     2104  user_oled.o(.data)
    .data                                    0x20000c48   Section        4  user_key.o(.data)
    .data                                    0x20000c4c   Section        4  user_lightdata.o(.data)
    .bss                                     0x20000c50   Section       20  rtc.o(.bss)
    .bss                                     0x20000c64   Section     1024  oled.o(.bss)
    .bss                                     0x20001064   Section      396  user_lightdata.o(.bss)
    .bss                                     0x200011f0   Section       96  libspace.o(.bss)
    HEAP                                     0x20001250   Section      512  startup_stm32f103xb.o(HEAP)
    Heap_Mem                                 0x20001250   Data         512  startup_stm32f103xb.o(HEAP)
    STACK                                    0x20001450   Section     1024  startup_stm32f103xb.o(STACK)
    Stack_Mem                                0x20001450   Data        1024  startup_stm32f103xb.o(STACK)
    __initial_sp                             0x20001850   Data           0  startup_stm32f103xb.o(STACK)

    Global Symbols

    Symbol Name                              Value     Ov Type        Size  Object(Section)

    BuildAttributes$$THM_ISAv4$P$D$K$B$S$PE$A:L22UL41UL21$X:L11$S22US41US21$IEEE1$IW$USESV6$~STKCKD$USESV7$~SHL$OTIME$ROPI$IEEEJ$EBA8$UX$STANDARDLIB$REQ8$PRES8$EABIv2 0x00000000   Number         0  anon$$obj.o ABSOLUTE
    __ARM_use_no_argv                        0x00000000   Number         0  main.o ABSOLUTE
    _printf_flags                            0x00000000   Number         0  printf_stubs.o ABSOLUTE
    _printf_return_value                     0x00000000   Number         0  printf_stubs.o ABSOLUTE
    _printf_sizespec                         0x00000000   Number         0  printf_stubs.o ABSOLUTE
    _printf_widthprec                        0x00000000   Number         0  printf_stubs.o ABSOLUTE
    __ARM_exceptions_init                     - Undefined Weak Reference
    __alloca_initialize                       - Undefined Weak Reference
    __arm_fini_                               - Undefined Weak Reference
    __arm_preinit_                            - Undefined Weak Reference
    __cpp_initialize__aeabi_                  - Undefined Weak Reference
    __cxa_finalize                            - Undefined Weak Reference
    __sigvec_lookup                           - Undefined Weak Reference
    _atexit_init                              - Undefined Weak Reference
    _call_atexit_fns                          - Undefined Weak Reference
    _clock_init                               - Undefined Weak Reference
    _fp_trap_init                             - Undefined Weak Reference
    _fp_trap_shutdown                         - Undefined Weak Reference
    _get_lc_collate                           - Undefined Weak Reference
    _get_lc_ctype                             - Undefined Weak Reference
    _get_lc_monetary                          - Undefined Weak Reference
    _get_lc_time                              - Undefined Weak Reference
    _getenv_init                              - Undefined Weak Reference
    _handle_redirection                       - Undefined Weak Reference
    _init_alloc                               - Undefined Weak Reference
    _init_user_alloc                          - Undefined Weak Reference
    _initio                                   - Undefined Weak Reference
    _printf_truncate_signed                   - Undefined Weak Reference
    _printf_truncate_unsigned                 - Undefined Weak Reference
    _rand_init                                - Undefined Weak Reference
    _signal_finish                            - Undefined Weak Reference
    _signal_init                              - Undefined Weak Reference
    _terminate_alloc                          - Undefined Weak Reference
    _terminate_user_alloc                     - Undefined Weak Reference
    _terminateio                              - Undefined Weak Reference
    __Vectors_Size                           0x000000ec   Number         0  startup_stm32f103xb.o ABSOLUTE
    __Vectors                                0x08000000   Data           4  startup_stm32f103xb.o(RESET)
    __Vectors_End                            0x080000ec   Data           0  startup_stm32f103xb.o(RESET)
    __main                                   0x080000ed   Thumb Code     8  __main.o(!!!main)
    __scatterload                            0x080000f5   Thumb Code     0  __scatter.o(!!!scatter)
    __scatterload_rt2                        0x080000f5   Thumb Code    44  __scatter.o(!!!scatter)
    __scatterload_rt2_thumb_only             0x080000f5   Thumb Code     0  __scatter.o(!!!scatter)
    __scatterload_null                       0x08000103   Thumb Code     0  __scatter.o(!!!scatter)
    __decompress                             0x08000129   Thumb Code    90  __dczerorl2.o(!!dczerorl2)
    __decompress1                            0x08000129   Thumb Code     0  __dczerorl2.o(!!dczerorl2)
    __scatterload_zeroinit                   0x08000185   Thumb Code    28  __scatter_zi.o(!!handler_zi)
    _printf_f                                0x080001a1   Thumb Code     0  _printf_f.o(.ARM.Collect$$_printf_percent$$00000003)
    _printf_percent                          0x080001a1   Thumb Code     0  _printf_percent.o(.ARM.Collect$$_printf_percent$$00000000)
    _printf_d                                0x080001a7   Thumb Code     0  _printf_d.o(.ARM.Collect$$_printf_percent$$00000009)
    _printf_percent_end                      0x080001ad   Thumb Code     0  _printf_percent_end.o(.ARM.Collect$$_printf_percent$$00000017)
    __rt_lib_init                            0x080001b1   Thumb Code     0  libinit.o(.ARM.Collect$$libinit$$00000000)
    __rt_lib_init_fp_1                       0x080001b3   Thumb Code     0  libinit2.o(.ARM.Collect$$libinit$$00000002)
    __rt_lib_init_heap_1                     0x080001b3   Thumb Code     0  libinit2.o(.ARM.Collect$$libinit$$0000000A)
    __rt_lib_init_lc_common                  0x080001b3   Thumb Code     0  libinit2.o(.ARM.Collect$$libinit$$0000000F)
    __rt_lib_init_preinit_1                  0x080001b3   Thumb Code     0  libinit2.o(.ARM.Collect$$libinit$$00000004)
    __rt_lib_init_rand_1                     0x080001b3   Thumb Code     0  libinit2.o(.ARM.Collect$$libinit$$0000000E)
    __rt_lib_init_user_alloc_1               0x080001b3   Thumb Code     0  libinit2.o(.ARM.Collect$$libinit$$0000000C)
    __rt_lib_init_lc_collate_1               0x080001b9   Thumb Code     0  libinit2.o(.ARM.Collect$$libinit$$00000011)
    __rt_lib_init_lc_ctype_1                 0x080001b9   Thumb Code     0  libinit2.o(.ARM.Collect$$libinit$$00000013)
    __rt_lib_init_lc_monetary_1              0x080001b9   Thumb Code     0  libinit2.o(.ARM.Collect$$libinit$$00000015)
    __rt_lib_init_lc_numeric_2               0x080001b9   Thumb Code     0  libinit2.o(.ARM.Collect$$libinit$$00000016)
    __rt_lib_init_alloca_1                   0x080001c3   Thumb Code     0  libinit2.o(.ARM.Collect$$libinit$$0000002E)
    __rt_lib_init_argv_1                     0x080001c3   Thumb Code     0  libinit2.o(.ARM.Collect$$libinit$$0000002C)
    __rt_lib_init_atexit_1                   0x080001c3   Thumb Code     0  libinit2.o(.ARM.Collect$$libinit$$0000001B)
    __rt_lib_init_clock_1                    0x080001c3   Thumb Code     0  libinit2.o(.ARM.Collect$$libinit$$00000021)
    __rt_lib_init_cpp_1                      0x080001c3   Thumb Code     0  libinit2.o(.ARM.Collect$$libinit$$00000032)
    __rt_lib_init_exceptions_1               0x080001c3   Thumb Code     0  libinit2.o(.ARM.Collect$$libinit$$00000030)
    __rt_lib_init_fp_trap_1                  0x080001c3   Thumb Code     0  libinit2.o(.ARM.Collect$$libinit$$0000001F)
    __rt_lib_init_getenv_1                   0x080001c3   Thumb Code     0  libinit2.o(.ARM.Collect$$libinit$$00000023)
    __rt_lib_init_lc_numeric_1               0x080001c3   Thumb Code     0  libinit2.o(.ARM.Collect$$libinit$$00000017)
    __rt_lib_init_lc_time_1                  0x080001c3   Thumb Code     0  libinit2.o(.ARM.Collect$$libinit$$00000019)
    __rt_lib_init_return                     0x080001c3   Thumb Code     0  libinit2.o(.ARM.Collect$$libinit$$00000033)
    __rt_lib_init_signal_1                   0x080001c3   Thumb Code     0  libinit2.o(.ARM.Collect$$libinit$$0000001D)
    __rt_lib_init_stdio_1                    0x080001c3   Thumb Code     0  libinit2.o(.ARM.Collect$$libinit$$00000025)
    __rt_lib_shutdown                        0x080001c5   Thumb Code     0  libshutdown.o(.ARM.Collect$$libshutdown$$00000000)
    __rt_lib_shutdown_cpp_1                  0x080001c7   Thumb Code     0  libshutdown2.o(.ARM.Collect$$libshutdown$$00000004)
    __rt_lib_shutdown_fini_1                 0x080001c7   Thumb Code     0  libshutdown2.o(.ARM.Collect$$libshutdown$$00000002)
    __rt_lib_shutdown_fp_trap_1              0x080001c7   Thumb Code     0  libshutdown2.o(.ARM.Collect$$libshutdown$$00000009)
    __rt_lib_shutdown_heap_1                 0x080001c7   Thumb Code     0  libshutdown2.o(.ARM.Collect$$libshutdown$$00000011)
    __rt_lib_shutdown_return                 0x080001c7   Thumb Code     0  libshutdown2.o(.ARM.Collect$$libshutdown$$00000012)
    __rt_lib_shutdown_signal_1               0x080001c7   Thumb Code     0  libshutdown2.o(.ARM.Collect$$libshutdown$$0000000C)
    __rt_lib_shutdown_stdio_1                0x080001c7   Thumb Code     0  libshutdown2.o(.ARM.Collect$$libshutdown$$00000006)
    __rt_lib_shutdown_user_alloc_1           0x080001c7   Thumb Code     0  libshutdown2.o(.ARM.Collect$$libshutdown$$0000000E)
    __rt_entry                               0x080001c9   Thumb Code     0  __rtentry.o(.ARM.Collect$$rtentry$$00000000)
    __rt_entry_presh_1                       0x080001c9   Thumb Code     0  __rtentry2.o(.ARM.Collect$$rtentry$$00000002)
    __rt_entry_sh                            0x080001c9   Thumb Code     0  __rtentry4.o(.ARM.Collect$$rtentry$$00000004)
    __rt_entry_li                            0x080001cf   Thumb Code     0  __rtentry2.o(.ARM.Collect$$rtentry$$0000000A)
    __rt_entry_postsh_1                      0x080001cf   Thumb Code     0  __rtentry2.o(.ARM.Collect$$rtentry$$00000009)
    __rt_entry_main                          0x080001d3   Thumb Code     0  __rtentry2.o(.ARM.Collect$$rtentry$$0000000D)
    __rt_entry_postli_1                      0x080001d3   Thumb Code     0  __rtentry2.o(.ARM.Collect$$rtentry$$0000000C)
    __rt_exit                                0x080001db   Thumb Code     0  rtexit.o(.ARM.Collect$$rtexit$$00000000)
    __rt_exit_ls                             0x080001dd   Thumb Code     0  rtexit2.o(.ARM.Collect$$rtexit$$00000003)
    __rt_exit_prels_1                        0x080001dd   Thumb Code     0  rtexit2.o(.ARM.Collect$$rtexit$$00000002)
    __rt_exit_exit                           0x080001e1   Thumb Code     0  rtexit2.o(.ARM.Collect$$rtexit$$00000004)
    Reset_Handler                            0x080001e9   Thumb Code     8  startup_stm32f103xb.o(.text)
    ADC1_2_IRQHandler                        0x08000203   Thumb Code     0  startup_stm32f103xb.o(.text)
    CAN1_RX1_IRQHandler                      0x08000203   Thumb Code     0  startup_stm32f103xb.o(.text)
    CAN1_SCE_IRQHandler                      0x08000203   Thumb Code     0  startup_stm32f103xb.o(.text)
    DMA1_Channel1_IRQHandler                 0x08000203   Thumb Code     0  startup_stm32f103xb.o(.text)
    DMA1_Channel2_IRQHandler                 0x08000203   Thumb Code     0  startup_stm32f103xb.o(.text)
    DMA1_Channel3_IRQHandler                 0x08000203   Thumb Code     0  startup_stm32f103xb.o(.text)
    DMA1_Channel4_IRQHandler                 0x08000203   Thumb Code     0  startup_stm32f103xb.o(.text)
    DMA1_Channel5_IRQHandler                 0x08000203   Thumb Code     0  startup_stm32f103xb.o(.text)
    DMA1_Channel6_IRQHandler                 0x08000203   Thumb Code     0  startup_stm32f103xb.o(.text)
    DMA1_Channel7_IRQHandler                 0x08000203   Thumb Code     0  startup_stm32f103xb.o(.text)
    EXTI15_10_IRQHandler                     0x08000203   Thumb Code     0  startup_stm32f103xb.o(.text)
    EXTI4_IRQHandler                         0x08000203   Thumb Code     0  startup_stm32f103xb.o(.text)
    EXTI9_5_IRQHandler                       0x08000203   Thumb Code     0  startup_stm32f103xb.o(.text)
    FLASH_IRQHandler                         0x08000203   Thumb Code     0  startup_stm32f103xb.o(.text)
    I2C1_ER_IRQHandler                       0x08000203   Thumb Code     0  startup_stm32f103xb.o(.text)
    I2C1_EV_IRQHandler                       0x08000203   Thumb Code     0  startup_stm32f103xb.o(.text)
    I2C2_ER_IRQHandler                       0x08000203   Thumb Code     0  startup_stm32f103xb.o(.text)
    I2C2_EV_IRQHandler                       0x08000203   Thumb Code     0  startup_stm32f103xb.o(.text)
    PVD_IRQHandler                           0x08000203   Thumb Code     0  startup_stm32f103xb.o(.text)
    RCC_IRQHandler                           0x08000203   Thumb Code     0  startup_stm32f103xb.o(.text)
    RTC_Alarm_IRQHandler                     0x08000203   Thumb Code     0  startup_stm32f103xb.o(.text)
    RTC_IRQHandler                           0x08000203   Thumb Code     0  startup_stm32f103xb.o(.text)
    SPI1_IRQHandler                          0x08000203   Thumb Code     0  startup_stm32f103xb.o(.text)
    SPI2_IRQHandler                          0x08000203   Thumb Code     0  startup_stm32f103xb.o(.text)
    TAMPER_IRQHandler                        0x08000203   Thumb Code     0  startup_stm32f103xb.o(.text)
    TIM1_BRK_IRQHandler                      0x08000203   Thumb Code     0  startup_stm32f103xb.o(.text)
    TIM1_CC_IRQHandler                       0x08000203   Thumb Code     0  startup_stm32f103xb.o(.text)
    TIM1_TRG_COM_IRQHandler                  0x08000203   Thumb Code     0  startup_stm32f103xb.o(.text)
    TIM1_UP_IRQHandler                       0x08000203   Thumb Code     0  startup_stm32f103xb.o(.text)
    TIM2_IRQHandler                          0x08000203   Thumb Code     0  startup_stm32f103xb.o(.text)
    TIM3_IRQHandler                          0x08000203   Thumb Code     0  startup_stm32f103xb.o(.text)
    TIM4_IRQHandler                          0x08000203   Thumb Code     0  startup_stm32f103xb.o(.text)
    USART1_IRQHandler                        0x08000203   Thumb Code     0  startup_stm32f103xb.o(.text)
    USART2_IRQHandler                        0x08000203   Thumb Code     0  startup_stm32f103xb.o(.text)
    USART3_IRQHandler                        0x08000203   Thumb Code     0  startup_stm32f103xb.o(.text)
    USBWakeUp_IRQHandler                     0x08000203   Thumb Code     0  startup_stm32f103xb.o(.text)
    USB_HP_CAN1_TX_IRQHandler                0x08000203   Thumb Code     0  startup_stm32f103xb.o(.text)
    USB_LP_CAN1_RX0_IRQHandler               0x08000203   Thumb Code     0  startup_stm32f103xb.o(.text)
    WWDG_IRQHandler                          0x08000203   Thumb Code     0  startup_stm32f103xb.o(.text)
    __user_initial_stackheap                 0x08000205   Thumb Code     0  startup_stm32f103xb.o(.text)
    __2sprintf                               0x08000229   Thumb Code    34  noretval__2sprintf.o(.text)
    _printf_pre_padding                      0x08000251   Thumb Code    44  _printf_pad.o(.text)
    _printf_post_padding                     0x0800027d   Thumb Code    34  _printf_pad.o(.text)
    _printf_int_dec                          0x080002a1   Thumb Code   104  _printf_dec.o(.text)
    __printf                                 0x08000319   Thumb Code   308  __printf_flags_wp.o(.text)
    __aeabi_memcpy4                          0x08000451   Thumb Code     0  rt_memcpy_w.o(.text)
    __aeabi_memcpy8                          0x08000451   Thumb Code     0  rt_memcpy_w.o(.text)
    __rt_memcpy_w                            0x08000451   Thumb Code   100  rt_memcpy_w.o(.text)
    _memcpy_lastbytes_aligned                0x08000499   Thumb Code     0  rt_memcpy_w.o(.text)
    __aeabi_memclr4                          0x080004b5   Thumb Code     0  rt_memclr_w.o(.text)
    __aeabi_memclr8                          0x080004b5   Thumb Code     0  rt_memclr_w.o(.text)
    __rt_memclr_w                            0x080004b5   Thumb Code    78  rt_memclr_w.o(.text)
    _memset_w                                0x080004b9   Thumb Code     0  rt_memclr_w.o(.text)
    __use_two_region_memory                  0x08000503   Thumb Code     2  heapauxi.o(.text)
    __rt_heap_escrow$2region                 0x08000505   Thumb Code     2  heapauxi.o(.text)
    __rt_heap_expand$2region                 0x08000507   Thumb Code     2  heapauxi.o(.text)
    _printf_int_common                       0x08000509   Thumb Code   178  _printf_intcommon.o(.text)
    __lib_sel_fp_printf                      0x080005bb   Thumb Code     2  _printf_fp_dec.o(.text)
    _printf_fp_dec_real                      0x0800076d   Thumb Code   620  _printf_fp_dec.o(.text)
    _printf_char_common                      0x080009e3   Thumb Code    32  _printf_char_common.o(.text)
    _sputc                                   0x08000a09   Thumb Code    10  _sputc.o(.text)
    __rt_locale                              0x08000a15   Thumb Code     8  rt_locale_intlibspace.o(.text)
    _ll_udiv10                               0x08000a1d   Thumb Code   138  lludiv10.o(.text)
    _printf_fp_infnan                        0x08000aa9   Thumb Code   112  _printf_fp_infnan.o(.text)
    _btod_etento                             0x08000b29   Thumb Code   224  bigflt0.o(.text)
    __user_libspace                          0x08000c0d   Thumb Code     8  libspace.o(.text)
    __user_perproc_libspace                  0x08000c0d   Thumb Code     0  libspace.o(.text)
    __user_perthread_libspace                0x08000c0d   Thumb Code     0  libspace.o(.text)
    __user_setup_stackheap                   0x08000c15   Thumb Code    74  sys_stackheap_outer.o(.text)
    exit                                     0x08000c5f   Thumb Code    18  exit.o(.text)
    strcmp                                   0x08000c71   Thumb Code   128  strcmpv7m.o(.text)
    _sys_exit                                0x08000cf1   Thumb Code     8  sys_exit.o(.text)
    __I$use$semihosting                      0x08000cfd   Thumb Code     0  use_no_semi.o(.text)
    __use_no_semihosting_swi                 0x08000cfd   Thumb Code     2  use_no_semi.o(.text)
    __semihosting_library_function           0x08000cff   Thumb Code     0  indicate_semi.o(.text)
    _btod_d2e                                0x08000cff   Thumb Code    62  btod.o(CL$$btod_d2e)
    _d2e_denorm_low                          0x08000d3d   Thumb Code    70  btod.o(CL$$btod_d2e_denorm_low)
    _d2e_norm_op1                            0x08000d83   Thumb Code    96  btod.o(CL$$btod_d2e_norm_op1)
    __btod_div_common                        0x08000de3   Thumb Code   696  btod.o(CL$$btod_div_common)
    _e2e                                     0x0800111b   Thumb Code   220  btod.o(CL$$btod_e2e)
    _btod_ediv                               0x080011f7   Thumb Code    42  btod.o(CL$$btod_ediv)
    _btod_emul                               0x08001221   Thumb Code    42  btod.o(CL$$btod_emul)
    __btod_mult_common                       0x0800124b   Thumb Code   580  btod.o(CL$$btod_mult_common)
    BusFault_Handler                         0x0800148f   Thumb Code     2  stm32f1xx_it.o(i.BusFault_Handler)
    DebugMon_Handler                         0x08001491   Thumb Code     2  stm32f1xx_it.o(i.DebugMon_Handler)
    EXTI0_IRQHandler                         0x08001493   Thumb Code     6  stm32f1xx_it.o(i.EXTI0_IRQHandler)
    EXTI1_IRQHandler                         0x08001499   Thumb Code     6  stm32f1xx_it.o(i.EXTI1_IRQHandler)
    EXTI2_IRQHandler                         0x0800149f   Thumb Code     6  stm32f1xx_it.o(i.EXTI2_IRQHandler)
    EXTI3_IRQHandler                         0x080014a5   Thumb Code     6  stm32f1xx_it.o(i.EXTI3_IRQHandler)
    Error_Handler                            0x080014ab   Thumb Code     4  main.o(i.Error_Handler)
    HAL_Delay                                0x080014b1   Thumb Code    32  stm32f1xx_hal.o(i.HAL_Delay)
    HAL_GPIO_EXTI_Callback                   0x080014d5   Thumb Code   234  user_key.o(i.HAL_GPIO_EXTI_Callback)
    HAL_GPIO_EXTI_IRQHandler                 0x080015cd   Thumb Code    18  stm32f1xx_hal_gpio.o(i.HAL_GPIO_EXTI_IRQHandler)
    HAL_GPIO_Init                            0x080015e5   Thumb Code   446  stm32f1xx_hal_gpio.o(i.HAL_GPIO_Init)
    HAL_GPIO_ReadPin                         0x080017c5   Thumb Code    10  stm32f1xx_hal_gpio.o(i.HAL_GPIO_ReadPin)
    HAL_GPIO_WritePin                        0x080017cf   Thumb Code    10  stm32f1xx_hal_gpio.o(i.HAL_GPIO_WritePin)
    HAL_GetTick                              0x080017d9   Thumb Code     6  stm32f1xx_hal.o(i.HAL_GetTick)
    HAL_IncTick                              0x080017e5   Thumb Code    12  stm32f1xx_hal.o(i.HAL_IncTick)
    HAL_Init                                 0x080017f5   Thumb Code    32  stm32f1xx_hal.o(i.HAL_Init)
    HAL_InitTick                             0x08001819   Thumb Code    54  stm32f1xx_hal.o(i.HAL_InitTick)
    HAL_MspInit                              0x08001859   Thumb Code    52  stm32f1xx_hal_msp.o(i.HAL_MspInit)
    HAL_NVIC_EnableIRQ                       0x08001895   Thumb Code    26  stm32f1xx_hal_cortex.o(i.HAL_NVIC_EnableIRQ)
    HAL_NVIC_SetPriority                     0x080018b1   Thumb Code    60  stm32f1xx_hal_cortex.o(i.HAL_NVIC_SetPriority)
    HAL_NVIC_SetPriorityGrouping             0x080018f1   Thumb Code    26  stm32f1xx_hal_cortex.o(i.HAL_NVIC_SetPriorityGrouping)
    HAL_PWR_EnableBkUpAccess                 0x08001915   Thumb Code     8  stm32f1xx_hal_pwr.o(i.HAL_PWR_EnableBkUpAccess)
    HAL_RCCEx_GetPeriphCLKFreq               0x08001921   Thumb Code   148  stm32f1xx_hal_rcc_ex.o(i.HAL_RCCEx_GetPeriphCLKFreq)
    HAL_RCCEx_PeriphCLKConfig                0x080019c5   Thumb Code   224  stm32f1xx_hal_rcc_ex.o(i.HAL_RCCEx_PeriphCLKConfig)
    HAL_RCC_ClockConfig                      0x08001ab1   Thumb Code   280  stm32f1xx_hal_rcc.o(i.HAL_RCC_ClockConfig)
    HAL_RCC_GetPCLK2Freq                     0x08001bdd   Thumb Code    20  stm32f1xx_hal_rcc.o(i.HAL_RCC_GetPCLK2Freq)
    HAL_RCC_GetSysClockFreq                  0x08001bfd   Thumb Code    58  stm32f1xx_hal_rcc.o(i.HAL_RCC_GetSysClockFreq)
    HAL_RCC_OscConfig                        0x08001c49   Thumb Code   778  stm32f1xx_hal_rcc.o(i.HAL_RCC_OscConfig)
    HAL_RTC_Init                             0x08001f69   Thumb Code   144  stm32f1xx_hal_rtc.o(i.HAL_RTC_Init)
    HAL_RTC_MspInit                          0x08001ffd   Thumb Code    40  rtc.o(i.HAL_RTC_MspInit)
    HAL_RTC_SetDate                          0x08002031   Thumb Code   192  stm32f1xx_hal_rtc.o(i.HAL_RTC_SetDate)
    HAL_RTC_SetTime                          0x080020f5   Thumb Code   168  stm32f1xx_hal_rtc.o(i.HAL_RTC_SetTime)
    HAL_RTC_WaitForSynchro                   0x080021a1   Thumb Code    58  stm32f1xx_hal_rtc.o(i.HAL_RTC_WaitForSynchro)
    HAL_SYSTICK_Config                       0x080021db   Thumb Code    40  stm32f1xx_hal_cortex.o(i.HAL_SYSTICK_Config)
    HardFault_Handler                        0x08002203   Thumb Code     2  stm32f1xx_it.o(i.HardFault_Handler)
    I2C_Delay                                0x08002205   Thumb Code     8  user_i2c.o(i.I2C_Delay)
    I2C_End                                  0x0800220d   Thumb Code    32  user_i2c.o(i.I2C_End)
    I2C_Get_ACK                              0x0800222d   Thumb Code    38  user_i2c.o(i.I2C_Get_ACK)
    I2C_ReadByte                             0x08002253   Thumb Code    64  user_i2c.o(i.I2C_ReadByte)
    I2C_Read_Len                             0x08002295   Thumb Code    72  user_i2c.o(i.I2C_Read_Len)
    I2C_Read_SDA                             0x080022dd   Thumb Code    10  user_i2c.o(i.I2C_Read_SDA)
    I2C_SendByte                             0x080022ed   Thumb Code    58  user_i2c.o(i.I2C_SendByte)
    I2C_Send_ACK                             0x08002327   Thumb Code    36  user_i2c.o(i.I2C_Send_ACK)
    I2C_Start                                0x0800234b   Thumb Code    38  user_i2c.o(i.I2C_Start)
    I2C_Write_Len                            0x08002371   Thumb Code    50  user_i2c.o(i.I2C_Write_Len)
    I2C_Write_SCL                            0x080023a5   Thumb Code    12  user_i2c.o(i.I2C_Write_SCL)
    I2C_Write_SDA                            0x080023b5   Thumb Code    12  user_i2c.o(i.I2C_Write_SDA)
    MX_GPIO_Init                             0x080023c5   Thumb Code   258  gpio.o(i.MX_GPIO_Init)
    MX_RTC_Init                              0x080024d9   Thumb Code   110  rtc.o(i.MX_RTC_Init)
    MemManage_Handler                        0x08002551   Thumb Code     2  stm32f1xx_it.o(i.MemManage_Handler)
    NMI_Handler                              0x08002553   Thumb Code     2  stm32f1xx_it.o(i.NMI_Handler)
    OLED_Chinese16                           0x08002555   Thumb Code    84  oled.o(i.OLED_Chinese16)
    OLED_Clear                               0x080025ad   Thumb Code    62  oled.o(i.OLED_Clear)
    OLED_ClearPic                            0x080025f1   Thumb Code    28  oled.o(i.OLED_ClearPic)
    OLED_DrawPoint                           0x08002611   Thumb Code    44  oled.o(i.OLED_DrawPoint)
    OLED_I2C_Init                            0x08002641   Thumb Code    28  oled.o(i.OLED_I2C_Init)
    OLED_I2C_SendByte                        0x08002661   Thumb Code    78  oled.o(i.OLED_I2C_SendByte)
    OLED_I2C_Start                           0x080026b5   Thumb Code    48  oled.o(i.OLED_I2C_Start)
    OLED_I2C_Stop                            0x080026e9   Thumb Code    38  oled.o(i.OLED_I2C_Stop)
    OLED_Init                                0x08002715   Thumb Code   172  oled.o(i.OLED_Init)
    OLED_Refresh                             0x080027c1   Thumb Code    60  oled.o(i.OLED_Refresh)
    OLED_SetCursor                           0x08002801   Thumb Code    34  oled.o(i.OLED_SetCursor)
    OLED_ShowChar                            0x08002825   Thumb Code    98  oled.o(i.OLED_ShowChar)
    OLED_ShowPicture                         0x0800288d   Thumb Code   156  oled.o(i.OLED_ShowPicture)
    OLED_ShowString                          0x08002929   Thumb Code    38  oled.o(i.OLED_ShowString)
    OLED_WriteCommand                        0x0800294f   Thumb Code    34  oled.o(i.OLED_WriteCommand)
    OLED_WriteData                           0x08002971   Thumb Code    34  oled.o(i.OLED_WriteData)
    PendSV_Handler                           0x08002993   Thumb Code     2  stm32f1xx_it.o(i.PendSV_Handler)
    SVC_Handler                              0x08002ae7   Thumb Code     2  stm32f1xx_it.o(i.SVC_Handler)
    SysTick_Handler                          0x08002ae9   Thumb Code     4  stm32f1xx_it.o(i.SysTick_Handler)
    SystemClock_Config                       0x08002aed   Thumb Code   128  main.o(i.SystemClock_Config)
    SystemInit                               0x08002b6d   Thumb Code     2  system_stm32f1xx.o(i.SystemInit)
    TSL2561_Init                             0x08002b6f   Thumb Code    30  tsl2561.o(i.TSL2561_Init)
    TSL2561_LED_on                           0x08002b8d   Thumb Code    10  tsl2561.o(i.TSL2561_LED_on)
    TSL2561_ReadData                         0x08002b9d   Thumb Code    34  tsl2561.o(i.TSL2561_ReadData)
    TSL2561_off                              0x08002bc1   Thumb Code    12  tsl2561.o(i.TSL2561_off)
    TSL2561_on                               0x08002bd1   Thumb Code    10  tsl2561.o(i.TSL2561_on)
    UsageFault_Handler                       0x08002be1   Thumb Code     2  stm32f1xx_it.o(i.UsageFault_Handler)
    User_DataChoice_Show                     0x08002be5   Thumb Code   456  user_lightdata.o(i.User_DataChoice_Show)
    User_Data_Show                           0x08002ddd   Thumb Code   322  user_lightdata.o(i.User_Data_Show)
    User_DeleteData                          0x08002f55   Thumb Code    54  user_lightdata.o(i.User_DeleteData)
    User_Detect_Show                         0x08002f95   Thumb Code    54  user_lightdata.o(i.User_Detect_Show)
    User_Home                                0x08002fd1   Thumb Code    26  user_oled.o(i.User_Home)
    User_huizhang_Show                       0x08002fed   Thumb Code    52  user_oled.o(i.User_huizhang_Show)
    __ARM_fpclassify                         0x08003029   Thumb Code    40  fpclassify.o(i.__ARM_fpclassify)
    _is_digit                                0x08003071   Thumb Code    14  __printf_wp.o(i._is_digit)
    main                                     0x0800307f   Thumb Code    72  main.o(i.main)
    _get_lc_numeric                          0x080030c9   Thumb Code    44  lc_numeric_c.o(locale$$code)
    __fpl_dretinf                            0x080030f5   Thumb Code    12  dretinf.o(x$fpl$dretinf)
    __aeabi_f2d                              0x08003101   Thumb Code     0  f2d.o(x$fpl$f2d)
    _f2d                                     0x08003101   Thumb Code    86  f2d.o(x$fpl$f2d)
    __aeabi_ui2f                             0x08003159   Thumb Code     0  fflt_clz.o(x$fpl$ffltu)
    _ffltu                                   0x08003159   Thumb Code    38  fflt_clz.o(x$fpl$ffltu)
    __fpl_fnaninf                            0x0800317f   Thumb Code   140  fnaninf.o(x$fpl$fnaninf)
    _printf_fp_dec                           0x0800320b   Thumb Code     4  printf1.o(x$fpl$printf1)
    __I$use$fp                               0x0800320e   Number         0  usenofp.o(x$fpl$usenofp)
    AHBPrescTable                            0x08003232   Data          16  system_stm32f1xx.o(.constdata)
    APBPrescTable                            0x08003242   Data           8  system_stm32f1xx.o(.constdata)
    OLED_F8x16                               0x0800324a   Data        1600  oled.o(.constdata)
    OLED_F16x16                              0x0800388a   Data         704  oled.o(.constdata)
    Region$$Table$$Base                      0x08003c6c   Number         0  anon$$obj.o(Region$$Table)
    Region$$Table$$Limit                     0x08003c8c   Number         0  anon$$obj.o(Region$$Table)
    uwTickFreq                               0x20000000   Data           1  stm32f1xx_hal.o(.data)
    uwTickPrio                               0x20000004   Data           4  stm32f1xx_hal.o(.data)
    uwTick                                   0x20000008   Data           4  stm32f1xx_hal.o(.data)
    SystemCoreClock                          0x2000000c   Data           4  system_stm32f1xx.o(.data)
    BMP_0                                    0x20000010   Data        1024  oled.o(.data)
    myBMP                                    0x20000410   Data         512  user_oled.o(.data)
    myBMP1                                   0x20000610   Data         504  user_oled.o(.data)
    xiaohui                                  0x20000808   Data         576  user_oled.o(.data)
    yuanhui                                  0x20000a48   Data         512  user_oled.o(.data)
    choice                                   0x20000c48   Data           4  user_key.o(.data)
    data_num                                 0x20000c4c   Data           4  user_lightdata.o(.data)
    hrtc                                     0x20000c50   Data          20  rtc.o(.bss)
    OLED_GRAM                                0x20000c64   Data        1024  oled.o(.bss)
    lightdata                                0x20001064   Data         396  user_lightdata.o(.bss)
    __libspace_start                         0x200011f0   Data          96  libspace.o(.bss)
    __temporary_stack_top$libspace           0x20001250   Data           0  libspace.o(.bss)



==============================================================================

Memory Map of the image

  Image Entry point : 0x080000ed

  Load Region LR_IROM1 (Base: 0x08000000, Size: 0x000048f8, Max: 0x00010000, ABSOLUTE, COMPRESSED[0x0000426c])

    Execution Region ER_IROM1 (Exec base: 0x08000000, Load base: 0x08000000, Size: 0x00003ca8, Max: 0x00010000, ABSOLUTE)

    Exec Addr    Load Addr    Size         Type   Attr      Idx    E Section Name        Object

    0x08000000   0x08000000   0x000000ec   Data   RO            3    RESET               startup_stm32f103xb.o
    0x080000ec   0x080000ec   0x00000008   Code   RO         2340  * !!!main             c_w.l(__main.o)
    0x080000f4   0x080000f4   0x00000034   Code   RO         2578    !!!scatter          c_w.l(__scatter.o)
    0x08000128   0x08000128   0x0000005a   Code   RO         2576    !!dczerorl2         c_w.l(__dczerorl2.o)
    0x08000182   0x08000182   0x00000002   PAD
    0x08000184   0x08000184   0x0000001c   Code   RO         2580    !!handler_zi        c_w.l(__scatter_zi.o)
    0x080001a0   0x080001a0   0x00000000   Code   RO         2333    .ARM.Collect$$_printf_percent$$00000000  c_w.l(_printf_percent.o)
    0x080001a0   0x080001a0   0x00000006   Code   RO         2332    .ARM.Collect$$_printf_percent$$00000003  c_w.l(_printf_f.o)
    0x080001a6   0x080001a6   0x00000006   Code   RO         2331    .ARM.Collect$$_printf_percent$$00000009  c_w.l(_printf_d.o)
    0x080001ac   0x080001ac   0x00000004   Code   RO         2367    .ARM.Collect$$_printf_percent$$00000017  c_w.l(_printf_percent_end.o)
    0x080001b0   0x080001b0   0x00000002   Code   RO         2447    .ARM.Collect$$libinit$$00000000  c_w.l(libinit.o)
    0x080001b2   0x080001b2   0x00000000   Code   RO         2449    .ARM.Collect$$libinit$$00000002  c_w.l(libinit2.o)
    0x080001b2   0x080001b2   0x00000000   Code   RO         2451    .ARM.Collect$$libinit$$00000004  c_w.l(libinit2.o)
    0x080001b2   0x080001b2   0x00000000   Code   RO         2454    .ARM.Collect$$libinit$$0000000A  c_w.l(libinit2.o)
    0x080001b2   0x080001b2   0x00000000   Code   RO         2456    .ARM.Collect$$libinit$$0000000C  c_w.l(libinit2.o)
    0x080001b2   0x080001b2   0x00000000   Code   RO         2458    .ARM.Collect$$libinit$$0000000E  c_w.l(libinit2.o)
    0x080001b2   0x080001b2   0x00000006   Code   RO         2459    .ARM.Collect$$libinit$$0000000F  c_w.l(libinit2.o)
    0x080001b8   0x080001b8   0x00000000   Code   RO         2461    .ARM.Collect$$libinit$$00000011  c_w.l(libinit2.o)
    0x080001b8   0x080001b8   0x00000000   Code   RO         2463    .ARM.Collect$$libinit$$00000013  c_w.l(libinit2.o)
    0x080001b8   0x080001b8   0x00000000   Code   RO         2465    .ARM.Collect$$libinit$$00000015  c_w.l(libinit2.o)
    0x080001b8   0x080001b8   0x0000000a   Code   RO         2466    .ARM.Collect$$libinit$$00000016  c_w.l(libinit2.o)
    0x080001c2   0x080001c2   0x00000000   Code   RO         2467    .ARM.Collect$$libinit$$00000017  c_w.l(libinit2.o)
    0x080001c2   0x080001c2   0x00000000   Code   RO         2469    .ARM.Collect$$libinit$$00000019  c_w.l(libinit2.o)
    0x080001c2   0x080001c2   0x00000000   Code   RO         2471    .ARM.Collect$$libinit$$0000001B  c_w.l(libinit2.o)
    0x080001c2   0x080001c2   0x00000000   Code   RO         2473    .ARM.Collect$$libinit$$0000001D  c_w.l(libinit2.o)
    0x080001c2   0x080001c2   0x00000000   Code   RO         2475    .ARM.Collect$$libinit$$0000001F  c_w.l(libinit2.o)
    0x080001c2   0x080001c2   0x00000000   Code   RO         2477    .ARM.Collect$$libinit$$00000021  c_w.l(libinit2.o)
    0x080001c2   0x080001c2   0x00000000   Code   RO         2479    .ARM.Collect$$libinit$$00000023  c_w.l(libinit2.o)
    0x080001c2   0x080001c2   0x00000000   Code   RO         2481    .ARM.Collect$$libinit$$00000025  c_w.l(libinit2.o)
    0x080001c2   0x080001c2   0x00000000   Code   RO         2485    .ARM.Collect$$libinit$$0000002C  c_w.l(libinit2.o)
    0x080001c2   0x080001c2   0x00000000   Code   RO         2487    .ARM.Collect$$libinit$$0000002E  c_w.l(libinit2.o)
    0x080001c2   0x080001c2   0x00000000   Code   RO         2489    .ARM.Collect$$libinit$$00000030  c_w.l(libinit2.o)
    0x080001c2   0x080001c2   0x00000000   Code   RO         2491    .ARM.Collect$$libinit$$00000032  c_w.l(libinit2.o)
    0x080001c2   0x080001c2   0x00000002   Code   RO         2492    .ARM.Collect$$libinit$$00000033  c_w.l(libinit2.o)
    0x080001c4   0x080001c4   0x00000002   Code   RO         2522    .ARM.Collect$$libshutdown$$00000000  c_w.l(libshutdown.o)
    0x080001c6   0x080001c6   0x00000000   Code   RO         2533    .ARM.Collect$$libshutdown$$00000002  c_w.l(libshutdown2.o)
    0x080001c6   0x080001c6   0x00000000   Code   RO         2535    .ARM.Collect$$libshutdown$$00000004  c_w.l(libshutdown2.o)
    0x080001c6   0x080001c6   0x00000000   Code   RO         2537    .ARM.Collect$$libshutdown$$00000006  c_w.l(libshutdown2.o)
    0x080001c6   0x080001c6   0x00000000   Code   RO         2540    .ARM.Collect$$libshutdown$$00000009  c_w.l(libshutdown2.o)
    0x080001c6   0x080001c6   0x00000000   Code   RO         2543    .ARM.Collect$$libshutdown$$0000000C  c_w.l(libshutdown2.o)
    0x080001c6   0x080001c6   0x00000000   Code   RO         2545    .ARM.Collect$$libshutdown$$0000000E  c_w.l(libshutdown2.o)
    0x080001c6   0x080001c6   0x00000000   Code   RO         2548    .ARM.Collect$$libshutdown$$00000011  c_w.l(libshutdown2.o)
    0x080001c6   0x080001c6   0x00000002   Code   RO         2549    .ARM.Collect$$libshutdown$$00000012  c_w.l(libshutdown2.o)
    0x080001c8   0x080001c8   0x00000000   Code   RO         2358    .ARM.Collect$$rtentry$$00000000  c_w.l(__rtentry.o)
    0x080001c8   0x080001c8   0x00000000   Code   RO         2376    .ARM.Collect$$rtentry$$00000002  c_w.l(__rtentry2.o)
    0x080001c8   0x080001c8   0x00000006   Code   RO         2388    .ARM.Collect$$rtentry$$00000004  c_w.l(__rtentry4.o)
    0x080001ce   0x080001ce   0x00000000   Code   RO         2378    .ARM.Collect$$rtentry$$00000009  c_w.l(__rtentry2.o)
    0x080001ce   0x080001ce   0x00000004   Code   RO         2379    .ARM.Collect$$rtentry$$0000000A  c_w.l(__rtentry2.o)
    0x080001d2   0x080001d2   0x00000000   Code   RO         2381    .ARM.Collect$$rtentry$$0000000C  c_w.l(__rtentry2.o)
    0x080001d2   0x080001d2   0x00000008   Code   RO         2382    .ARM.Collect$$rtentry$$0000000D  c_w.l(__rtentry2.o)
    0x080001da   0x080001da   0x00000002   Code   RO         2493    .ARM.Collect$$rtexit$$00000000  c_w.l(rtexit.o)
    0x080001dc   0x080001dc   0x00000000   Code   RO         2500    .ARM.Collect$$rtexit$$00000002  c_w.l(rtexit2.o)
    0x080001dc   0x080001dc   0x00000004   Code   RO         2501    .ARM.Collect$$rtexit$$00000003  c_w.l(rtexit2.o)
    0x080001e0   0x080001e0   0x00000006   Code   RO         2502    .ARM.Collect$$rtexit$$00000004  c_w.l(rtexit2.o)
    0x080001e6   0x080001e6   0x00000002   PAD
    0x080001e8   0x080001e8   0x00000040   Code   RO            4    .text               startup_stm32f103xb.o
    0x08000228   0x08000228   0x00000028   Code   RO         2303    .text               c_w.l(noretval__2sprintf.o)
    0x08000250   0x08000250   0x0000004e   Code   RO         2307    .text               c_w.l(_printf_pad.o)
    0x0800029e   0x0800029e   0x00000002   PAD
    0x080002a0   0x080002a0   0x00000078   Code   RO         2309    .text               c_w.l(_printf_dec.o)
    0x08000318   0x08000318   0x00000138   Code   RO         2323    .text               c_w.l(__printf_flags_wp.o)
    0x08000450   0x08000450   0x00000064   Code   RO         2334    .text               c_w.l(rt_memcpy_w.o)
    0x080004b4   0x080004b4   0x0000004e   Code   RO         2336    .text               c_w.l(rt_memclr_w.o)
    0x08000502   0x08000502   0x00000006   Code   RO         2338    .text               c_w.l(heapauxi.o)
    0x08000508   0x08000508   0x000000b2   Code   RO         2359    .text               c_w.l(_printf_intcommon.o)
    0x080005ba   0x080005ba   0x0000041e   Code   RO         2361    .text               c_w.l(_printf_fp_dec.o)
    0x080009d8   0x080009d8   0x00000030   Code   RO         2363    .text               c_w.l(_printf_char_common.o)
    0x08000a08   0x08000a08   0x0000000a   Code   RO         2365    .text               c_w.l(_sputc.o)
    0x08000a12   0x08000a12   0x00000002   PAD
    0x08000a14   0x08000a14   0x00000008   Code   RO         2393    .text               c_w.l(rt_locale_intlibspace.o)
    0x08000a1c   0x08000a1c   0x0000008a   Code   RO         2395    .text               c_w.l(lludiv10.o)
    0x08000aa6   0x08000aa6   0x00000002   PAD
    0x08000aa8   0x08000aa8   0x00000080   Code   RO         2397    .text               c_w.l(_printf_fp_infnan.o)
    0x08000b28   0x08000b28   0x000000e4   Code   RO         2401    .text               c_w.l(bigflt0.o)
    0x08000c0c   0x08000c0c   0x00000008   Code   RO         2433    .text               c_w.l(libspace.o)
    0x08000c14   0x08000c14   0x0000004a   Code   RO         2436    .text               c_w.l(sys_stackheap_outer.o)
    0x08000c5e   0x08000c5e   0x00000012   Code   RO         2438    .text               c_w.l(exit.o)
    0x08000c70   0x08000c70   0x00000080   Code   RO         2440    .text               c_w.l(strcmpv7m.o)
    0x08000cf0   0x08000cf0   0x0000000c   Code   RO         2512    .text               c_w.l(sys_exit.o)
    0x08000cfc   0x08000cfc   0x00000002   Code   RO         2523    .text               c_w.l(use_no_semi.o)
    0x08000cfe   0x08000cfe   0x00000000   Code   RO         2525    .text               c_w.l(indicate_semi.o)
    0x08000cfe   0x08000cfe   0x0000003e   Code   RO         2404    CL$$btod_d2e        c_w.l(btod.o)
    0x08000d3c   0x08000d3c   0x00000046   Code   RO         2406    CL$$btod_d2e_denorm_low  c_w.l(btod.o)
    0x08000d82   0x08000d82   0x00000060   Code   RO         2405    CL$$btod_d2e_norm_op1  c_w.l(btod.o)
    0x08000de2   0x08000de2   0x00000338   Code   RO         2414    CL$$btod_div_common  c_w.l(btod.o)
    0x0800111a   0x0800111a   0x000000dc   Code   RO         2411    CL$$btod_e2e        c_w.l(btod.o)
    0x080011f6   0x080011f6   0x0000002a   Code   RO         2408    CL$$btod_ediv       c_w.l(btod.o)
    0x08001220   0x08001220   0x0000002a   Code   RO         2407    CL$$btod_emul       c_w.l(btod.o)
    0x0800124a   0x0800124a   0x00000244   Code   RO         2413    CL$$btod_mult_common  c_w.l(btod.o)
    0x0800148e   0x0800148e   0x00000002   Code   RO          297    i.BusFault_Handler  stm32f1xx_it.o
    0x08001490   0x08001490   0x00000002   Code   RO          298    i.DebugMon_Handler  stm32f1xx_it.o
    0x08001492   0x08001492   0x00000006   Code   RO          299    i.EXTI0_IRQHandler  stm32f1xx_it.o
    0x08001498   0x08001498   0x00000006   Code   RO          300    i.EXTI1_IRQHandler  stm32f1xx_it.o
    0x0800149e   0x0800149e   0x00000006   Code   RO          301    i.EXTI2_IRQHandler  stm32f1xx_it.o
    0x080014a4   0x080014a4   0x00000006   Code   RO          302    i.EXTI3_IRQHandler  stm32f1xx_it.o
    0x080014aa   0x080014aa   0x00000004   Code   RO           13    i.Error_Handler     main.o
    0x080014ae   0x080014ae   0x00000002   PAD
    0x080014b0   0x080014b0   0x00000024   Code   RO          735    i.HAL_Delay         stm32f1xx_hal.o
    0x080014d4   0x080014d4   0x000000f8   Code   RO         2156    i.HAL_GPIO_EXTI_Callback  user_key.o
    0x080015cc   0x080015cc   0x00000018   Code   RO         1044    i.HAL_GPIO_EXTI_IRQHandler  stm32f1xx_hal_gpio.o
    0x080015e4   0x080015e4   0x000001e0   Code   RO         1045    i.HAL_GPIO_Init     stm32f1xx_hal_gpio.o
    0x080017c4   0x080017c4   0x0000000a   Code   RO         1047    i.HAL_GPIO_ReadPin  stm32f1xx_hal_gpio.o
    0x080017ce   0x080017ce   0x0000000a   Code   RO         1049    i.HAL_GPIO_WritePin  stm32f1xx_hal_gpio.o
    0x080017d8   0x080017d8   0x0000000c   Code   RO          739    i.HAL_GetTick       stm32f1xx_hal.o
    0x080017e4   0x080017e4   0x00000010   Code   RO          745    i.HAL_IncTick       stm32f1xx_hal.o
    0x080017f4   0x080017f4   0x00000024   Code   RO          746    i.HAL_Init          stm32f1xx_hal.o
    0x08001818   0x08001818   0x00000040   Code   RO          747    i.HAL_InitTick      stm32f1xx_hal.o
    0x08001858   0x08001858   0x0000003c   Code   RO          396    i.HAL_MspInit       stm32f1xx_hal_msp.o
    0x08001894   0x08001894   0x0000001a   Code   RO         1205    i.HAL_NVIC_EnableIRQ  stm32f1xx_hal_cortex.o
    0x080018ae   0x080018ae   0x00000002   PAD
    0x080018b0   0x080018b0   0x00000040   Code   RO         1211    i.HAL_NVIC_SetPriority  stm32f1xx_hal_cortex.o
    0x080018f0   0x080018f0   0x00000024   Code   RO         1212    i.HAL_NVIC_SetPriorityGrouping  stm32f1xx_hal_cortex.o
    0x08001914   0x08001914   0x0000000c   Code   RO         1327    i.HAL_PWR_EnableBkUpAccess  stm32f1xx_hal_pwr.o
    0x08001920   0x08001920   0x000000a4   Code   RO         1006    i.HAL_RCCEx_GetPeriphCLKFreq  stm32f1xx_hal_rcc_ex.o
    0x080019c4   0x080019c4   0x000000ec   Code   RO         1007    i.HAL_RCCEx_PeriphCLKConfig  stm32f1xx_hal_rcc_ex.o
    0x08001ab0   0x08001ab0   0x0000012c   Code   RO          903    i.HAL_RCC_ClockConfig  stm32f1xx_hal_rcc.o
    0x08001bdc   0x08001bdc   0x00000020   Code   RO          911    i.HAL_RCC_GetPCLK2Freq  stm32f1xx_hal_rcc.o
    0x08001bfc   0x08001bfc   0x0000004c   Code   RO          912    i.HAL_RCC_GetSysClockFreq  stm32f1xx_hal_rcc.o
    0x08001c48   0x08001c48   0x00000320   Code   RO          915    i.HAL_RCC_OscConfig  stm32f1xx_hal_rcc.o
    0x08001f68   0x08001f68   0x00000094   Code   RO          464    i.HAL_RTC_Init      stm32f1xx_hal_rtc.o
    0x08001ffc   0x08001ffc   0x00000034   Code   RO          256    i.HAL_RTC_MspInit   rtc.o
    0x08002030   0x08002030   0x000000c4   Code   RO          470    i.HAL_RTC_SetDate   stm32f1xx_hal_rtc.o
    0x080020f4   0x080020f4   0x000000ac   Code   RO          471    i.HAL_RTC_SetTime   stm32f1xx_hal_rtc.o
    0x080021a0   0x080021a0   0x0000003a   Code   RO          472    i.HAL_RTC_WaitForSynchro  stm32f1xx_hal_rtc.o
    0x080021da   0x080021da   0x00000028   Code   RO         1216    i.HAL_SYSTICK_Config  stm32f1xx_hal_cortex.o
    0x08002202   0x08002202   0x00000002   Code   RO          303    i.HardFault_Handler  stm32f1xx_it.o
    0x08002204   0x08002204   0x00000008   Code   RO         2050    i.I2C_Delay         user_i2c.o
    0x0800220c   0x0800220c   0x00000020   Code   RO         2051    i.I2C_End           user_i2c.o
    0x0800222c   0x0800222c   0x00000026   Code   RO         2052    i.I2C_Get_ACK       user_i2c.o
    0x08002252   0x08002252   0x00000040   Code   RO         2053    i.I2C_ReadByte      user_i2c.o
    0x08002292   0x08002292   0x00000002   PAD
    0x08002294   0x08002294   0x00000048   Code   RO         2054    i.I2C_Read_Len      user_i2c.o
    0x080022dc   0x080022dc   0x00000010   Code   RO         2057    i.I2C_Read_SDA      user_i2c.o
    0x080022ec   0x080022ec   0x0000003a   Code   RO         2058    i.I2C_SendByte      user_i2c.o
    0x08002326   0x08002326   0x00000024   Code   RO         2059    i.I2C_Send_ACK      user_i2c.o
    0x0800234a   0x0800234a   0x00000026   Code   RO         2060    i.I2C_Start         user_i2c.o
    0x08002370   0x08002370   0x00000032   Code   RO         2061    i.I2C_Write_Len     user_i2c.o
    0x080023a2   0x080023a2   0x00000002   PAD
    0x080023a4   0x080023a4   0x00000010   Code   RO         2063    i.I2C_Write_SCL     user_i2c.o
    0x080023b4   0x080023b4   0x00000010   Code   RO         2064    i.I2C_Write_SDA     user_i2c.o
    0x080023c4   0x080023c4   0x00000114   Code   RO          150    i.MX_GPIO_Init      gpio.o
    0x080024d8   0x080024d8   0x00000078   Code   RO          257    i.MX_RTC_Init       rtc.o
    0x08002550   0x08002550   0x00000002   Code   RO          304    i.MemManage_Handler  stm32f1xx_it.o
    0x08002552   0x08002552   0x00000002   Code   RO          305    i.NMI_Handler       stm32f1xx_it.o
    0x08002554   0x08002554   0x00000058   Code   RO         1780    i.OLED_Chinese16    oled.o
    0x080025ac   0x080025ac   0x00000044   Code   RO         1781    i.OLED_Clear        oled.o
    0x080025f0   0x080025f0   0x00000020   Code   RO         1782    i.OLED_ClearPic     oled.o
    0x08002610   0x08002610   0x00000030   Code   RO         1783    i.OLED_DrawPoint    oled.o
    0x08002640   0x08002640   0x00000020   Code   RO         1784    i.OLED_I2C_Init     oled.o
    0x08002660   0x08002660   0x00000054   Code   RO         1785    i.OLED_I2C_SendByte  oled.o
    0x080026b4   0x080026b4   0x00000034   Code   RO         1786    i.OLED_I2C_Start    oled.o
    0x080026e8   0x080026e8   0x0000002c   Code   RO         1787    i.OLED_I2C_Stop     oled.o
    0x08002714   0x08002714   0x000000ac   Code   RO         1789    i.OLED_Init         oled.o
    0x080027c0   0x080027c0   0x00000040   Code   RO         1791    i.OLED_Refresh      oled.o
    0x08002800   0x08002800   0x00000022   Code   RO         1792    i.OLED_SetCursor    oled.o
    0x08002822   0x08002822   0x00000002   PAD
    0x08002824   0x08002824   0x00000068   Code   RO         1794    i.OLED_ShowChar     oled.o
    0x0800288c   0x0800288c   0x0000009c   Code   RO         1798    i.OLED_ShowPicture  oled.o
    0x08002928   0x08002928   0x00000026   Code   RO         1800    i.OLED_ShowString   oled.o
    0x0800294e   0x0800294e   0x00000022   Code   RO         1801    i.OLED_WriteCommand  oled.o
    0x08002970   0x08002970   0x00000022   Code   RO         1802    i.OLED_WriteData    oled.o
    0x08002992   0x08002992   0x00000002   Code   RO          306    i.PendSV_Handler    stm32f1xx_it.o
    0x08002994   0x08002994   0x00000012   Code   RO          473    i.RTC_Bcd2ToByte    stm32f1xx_hal_rtc.o
    0x080029a6   0x080029a6   0x00000034   Code   RO          476    i.RTC_EnterInitMode  stm32f1xx_hal_rtc.o
    0x080029da   0x080029da   0x00000002   PAD
    0x080029dc   0x080029dc   0x00000036   Code   RO          477    i.RTC_ExitInitMode  stm32f1xx_hal_rtc.o
    0x08002a12   0x08002a12   0x0000000e   Code   RO          478    i.RTC_ReadAlarmCounter  stm32f1xx_hal_rtc.o
    0x08002a20   0x08002a20   0x00000020   Code   RO          479    i.RTC_ReadTimeCounter  stm32f1xx_hal_rtc.o
    0x08002a40   0x08002a40   0x00000056   Code   RO          480    i.RTC_WeekDayNum    stm32f1xx_hal_rtc.o
    0x08002a96   0x08002a96   0x00000028   Code   RO          481    i.RTC_WriteAlarmCounter  stm32f1xx_hal_rtc.o
    0x08002abe   0x08002abe   0x00000028   Code   RO          482    i.RTC_WriteTimeCounter  stm32f1xx_hal_rtc.o
    0x08002ae6   0x08002ae6   0x00000002   Code   RO          307    i.SVC_Handler       stm32f1xx_it.o
    0x08002ae8   0x08002ae8   0x00000004   Code   RO          308    i.SysTick_Handler   stm32f1xx_it.o
    0x08002aec   0x08002aec   0x00000080   Code   RO           14    i.SystemClock_Config  main.o
    0x08002b6c   0x08002b6c   0x00000002   Code   RO         1742    i.SystemInit        system_stm32f1xx.o
    0x08002b6e   0x08002b6e   0x0000001e   Code   RO         2198    i.TSL2561_Init      tsl2561.o
    0x08002b8c   0x08002b8c   0x00000010   Code   RO         2199    i.TSL2561_LED_on    tsl2561.o
    0x08002b9c   0x08002b9c   0x00000022   Code   RO         2200    i.TSL2561_ReadData  tsl2561.o
    0x08002bbe   0x08002bbe   0x00000002   PAD
    0x08002bc0   0x08002bc0   0x00000010   Code   RO         2201    i.TSL2561_off       tsl2561.o
    0x08002bd0   0x08002bd0   0x00000010   Code   RO         2202    i.TSL2561_on        tsl2561.o
    0x08002be0   0x08002be0   0x00000002   Code   RO          309    i.UsageFault_Handler  stm32f1xx_it.o
    0x08002be2   0x08002be2   0x00000002   PAD
    0x08002be4   0x08002be4   0x000001f8   Code   RO         2246    i.User_DataChoice_Show  user_lightdata.o
    0x08002ddc   0x08002ddc   0x00000178   Code   RO         2247    i.User_Data_Show    user_lightdata.o
    0x08002f54   0x08002f54   0x00000040   Code   RO         2248    i.User_DeleteData   user_lightdata.o
    0x08002f94   0x08002f94   0x0000003c   Code   RO         2249    i.User_Detect_Show  user_lightdata.o
    0x08002fd0   0x08002fd0   0x0000001a   Code   RO         1949    i.User_Home         user_oled.o
    0x08002fea   0x08002fea   0x00000002   PAD
    0x08002fec   0x08002fec   0x0000003c   Code   RO         1956    i.User_huizhang_Show  user_oled.o
    0x08003028   0x08003028   0x00000028   Code   RO         2431    i.__ARM_fpclassify  m_ws.l(fpclassify.o)
    0x08003050   0x08003050   0x00000020   Code   RO         1218    i.__NVIC_SetPriority  stm32f1xx_hal_cortex.o
    0x08003070   0x08003070   0x0000000e   Code   RO         2321    i._is_digit         c_w.l(__printf_wp.o)
    0x0800307e   0x0800307e   0x00000048   Code   RO           15    i.main              main.o
    0x080030c6   0x080030c6   0x00000002   PAD
    0x080030c8   0x080030c8   0x0000002c   Code   RO         2427    locale$$code        c_w.l(lc_numeric_c.o)
    0x080030f4   0x080030f4   0x0000000c   Code   RO         2368    x$fpl$dretinf       fz_ws.l(dretinf.o)
    0x08003100   0x08003100   0x00000056   Code   RO         2342    x$fpl$f2d           fz_ws.l(f2d.o)
    0x08003156   0x08003156   0x00000002   PAD
    0x08003158   0x08003158   0x00000026   Code   RO         2348    x$fpl$ffltu         fz_ws.l(fflt_clz.o)
    0x0800317e   0x0800317e   0x0000008c   Code   RO         2370    x$fpl$fnaninf       fz_ws.l(fnaninf.o)
    0x0800320a   0x0800320a   0x00000004   Code   RO         2356    x$fpl$printf1       fz_ws.l(printf1.o)
    0x0800320e   0x0800320e   0x00000000   Code   RO         2374    x$fpl$usenofp       fz_ws.l(usenofp.o)
    0x0800320e   0x0800320e   0x00000012   Data   RO          916    .constdata          stm32f1xx_hal_rcc.o
    0x08003220   0x08003220   0x00000012   Data   RO         1008    .constdata          stm32f1xx_hal_rcc_ex.o
    0x08003232   0x08003232   0x00000010   Data   RO         1743    .constdata          system_stm32f1xx.o
    0x08003242   0x08003242   0x00000008   Data   RO         1744    .constdata          system_stm32f1xx.o
    0x0800324a   0x0800324a   0x00000900   Data   RO         1804    .constdata          oled.o
    0x08003b4a   0x08003b4a   0x00000002   PAD
    0x08003b4c   0x08003b4c   0x00000078   Data   RO         2251    .constdata          user_lightdata.o
    0x08003bc4   0x08003bc4   0x00000011   Data   RO         2324    .constdata          c_w.l(__printf_flags_wp.o)
    0x08003bd5   0x08003bd5   0x00000003   PAD
    0x08003bd8   0x08003bd8   0x00000094   Data   RO         2402    .constdata          c_w.l(bigflt0.o)
    0x08003c6c   0x08003c6c   0x00000020   Data   RO         2574    Region$$Table       anon$$obj.o
    0x08003c8c   0x08003c8c   0x0000001c   Data   RO         2426    locale$$data        c_w.l(lc_numeric_c.o)


    Execution Region RW_IRAM1 (Exec base: 0x20000000, Load base: 0x08003ca8, Size: 0x00001850, Max: 0x00005000, ABSOLUTE, COMPRESSED[0x000005c4])

    Exec Addr    Load Addr    Size         Type   Attr      Idx    E Section Name        Object

    0x20000000   COMPRESSED   0x0000000c   Data   RW          753    .data               stm32f1xx_hal.o
    0x2000000c   COMPRESSED   0x00000004   Data   RW         1745    .data               system_stm32f1xx.o
    0x20000010   COMPRESSED   0x00000400   Data   RW         1805    .data               oled.o
    0x20000410   COMPRESSED   0x00000838   Data   RW         1966    .data               user_oled.o
    0x20000c48   COMPRESSED   0x00000004   Data   RW         2159    .data               user_key.o
    0x20000c4c   COMPRESSED   0x00000004   Data   RW         2252    .data               user_lightdata.o
    0x20000c50        -       0x00000014   Zero   RW          258    .bss                rtc.o
    0x20000c64        -       0x00000400   Zero   RW         1803    .bss                oled.o
    0x20001064        -       0x0000018c   Zero   RW         2250    .bss                user_lightdata.o
    0x200011f0        -       0x00000060   Zero   RW         2434    .bss                c_w.l(libspace.o)
    0x20001250        -       0x00000200   Zero   RW            2    HEAP                startup_stm32f103xb.o
    0x20001450        -       0x00000400   Zero   RW            1    STACK               startup_stm32f103xb.o


==============================================================================

Image component sizes


      Code (inc. data)   RO Data    RW Data    ZI Data      Debug   Object Name

       276         18          0          0          0       4123   gpio.o
       204          0          0          0          0     387336   main.o
      1084         48       2304       1024       1024      11304   oled.o
       172         22          0          0         20       1651   rtc.o
        64         26        236          0       1536        828   startup_stm32f103xb.o
       164         28          0         12          0       6037   stm32f1xx_hal.o
       198         14          0          0          0      29043   stm32f1xx_hal_cortex.o
       524         40          0          0          0       4194   stm32f1xx_hal_gpio.o
        60          8          0          0          0        906   stm32f1xx_hal_msp.o
        12          4          0          0          0        531   stm32f1xx_hal_pwr.o
      1208         72         18          0          0       4633   stm32f1xx_hal_rcc.o
       400         28         18          0          0       2521   stm32f1xx_hal_rcc_ex.o
       910         12          0          0          0       9604   stm32f1xx_hal_rtc.o
        44          0          0          0          0       5826   stm32f1xx_it.o
         2          0         24          4          0       1167   system_stm32f1xx.o
       112         16          0          0          0       2978   tsl2561.o
       444         14          0          0          0       6787   user_i2c.o
       248         14          0          4          0       1121   user_key.o
      1004        118        120          4        396       3530   user_lightdata.o
        86          8          0       2104          0       2454   user_oled.o

    ----------------------------------------------------------------------
      7236        490       2754       3152       2976     486574   Object Totals
         0          0         32          0          0          0   (incl. Generated)
        20          0          2          0          0          0   (incl. Padding)

    ----------------------------------------------------------------------

      Code (inc. data)   RO Data    RW Data    ZI Data      Debug   Library Member Name

        90          0          0          0          0          0   __dczerorl2.o
         8          0          0          0          0         68   __main.o
       312          4         17          0          0         92   __printf_flags_wp.o
        14          0          0          0          0         68   __printf_wp.o
         0          0          0          0          0          0   __rtentry.o
        12          0          0          0          0          0   __rtentry2.o
         6          0          0          0          0          0   __rtentry4.o
        52          8          0          0          0          0   __scatter.o
        28          0          0          0          0          0   __scatter_zi.o
        48          6          0          0          0         96   _printf_char_common.o
         6          0          0          0          0          0   _printf_d.o
       120         16          0          0          0         92   _printf_dec.o
         6          0          0          0          0          0   _printf_f.o
      1054          0          0          0          0        216   _printf_fp_dec.o
       128         16          0          0          0         84   _printf_fp_infnan.o
       178          0          0          0          0         88   _printf_intcommon.o
        78          0          0          0          0        108   _printf_pad.o
         0          0          0          0          0          0   _printf_percent.o
         4          0          0          0          0          0   _printf_percent_end.o
        10          0          0          0          0         68   _sputc.o
       228          4        148          0          0         96   bigflt0.o
      1936        128          0          0          0        672   btod.o
        18          0          0          0          0         80   exit.o
         6          0          0          0          0        152   heapauxi.o
         0          0          0          0          0          0   indicate_semi.o
        44         10         28          0          0         76   lc_numeric_c.o
         2          0          0          0          0          0   libinit.o
        18          0          0          0          0          0   libinit2.o
         2          0          0          0          0          0   libshutdown.o
         2          0          0          0          0          0   libshutdown2.o
         8          4          0          0         96         68   libspace.o
       138          0          0          0          0         80   lludiv10.o
        40          6          0          0          0         84   noretval__2sprintf.o
         8          4          0          0          0         68   rt_locale_intlibspace.o
        78          0          0          0          0         80   rt_memclr_w.o
       100          0          0          0          0         80   rt_memcpy_w.o
         2          0          0          0          0          0   rtexit.o
        10          0          0          0          0          0   rtexit2.o
       128          0          0          0          0         68   strcmpv7m.o
        12          4          0          0          0         68   sys_exit.o
        74          0          0          0          0         80   sys_stackheap_outer.o
         2          0          0          0          0         68   use_no_semi.o
        12          0          0          0          0         68   dretinf.o
        86          4          0          0          0         84   f2d.o
        38          0          0          0          0         68   fflt_clz.o
       140          4          0          0          0         84   fnaninf.o
         4          0          0          0          0         68   printf1.o
         0          0          0          0          0          0   usenofp.o
        40          0          0          0          0         68   fpclassify.o

    ----------------------------------------------------------------------
      5342        218        196          0         96       3240   Library Totals
        12          0          3          0          0          0   (incl. Padding)

    ----------------------------------------------------------------------

      Code (inc. data)   RO Data    RW Data    ZI Data      Debug   Library Name

      5010        210        193          0         96       2800   c_w.l
       280          8          0          0          0        372   fz_ws.l
        40          0          0          0          0         68   m_ws.l

    ----------------------------------------------------------------------
      5342        218        196          0         96       3240   Library Totals

    ----------------------------------------------------------------------

==============================================================================


      Code (inc. data)   RO Data    RW Data    ZI Data      Debug   

     12578        708       2950       3152       3072     483362   Grand Totals
     12578        708       2950       1476       3072     483362   ELF Image Totals (compressed)
     12578        708       2950       1476          0          0   ROM Totals

==============================================================================

    Total RO  Size (Code + RO Data)                15528 (  15.16kB)
    Total RW  Size (RW Data + ZI Data)              6224 (   6.08kB)
    Total ROM Size (Code + RO Data + RW Data)      17004 (  16.61kB)

==============================================================================

