Component: ARM Compiler 5.06 update 7 (build 960) Tool: armlink [4d3601]

==============================================================================

Section Cross References

    startup_stm32f103xb.o(STACK) refers (Special) to heapauxi.o(.text) for __use_two_region_memory
    startup_stm32f103xb.o(HEAP) refers (Special) to heapauxi.o(.text) for __use_two_region_memory
    startup_stm32f103xb.o(RESET) refers (Special) to heapauxi.o(.text) for __use_two_region_memory
    startup_stm32f103xb.o(RESET) refers to startup_stm32f103xb.o(STACK) for __initial_sp
    startup_stm32f103xb.o(RESET) refers to startup_stm32f103xb.o(.text) for Reset_Handler
    startup_stm32f103xb.o(RESET) refers to stm32f1xx_it.o(i.NMI_Handler) for NMI_Handler
    startup_stm32f103xb.o(RESET) refers to stm32f1xx_it.o(i.HardFault_Handler) for HardFault_Handler
    startup_stm32f103xb.o(RESET) refers to stm32f1xx_it.o(i.MemManage_Handler) for MemManage_Handler
    startup_stm32f103xb.o(RESET) refers to stm32f1xx_it.o(i.BusFault_Handler) for BusFault_Handler
    startup_stm32f103xb.o(RESET) refers to stm32f1xx_it.o(i.UsageFault_Handler) for UsageFault_Handler
    startup_stm32f103xb.o(RESET) refers to stm32f1xx_it.o(i.SVC_Handler) for SVC_Handler
    startup_stm32f103xb.o(RESET) refers to stm32f1xx_it.o(i.DebugMon_Handler) for DebugMon_Handler
    startup_stm32f103xb.o(RESET) refers to stm32f1xx_it.o(i.PendSV_Handler) for PendSV_Handler
    startup_stm32f103xb.o(RESET) refers to stm32f1xx_it.o(i.SysTick_Handler) for SysTick_Handler
    startup_stm32f103xb.o(RESET) refers to stm32f1xx_it.o(i.EXTI0_IRQHandler) for EXTI0_IRQHandler
    startup_stm32f103xb.o(.text) refers (Special) to heapauxi.o(.text) for __use_two_region_memory
    startup_stm32f103xb.o(.text) refers to system_stm32f1xx.o(i.SystemInit) for SystemInit
    startup_stm32f103xb.o(.text) refers to __main.o(!!!main) for __main
    startup_stm32f103xb.o(.text) refers to startup_stm32f103xb.o(HEAP) for Heap_Mem
    startup_stm32f103xb.o(.text) refers to startup_stm32f103xb.o(STACK) for Stack_Mem
    main.o(i.SystemClock_Config) refers to rt_memclr_w.o(.text) for __aeabi_memclr4
    main.o(i.SystemClock_Config) refers to stm32f1xx_hal_rcc.o(i.HAL_RCC_OscConfig) for HAL_RCC_OscConfig
    main.o(i.SystemClock_Config) refers to stm32f1xx_hal_rcc.o(i.HAL_RCC_ClockConfig) for HAL_RCC_ClockConfig
    main.o(i.SystemClock_Config) refers to stm32f1xx_hal_rcc_ex.o(i.HAL_RCCEx_PeriphCLKConfig) for HAL_RCCEx_PeriphCLKConfig
    main.o(i.main) refers to stm32f1xx_hal.o(i.HAL_Init) for HAL_Init
    main.o(i.main) refers to main.o(i.SystemClock_Config) for SystemClock_Config
    main.o(i.main) refers to stm32f1xx_hal_cortex.o(i.HAL_NVIC_SetPriority) for HAL_NVIC_SetPriority
    main.o(i.main) refers to gpio.o(i.MX_GPIO_Init) for MX_GPIO_Init
    main.o(i.main) refers to rtc.o(i.MX_RTC_Init) for MX_RTC_Init
    main.o(i.main) refers to tsl2561.o(i.TSL2561_Init) for TSL2561_Init
    main.o(i.main) refers to oled.o(i.OLED_Init) for OLED_Init
    main.o(i.main) refers to user_oled.o(i.User_huizhang_Show) for User_huizhang_Show
    main.o(i.main) refers to stm32f1xx_hal.o(i.HAL_Delay) for HAL_Delay
    main.o(i.main) refers to oled.o(i.OLED_ClearPic) for OLED_ClearPic
    main.o(i.main) refers to user_oled.o(i.User_Home) for User_Home
    main.o(i.main) refers to user_oled.o(i.User_Data_Show) for User_Data_Show
    main.o(i.main) refers to stm32f1xx_hal_gpio.o(i.HAL_GPIO_ReadPin) for HAL_GPIO_ReadPin
    main.o(i.main) refers to main.o(.data) for .data
    gpio.o(i.MX_GPIO_Init) refers to stm32f1xx_hal_gpio.o(i.HAL_GPIO_WritePin) for HAL_GPIO_WritePin
    gpio.o(i.MX_GPIO_Init) refers to stm32f1xx_hal_gpio.o(i.HAL_GPIO_Init) for HAL_GPIO_Init
    gpio.o(i.MX_GPIO_Init) refers to stm32f1xx_hal_cortex.o(i.HAL_NVIC_SetPriority) for HAL_NVIC_SetPriority
    gpio.o(i.MX_GPIO_Init) refers to stm32f1xx_hal_cortex.o(i.HAL_NVIC_EnableIRQ) for HAL_NVIC_EnableIRQ
    rtc.o(i.HAL_RTC_MspInit) refers to stm32f1xx_hal_pwr.o(i.HAL_PWR_EnableBkUpAccess) for HAL_PWR_EnableBkUpAccess
    rtc.o(i.MX_RTC_Init) refers to stm32f1xx_hal_rtc.o(i.HAL_RTC_Init) for HAL_RTC_Init
    rtc.o(i.MX_RTC_Init) refers to main.o(i.Error_Handler) for Error_Handler
    rtc.o(i.MX_RTC_Init) refers to stm32f1xx_hal_rtc.o(i.HAL_RTC_SetTime) for HAL_RTC_SetTime
    rtc.o(i.MX_RTC_Init) refers to stm32f1xx_hal_rtc.o(i.HAL_RTC_SetDate) for HAL_RTC_SetDate
    rtc.o(i.MX_RTC_Init) refers to rtc.o(.bss) for .bss
    stm32f1xx_it.o(i.EXTI0_IRQHandler) refers to stm32f1xx_hal_gpio.o(i.HAL_GPIO_EXTI_IRQHandler) for HAL_GPIO_EXTI_IRQHandler
    stm32f1xx_it.o(i.SysTick_Handler) refers to stm32f1xx_hal.o(i.HAL_IncTick) for HAL_IncTick
    stm32f1xx_hal_rtc.o(i.HAL_RTC_AlarmIRQHandler) refers to stm32f1xx_hal_rtc.o(i.HAL_RTC_AlarmAEventCallback) for HAL_RTC_AlarmAEventCallback
    stm32f1xx_hal_rtc.o(i.HAL_RTC_DeInit) refers to stm32f1xx_hal_rtc.o(i.RTC_EnterInitMode) for RTC_EnterInitMode
[...]
    .text                                    0x080005d0   Section        0  _printf_fp_dec.o(.text)
    _fp_digits                               0x080005d3   Thumb Code   432  _printf_fp_dec.o(.text)
    .text                                    0x080009f0   Section        0  _printf_char_common.o(.text)
    _printf_input_char                       0x080009f1   Thumb Code    10  _printf_char_common.o(.text)
    .text                                    0x08000a20   Section        0  _sputc.o(.text)
    .text                                    0x08000a2c   Section        8  rt_locale_intlibspace.o(.text)
    .text                                    0x08000a34   Section        8  rt_errno_addr_intlibspace.o(.text)
    .text                                    0x08000a3c   Section      138  lludiv10.o(.text)
    .text                                    0x08000ac8   Section        0  _printf_fp_infnan.o(.text)
    .text                                    0x08000b48   Section        0  bigflt0.o(.text)
    .text                                    0x08000c2c   Section        8  libspace.o(.text)
    .text                                    0x08000c34   Section       74  sys_stackheap_outer.o(.text)
    .text                                    0x08000c7e   Section        0  exit.o(.text)
    .text                                    0x08000c90   Section      128  strcmpv7m.o(.text)
    .text                                    0x08000d10   Section        0  sys_exit.o(.text)
    .text                                    0x08000d1c   Section        2  use_no_semi.o(.text)
    .text                                    0x08000d1e   Section        0  indicate_semi.o(.text)
    CL$$btod_d2e                             0x08000d1e   Section       62  btod.o(CL$$btod_d2e)
    CL$$btod_d2e_denorm_low                  0x08000d5c   Section       70  btod.o(CL$$btod_d2e_denorm_low)
    CL$$btod_d2e_norm_op1                    0x08000da2   Section       96  btod.o(CL$$btod_d2e_norm_op1)
    CL$$btod_div_common                      0x08000e02   Section      824  btod.o(CL$$btod_div_common)
    CL$$btod_e2e                             0x0800113a   Section      220  btod.o(CL$$btod_e2e)
    CL$$btod_ediv                            0x08001216   Section       42  btod.o(CL$$btod_ediv)
    CL$$btod_emul                            0x08001240   Section       42  btod.o(CL$$btod_emul)
    CL$$btod_mult_common                     0x0800126a   Section      580  btod.o(CL$$btod_mult_common)
    i.BusFault_Handler                       0x080014ae   Section        0  stm32f1xx_it.o(i.BusFault_Handler)
    i.DebugMon_Handler                       0x080014b0   Section        0  stm32f1xx_it.o(i.DebugMon_Handler)
    i.EXTI0_IRQHandler                       0x080014b2   Section        0  stm32f1xx_it.o(i.EXTI0_IRQHandler)
    i.Error_Handler                          0x080014b8   Section        0  main.o(i.Error_Handler)
    i.HAL_Delay                              0x080014bc   Section        0  stm32f1xx_hal.o(i.HAL_Delay)
    i.HAL_GPIO_EXTI_Callback                 0x080014e0   Section        0  user_key.o(i.HAL_GPIO_EXTI_Callback)
    i.HAL_GPIO_EXTI_IRQHandler               0x0800155c   Section        0  stm32f1xx_hal_gpio.o(i.HAL_GPIO_EXTI_IRQHandler)
    i.HAL_GPIO_Init                          0x08001574   Section        0  stm32f1xx_hal_gpio.o(i.HAL_GPIO_Init)
    i.HAL_GPIO_ReadPin                       0x08001754   Section        0  stm32f1xx_hal_gpio.o(i.HAL_GPIO_ReadPin)
    i.HAL_GPIO_WritePin                      0x0800175e   Section        0  stm32f1xx_hal_gpio.o(i.HAL_GPIO_WritePin)
    i.HAL_GetTick                            0x08001768   Section        0  stm32f1xx_hal.o(i.HAL_GetTick)
    i.HAL_IncTick                            0x08001774   Section        0  stm32f1xx_hal.o(i.HAL_IncTick)
    i.HAL_Init                               0x08001784   Section        0  stm32f1xx_hal.o(i.HAL_Init)
    i.HAL_InitTick                           0x080017a8   Section        0  stm32f1xx_hal.o(i.HAL_InitTick)
    i.HAL_MspInit                            0x080017e8   Section        0  stm32f1xx_hal_msp.o(i.HAL_MspInit)
    i.HAL_NVIC_EnableIRQ                     0x08001824   Section        0  stm32f1xx_hal_cortex.o(i.HAL_NVIC_EnableIRQ)
    i.HAL_NVIC_SetPriority                   0x08001840   Section        0  stm32f1xx_hal_cortex.o(i.HAL_NVIC_SetPriority)
    i.HAL_NVIC_SetPriorityGrouping           0x08001880   Section        0  stm32f1xx_hal_cortex.o(i.HAL_NVIC_SetPriorityGrouping)
    i.HAL_PWR_EnableBkUpAccess               0x080018a4   Section        0  stm32f1xx_hal_pwr.o(i.HAL_PWR_EnableBkUpAccess)
    i.HAL_RCCEx_GetPeriphCLKFreq             0x080018b0   Section        0  stm32f1xx_hal_rcc_ex.o(i.HAL_RCCEx_GetPeriphCLKFreq)
    i.HAL_RCCEx_PeriphCLKConfig              0x08001954   Section        0  stm32f1xx_hal_rcc_ex.o(i.HAL_RCCEx_PeriphCLKConfig)
    i.HAL_RCC_ClockConfig                    0x08001a40   Section        0  stm32f1xx_hal_rcc.o(i.HAL_RCC_ClockConfig)
    i.HAL_RCC_GetPCLK2Freq                   0x08001b6c   Section        0  stm32f1xx_hal_rcc.o(i.HAL_RCC_GetPCLK2Freq)
    i.HAL_RCC_GetSysClockFreq                0x08001b8c   Section        0  stm32f1xx_hal_rcc.o(i.HAL_RCC_GetSysClockFreq)
    i.HAL_RCC_OscConfig                      0x08001bd8   Section        0  stm32f1xx_hal_rcc.o(i.HAL_RCC_OscConfig)
    i.HAL_RTC_Init                           0x08001ef8   Section        0  stm32f1xx_hal_rtc.o(i.HAL_RTC_Init)
    i.HAL_RTC_MspInit                        0x08001f8c   Section        0  rtc.o(i.HAL_RTC_MspInit)
    i.HAL_RTC_SetDate                        0x08001fc0   Section        0  stm32f1xx_hal_rtc.o(i.HAL_RTC_SetDate)
    i.HAL_RTC_SetTime                        0x08002084   Section        0  stm32f1xx_hal_rtc.o(i.HAL_RTC_SetTime)
    i.HAL_RTC_WaitForSynchro                 0x08002130   Section        0  stm32f1xx_hal_rtc.o(i.HAL_RTC_WaitForSynchro)
    i.HAL_SYSTICK_Config                     0x0800216a   Section        0  stm32f1xx_hal_cortex.o(i.HAL_SYSTICK_Config)
    i.HardFault_Handler                      0x08002192   Section        0  stm32f1xx_it.o(i.HardFault_Handler)
    i.IIC_SDA_Mode_IN                        0x08002194   Section        0  tsl2561_i2c.o(i.IIC_SDA_Mode_IN)
    i.IIC_SDA_Mode_OUT                       0x080021b4   Section        0  tsl2561_i2c.o(i.IIC_SDA_Mode_OUT)
    i.MX_GPIO_Init                           0x080021d4   Section        0  gpio.o(i.MX_GPIO_Init)
    i.MX_RTC_Init                            0x080022cc   Section        0  rtc.o(i.MX_RTC_Init)
    i.MemManage_Handler                      0x08002344   Section        0  stm32f1xx_it.o(i.MemManage_Handler)
    i.NMI_Handler                            0x08002346   Section        0  stm32f1xx_it.o(i.NMI_Handler)
    i.OLED_Chinese16                         0x08002348   Section        0  oled.o(i.OLED_Chinese16)
    i.OLED_Clear                             0x080023a0   Section        0  oled.o(i.OLED_Clear)
    i.OLED_ClearPic                          0x080023e4   Section        0  oled.o(i.OLED_ClearPic)
    i.OLED_DrawPoint                         0x08002404   Section        0  oled.o(i.OLED_DrawPoint)
    i.OLED_I2C_Init                          0x08002434   Section        0  oled.o(i.OLED_I2C_Init)
    i.OLED_I2C_SendByte                      0x08002454   Section        0  oled.o(i.OLED_I2C_SendByte)
    i.OLED_I2C_Start                         0x080024b0   Section        0  oled.o(i.OLED_I2C_Start)
    i.OLED_I2C_Stop                          0x080024e8   Section        0  oled.o(i.OLED_I2C_Stop)
    i.OLED_Init                              0x08002518   Section        0  oled.o(i.OLED_Init)
    i.OLED_Refresh                           0x080025c4   Section        0  oled.o(i.OLED_Refresh)
    i.OLED_SetCursor                         0x08002604   Section        0  oled.o(i.OLED_SetCursor)
    i.OLED_ShowChar                          0x08002628   Section        0  oled.o(i.OLED_ShowChar)
    i.OLED_ShowPicture                       0x08002690   Section        0  oled.o(i.OLED_ShowPicture)
    i.OLED_ShowString                        0x0800272c   Section        0  oled.o(i.OLED_ShowString)
    i.OLED_WriteCommand                      0x08002752   Section        0  oled.o(i.OLED_WriteCommand)
    i.OLED_WriteData                         0x08002774   Section        0  oled.o(i.OLED_WriteData)
    i.PendSV_Handler                         0x08002796   Section        0  stm32f1xx_it.o(i.PendSV_Handler)
    i.RTC_Bcd2ToByte                         0x08002798   Section        0  stm32f1xx_hal_rtc.o(i.RTC_Bcd2ToByte)
    RTC_Bcd2ToByte                           0x08002799   Thumb Code    18  stm32f1xx_hal_rtc.o(i.RTC_Bcd2ToByte)
    i.RTC_EnterInitMode                      0x080027aa   Section        0  stm32f1xx_hal_rtc.o(i.RTC_EnterInitMode)
    RTC_EnterInitMode                        0x080027ab   Thumb Code    52  stm32f1xx_hal_rtc.o(i.RTC_EnterInitMode)
    i.RTC_ExitInitMode                       0x080027e0   Section        0  stm32f1xx_hal_rtc.o(i.RTC_ExitInitMode)
    RTC_ExitInitMode                         0x080027e1   Thumb Code    54  stm32f1xx_hal_rtc.o(i.RTC_ExitInitMode)
    i.RTC_ReadAlarmCounter                   0x08002816   Section        0  stm32f1xx_hal_rtc.o(i.RTC_ReadAlarmCounter)
    RTC_ReadAlarmCounter                     0x08002817   Thumb Code    14  stm32f1xx_hal_rtc.o(i.RTC_ReadAlarmCounter)
    i.RTC_ReadTimeCounter                    0x08002824   Section        0  stm32f1xx_hal_rtc.o(i.RTC_ReadTimeCounter)
    RTC_ReadTimeCounter                      0x08002825   Thumb Code    32  stm32f1xx_hal_rtc.o(i.RTC_ReadTimeCounter)
    i.RTC_WeekDayNum                         0x08002844   Section        0  stm32f1xx_hal_rtc.o(i.RTC_WeekDayNum)
    RTC_WeekDayNum                           0x08002845   Thumb Code    86  stm32f1xx_hal_rtc.o(i.RTC_WeekDayNum)
    i.RTC_WriteAlarmCounter                  0x0800289a   Section        0  stm32f1xx_hal_rtc.o(i.RTC_WriteAlarmCounter)
    RTC_WriteAlarmCounter                    0x0800289b   Thumb Code    40  stm32f1xx_hal_rtc.o(i.RTC_WriteAlarmCounter)
    i.RTC_WriteTimeCounter                   0x080028c2   Section        0  stm32f1xx_hal_rtc.o(i.RTC_WriteTimeCounter)
    RTC_WriteTimeCounter                     0x080028c3   Thumb Code    40  stm32f1xx_hal_rtc.o(i.RTC_WriteTimeCounter)
    i.Read_Light                             0x080028ec   Section        0  tsl2561.o(i.Read_Light)
    i.SVC_Handler                            0x08002aa8   Section        0  stm32f1xx_it.o(i.SVC_Handler)
    i.SysTick_Handler                        0x08002aaa   Section        0  stm32f1xx_it.o(i.SysTick_Handler)
    i.SystemClock_Config                     0x08002aae   Section        0  main.o(i.SystemClock_Config)
    i.SystemInit                             0x08002b2e   Section        0  system_stm32f1xx.o(i.SystemInit)
    i.TSL2561_I2C_Init                       0x08002b30   Section        0  tsl2561_i2c.o(i.TSL2561_I2C_Init)
    i.TSL2561_I2C_Read_ACK                   0x08002b50   Section        0  tsl2561_i2c.o(i.TSL2561_I2C_Read_ACK)
    i.TSL2561_I2C_Read_Byte                  0x08002bb0   Section        0  tsl2561_i2c.o(i.TSL2561_I2C_Read_Byte)
    i.TSL2561_I2C_Start                      0x08002c14   Section        0  tsl2561_i2c.o(i.TSL2561_I2C_Start)
    i.TSL2561_I2C_Stop                       0x08002c58   Section        0  tsl2561_i2c.o(i.TSL2561_I2C_Stop)
    i.TSL2561_I2C_Write_Byte                 0x08002ca4   Section        0  tsl2561_i2c.o(i.TSL2561_I2C_Write_Byte)
    i.TSL2561_Init                           0x08002d04   Section        0  tsl2561.o(i.TSL2561_Init)
    i.TSL2561_LED_off                        0x08002d1c   Section        0  tsl2561.o(i.TSL2561_LED_off)
    i.TSL2561_LED_on                         0x08002d2c   Section        0  tsl2561.o(i.TSL2561_LED_on)
    i.TSL2561_PowerDown                      0x08002d3c   Section        0  tsl2561.o(i.TSL2561_PowerDown)
    i.TSL2561_PowerOn                        0x08002d44   Section        0  tsl2561.o(i.TSL2561_PowerOn)
    i.TSL2561_Read                           0x08002d4c   Section        0  tsl2561.o(i.TSL2561_Read)
    i.TSL2561_TimingSet                      0x08002d8e   Section        0  tsl2561.o(i.TSL2561_TimingSet)
    i.TSL2561_Write                          0x08002d96   Section        0  tsl2561.o(i.TSL2561_Write)
    i.UsageFault_Handler                     0x08002dd0   Section        0  stm32f1xx_it.o(i.UsageFault_Handler)
    i.User_Data_Show                         0x08002dd4   Section        0  user_oled.o(i.User_Data_Show)
    i.User_Detect_Show                       0x08002f04   Section        0  user_oled.o(i.User_Detect_Show)
    i.User_Home                              0x08002f40   Section        0  user_oled.o(i.User_Home)
    i.User_huizhang_Show                     0x08002f5c   Section        0  user_oled.o(i.User_huizhang_Show)
    i.__ARM_fpclassify                       0x08002f98   Section        0  fpclassify.o(i.__ARM_fpclassify)
    i.__NVIC_SetPriority                     0x08002fc0   Section        0  stm32f1xx_hal_cortex.o(i.__NVIC_SetPriority)
    __NVIC_SetPriority                       0x08002fc1   Thumb Code    32  stm32f1xx_hal_cortex.o(i.__NVIC_SetPriority)
    i.__kernel_poly                          0x08002fe0   Section        0  poly.o(i.__kernel_poly)
    i.__mathlib_dbl_divzero                  0x0800308c   Section        0  dunder.o(i.__mathlib_dbl_divzero)
    i.__mathlib_dbl_infnan2                  0x0800309c   Section        0  dunder.o(i.__mathlib_dbl_infnan2)
    i.__mathlib_dbl_invalid                  0x080030a0   Section        0  dunder.o(i.__mathlib_dbl_invalid)
    i.__mathlib_dbl_overflow                 0x080030ac   Section        0  dunder.o(i.__mathlib_dbl_overflow)
    i.__mathlib_dbl_underflow                0x080030bc   Section        0  dunder.o(i.__mathlib_dbl_underflow)
    i._is_digit                              0x080030cc   Section        0  __printf_wp.o(i._is_digit)
    i.i2c_delat_us                           0x080030da   Section        0  tsl2561_i2c.o(i.i2c_delat_us)
    i.main                                   0x080030f0   Section        0  main.o(i.main)
    i.pow                                    0x0800316c   Section        0  pow.o(i.pow)
    i.sqrt                                   0x08003b44   Section        0  sqrt.o(i.sqrt)
    locale$$code                             0x08003b90   Section       44  lc_numeric_c.o(locale$$code)
    x$fpl$d2f                                0x08003bbc   Section       98  d2f.o(x$fpl$d2f)
    x$fpl$dadd                               0x08003c20   Section      336  daddsub_clz.o(x$fpl$dadd)
    _dadd1                                   0x08003c31   Thumb Code     0  daddsub_clz.o(x$fpl$dadd)
    x$fpl$dcheck1                            0x08003d70   Section       16  dcheck1.o(x$fpl$dcheck1)
    x$fpl$dcmpinf                            0x08003d80   Section       24  dcmpi.o(x$fpl$dcmpinf)
    x$fpl$ddiv                               0x08003d98   Section      688  ddiv.o(x$fpl$ddiv)
    ddiv_entry                               0x08003d9f   Thumb Code     0  ddiv.o(x$fpl$ddiv)
    x$fpl$dflt                               0x08004048   Section       46  dflt_clz.o(x$fpl$dflt)
    x$fpl$dleqf                              0x08004078   Section      120  dleqf.o(x$fpl$dleqf)
    x$fpl$dmul                               0x080040f0   Section      340  dmul.o(x$fpl$dmul)
    x$fpl$dnaninf                            0x08004244   Section      156  dnaninf.o(x$fpl$dnaninf)
    x$fpl$dretinf                            0x080042e0   Section       12  dretinf.o(x$fpl$dretinf)
    x$fpl$drleqf                             0x080042ec   Section      108  drleqf.o(x$fpl$drleqf)
    x$fpl$drsb                               0x08004358   Section       22  daddsub_clz.o(x$fpl$drsb)
    x$fpl$dsqrt                              0x08004370   Section      460  dsqrt_noumaal.o(x$fpl$dsqrt)
    x$fpl$dsub                               0x0800453c   Section      468  daddsub_clz.o(x$fpl$dsub)
    _dsub1                                   0x0800454d   Thumb Code     0  daddsub_clz.o(x$fpl$dsub)
    x$fpl$f2d                                0x08004710   Section       86  f2d.o(x$fpl$f2d)
    x$fpl$fdiv                               0x08004768   Section      388  fdiv.o(x$fpl$fdiv)
    _fdiv1                                   0x08004769   Thumb Code     0  fdiv.o(x$fpl$fdiv)
    x$fpl$ffixu                              0x080048ec   Section       62  ffixu.o(x$fpl$ffixu)
    x$fpl$ffltu                              0x0800492c   Section       38  fflt_clz.o(x$fpl$ffltu)
    x$fpl$fnaninf                            0x08004952   Section      140  fnaninf.o(x$fpl$fnaninf)
    x$fpl$fretinf                            0x080049de   Section       10  fretinf.o(x$fpl$fretinf)
    x$fpl$printf1                            0x080049e8   Section        4  printf1.o(x$fpl$printf1)
    x$fpl$retnan                             0x080049ec   Section      100  retnan.o(x$fpl$retnan)
    x$fpl$scalbn                             0x08004a50   Section       92  scalbn.o(x$fpl$scalbn)
    x$fpl$trapveneer                         0x08004aac   Section       48  trapv.o(x$fpl$trapveneer)
    .constdata                               0x08004adc   Section       18  stm32f1xx_hal_rcc.o(.constdata)
    x$fpl$usenofp                            0x08004adc   Section        0  usenofp.o(x$fpl$usenofp)
    aPredivFactorTable                       0x08004adc   Data           2  stm32f1xx_hal_rcc.o(.constdata)
    aPLLMULFactorTable                       0x08004ade   Data          16  stm32f1xx_hal_rcc.o(.constdata)
    .constdata                               0x08004aee   Section       18  stm32f1xx_hal_rcc_ex.o(.constdata)
    aPredivFactorTable                       0x08004aee   Data           2  stm32f1xx_hal_rcc_ex.o(.constdata)
    aPLLMULFactorTable                       0x08004af0   Data          16  stm32f1xx_hal_rcc_ex.o(.constdata)
    .constdata                               0x08004b00   Section       16  system_stm32f1xx.o(.constdata)
    .constdata                               0x08004b10   Section        8  system_stm32f1xx.o(.constdata)
    .constdata                               0x08004b18   Section     2304  oled.o(.constdata)
    .constdata                               0x08005418   Section       60  user_oled.o(.constdata)
    .constdata                               0x08005454   Section       17  __printf_flags_wp.o(.constdata)
    maptable                                 0x08005454   Data          17  __printf_flags_wp.o(.constdata)
    .constdata                               0x08005468   Section      136  pow.o(.constdata)
    bp                                       0x08005468   Data          16  pow.o(.constdata)
    dp_h                                     0x08005478   Data          16  pow.o(.constdata)
    dp_l                                     0x08005488   Data          16  pow.o(.constdata)
    L                                        0x08005498   Data          48  pow.o(.constdata)
    P                                        0x080054c8   Data          40  pow.o(.constdata)
    .constdata                               0x080054f0   Section        8  qnan.o(.constdata)
    .constdata                               0x080054f8   Section      148  bigflt0.o(.constdata)
    tenpwrs_x                                0x080054f8   Data          60  bigflt0.o(.constdata)
    tenpwrs_i                                0x08005534   Data          64  bigflt0.o(.constdata)
    locale$$data                             0x080055ac   Section       28  lc_numeric_c.o(locale$$data)
    __lcnum_c_name                           0x080055b0   Data           2  lc_numeric_c.o(locale$$data)
    __lcnum_c_start                          0x080055b8   Data           0  lc_numeric_c.o(locale$$data)
    __lcnum_c_point                          0x080055c4   Data           0  lc_numeric_c.o(locale$$data)
    __lcnum_c_thousands                      0x080055c6   Data           0  lc_numeric_c.o(locale$$data)
    __lcnum_c_grouping                       0x080055c7   Data           0  lc_numeric_c.o(locale$$data)
    __lcnum_c_end                            0x080055c8   Data           0  lc_numeric_c.o(locale$$data)
    .data                                    0x20000000   Section       16  main.o(.data)
    .data                                    0x20000010   Section       12  stm32f1xx_hal.o(.data)
    .data                                    0x2000001c   Section        4  system_stm32f1xx.o(.data)
    .data                                    0x20000020   Section     1024  oled.o(.data)
    .data                                    0x20000420   Section     2108  user_oled.o(.data)
    .data                                    0x20000c5c   Section        4  user_key.o(.data)
    .bss                                     0x20000c60   Section       20  rtc.o(.bss)
    .bss                                     0x20000c74   Section     1024  oled.o(.bss)
    .bss                                     0x20001074   Section      396  user_oled.o(.bss)
    .bss                                     0x20001200   Section       96  libspace.o(.bss)
    HEAP                                     0x20001260   Section      512  startup_stm32f103xb.o(HEAP)
    Heap_Mem                                 0x20001260   Data         512  startup_stm32f103xb.o(HEAP)
    STACK                                    0x20001460   Section     1024  startup_stm32f103xb.o(STACK)
    Stack_Mem                                0x20001460   Data        1024  startup_stm32f103xb.o(STACK)
    __initial_sp                             0x20001860   Data           0  startup_stm32f103xb.o(STACK)

    Global Symbols

    Symbol Name                              Value     Ov Type        Size  Object(Section)

    BuildAttributes$$THM_ISAv4$P$D$K$B$S$PE$A:L22UL41UL21$X:L11$S22US41US21$IEEE1$IW$USESV6$~STKCKD$USESV7$~SHL$OTIME$ROPI$IEEEX$EBA8$UX$STANDARDLIB$REQ8$PRES8$EABIv2 0x00000000   Number         0  anon$$obj.o ABSOLUTE
    __ARM_use_no_argv                        0x00000000   Number         0  main.o ABSOLUTE
    _printf_flags                            0x00000000   Number         0  printf_stubs.o ABSOLUTE
    _printf_return_value                     0x00000000   Number         0  printf_stubs.o ABSOLUTE
    _printf_sizespec                         0x00000000   Number         0  printf_stubs.o ABSOLUTE
    _printf_widthprec                        0x00000000   Number         0  printf_stubs.o ABSOLUTE
    __ARM_exceptions_init                     - Undefined Weak Reference
    __alloca_initialize                       - Undefined Weak Reference
    __arm_fini_                               - Undefined Weak Reference
    __arm_preinit_                            - Undefined Weak Reference
    __cpp_initialize__aeabi_                  - Undefined Weak Reference
    __cxa_finalize                            - Undefined Weak Reference
    __sigvec_lookup                           - Undefined Weak Reference
    _atexit_init                              - Undefined Weak Reference
    _call_atexit_fns                          - Undefined Weak Reference
    _clock_init                               - Undefined Weak Reference
    _fp_trap_init                             - Undefined Weak Reference
    _fp_trap_shutdown                         - Undefined Weak Reference
    _get_lc_collate                           - Undefined Weak Reference
    _get_lc_ctype                             - Undefined Weak Reference
    _get_lc_monetary                          - Undefined Weak Reference
    _get_lc_time                              - Undefined Weak Reference
    _getenv_init                              - Undefined Weak Reference
    _handle_redirection                       - Undefined Weak Reference
    _init_alloc                               - Undefined Weak Reference
    _init_user_alloc                          - Undefined Weak Reference
    _initio                                   - Undefined Weak Reference
    _printf_truncate_signed                   - Undefined Weak Reference
    _printf_truncate_unsigned                 - Undefined Weak Reference
    _rand_init                                - Undefined Weak Reference
    _signal_finish                            - Undefined Weak Reference
    _signal_init                              - Undefined Weak Reference
    _terminate_alloc                          - Undefined Weak Reference
    _terminate_user_alloc                     - Undefined Weak Reference
    _terminateio                              - Undefined Weak Reference
    __Vectors_Size                           0x000000ec   Number         0  startup_stm32f103xb.o ABSOLUTE
    __Vectors                                0x08000000   Data           4  startup_stm32f103xb.o(RESET)
    __Vectors_End                            0x080000ec   Data           0  startup_stm32f103xb.o(RESET)
    __main                                   0x080000ed   Thumb Code     8  __main.o(!!!main)
    __scatterload                            0x080000f5   Thumb Code     0  __scatter.o(!!!scatter)
    __scatterload_rt2                        0x080000f5   Thumb Code    44  __scatter.o(!!!scatter)
    __scatterload_rt2_thumb_only             0x080000f5   Thumb Code     0  __scatter.o(!!!scatter)
    __scatterload_null                       0x08000103   Thumb Code     0  __scatter.o(!!!scatter)
    __decompress                             0x08000129   Thumb Code    90  __dczerorl2.o(!!dczerorl2)
    __decompress1                            0x08000129   Thumb Code     0  __dczerorl2.o(!!dczerorl2)
    __scatterload_zeroinit                   0x08000185   Thumb Code    28  __scatter_zi.o(!!handler_zi)
    _printf_f                                0x080001a1   Thumb Code     0  _printf_f.o(.ARM.Collect$$_printf_percent$$00000003)
    _printf_percent                          0x080001a1   Thumb Code     0  _printf_percent.o(.ARM.Collect$$_printf_percent$$00000000)
    _printf_d                                0x080001a7   Thumb Code     0  _printf_d.o(.ARM.Collect$$_printf_percent$$00000009)
    _printf_percent_end                      0x080001ad   Thumb Code     0  _printf_percent_end.o(.ARM.Collect$$_printf_percent$$00000017)
    __rt_lib_init                            0x080001b1   Thumb Code     0  libinit.o(.ARM.Collect$$libinit$$00000000)
    __rt_lib_init_fp_1                       0x080001b3   Thumb Code     0  libinit2.o(.ARM.Collect$$libinit$$00000002)
    __rt_lib_init_heap_1                     0x080001b3   Thumb Code     0  libinit2.o(.ARM.Collect$$libinit$$0000000A)
    __rt_lib_init_lc_common                  0x080001b3   Thumb Code     0  libinit2.o(.ARM.Collect$$libinit$$0000000F)
    __rt_lib_init_preinit_1                  0x080001b3   Thumb Code     0  libinit2.o(.ARM.Collect$$libinit$$00000004)
    __rt_lib_init_rand_1                     0x080001b3   Thumb Code     0  libinit2.o(.ARM.Collect$$libinit$$0000000E)
    __rt_lib_init_user_alloc_1               0x080001b3   Thumb Code     0  libinit2.o(.ARM.Collect$$libinit$$0000000C)
    __rt_lib_init_lc_collate_1               0x080001b9   Thumb Code     0  libinit2.o(.ARM.Collect$$libinit$$00000011)
    __rt_lib_init_lc_ctype_1                 0x080001b9   Thumb Code     0  libinit2.o(.ARM.Collect$$libinit$$00000013)
    __rt_lib_init_lc_monetary_1              0x080001b9   Thumb Code     0  libinit2.o(.ARM.Collect$$libinit$$00000015)
    __rt_lib_init_lc_numeric_2               0x080001b9   Thumb Code     0  libinit2.o(.ARM.Collect$$libinit$$00000016)
    __rt_lib_init_alloca_1                   0x080001c3   Thumb Code     0  libinit2.o(.ARM.Collect$$libinit$$0000002E)
    __rt_lib_init_argv_1                     0x080001c3   Thumb Code     0  libinit2.o(.ARM.Collect$$libinit$$0000002C)
    __rt_lib_init_atexit_1                   0x080001c3   Thumb Code     0  libinit2.o(.ARM.Collect$$libinit$$0000001B)
    __rt_lib_init_clock_1                    0x080001c3   Thumb Code     0  libinit2.o(.ARM.Collect$$libinit$$00000021)
    __rt_lib_init_cpp_1                      0x080001c3   Thumb Code     0  libinit2.o(.ARM.Collect$$libinit$$00000032)
    __rt_lib_init_exceptions_1               0x080001c3   Thumb Code     0  libinit2.o(.ARM.Collect$$libinit$$00000030)
    __rt_lib_init_fp_trap_1                  0x080001c3   Thumb Code     0  libinit2.o(.ARM.Collect$$libinit$$0000001F)
    __rt_lib_init_getenv_1                   0x080001c3   Thumb Code     0  libinit2.o(.ARM.Collect$$libinit$$00000023)
    __rt_lib_init_lc_numeric_1               0x080001c3   Thumb Code     0  libinit2.o(.ARM.Collect$$libinit$$00000017)
    __rt_lib_init_lc_time_1                  0x080001c3   Thumb Code     0  libinit2.o(.ARM.Collect$$libinit$$00000019)
    __rt_lib_init_return                     0x080001c3   Thumb Code     0  libinit2.o(.ARM.Collect$$libinit$$00000033)
    __rt_lib_init_signal_1                   0x080001c3   Thumb Code     0  libinit2.o(.ARM.Collect$$libinit$$0000001D)
    __rt_lib_init_stdio_1                    0x080001c3   Thumb Code     0  libinit2.o(.ARM.Collect$$libinit$$00000025)
    __rt_lib_shutdown                        0x080001c5   Thumb Code     0  libshutdown.o(.ARM.Collect$$libshutdown$$00000000)
    __rt_lib_shutdown_cpp_1                  0x080001c7   Thumb Code     0  libshutdown2.o(.ARM.Collect$$libshutdown$$00000004)
    __rt_lib_shutdown_fini_1                 0x080001c7   Thumb Code     0  libshutdown2.o(.ARM.Collect$$libshutdown$$00000002)
    __rt_lib_shutdown_fp_trap_1              0x080001c7   Thumb Code     0  libshutdown2.o(.ARM.Collect$$libshutdown$$00000009)
    __rt_lib_shutdown_heap_1                 0x080001c7   Thumb Code     0  libshutdown2.o(.ARM.Collect$$libshutdown$$00000011)
    __rt_lib_shutdown_return                 0x080001c7   Thumb Code     0  libshutdown2.o(.ARM.Collect$$libshutdown$$00000012)
    __rt_lib_shutdown_signal_1               0x080001c7   Thumb Code     0  libshutdown2.o(.ARM.Collect$$libshutdown$$0000000C)
    __rt_lib_shutdown_stdio_1                0x080001c7   Thumb Code     0  libshutdown2.o(.ARM.Collect$$libshutdown$$00000006)
    __rt_lib_shutdown_user_alloc_1           0x080001c7   Thumb Code     0  libshutdown2.o(.ARM.Collect$$libshutdown$$0000000E)
    __rt_entry                               0x080001c9   Thumb Code     0  __rtentry.o(.ARM.Collect$$rtentry$$00000000)
    __rt_entry_presh_1                       0x080001c9   Thumb Code     0  __rtentry2.o(.ARM.Collect$$rtentry$$00000002)
    __rt_entry_sh                            0x080001c9   Thumb Code     0  __rtentry4.o(.ARM.Collect$$rtentry$$00000004)
    __rt_entry_li                            0x080001cf   Thumb Code     0  __rtentry2.o(.ARM.Collect$$rtentry$$0000000A)
    __rt_entry_postsh_1                      0x080001cf   Thumb Code     0  __rtentry2.o(.ARM.Collect$$rtentry$$00000009)
    __rt_entry_main                          0x080001d3   Thumb Code     0  __rtentry2.o(.ARM.Collect$$rtentry$$0000000D)
    __rt_entry_postli_1                      0x080001d3   Thumb Code     0  __rtentry2.o(.ARM.Collect$$rtentry$$0000000C)
    __rt_exit                                0x080001db   Thumb Code     0  rtexit.o(.ARM.Collect$$rtexit$$00000000)
    __rt_exit_ls                             0x080001dd   Thumb Code     0  rtexit2.o(.ARM.Collect$$rtexit$$00000003)
    __rt_exit_prels_1                        0x080001dd   Thumb Code     0  rtexit2.o(.ARM.Collect$$rtexit$$00000002)
    __rt_exit_exit                           0x080001e1   Thumb Code     0  rtexit2.o(.ARM.Collect$$rtexit$$00000004)
    Reset_Handler                            0x080001e9   Thumb Code     8  startup_stm32f103xb.o(.text)
    ADC1_2_IRQHandler                        0x08000203   Thumb Code     0  startup_stm32f103xb.o(.text)
    CAN1_RX1_IRQHandler                      0x08000203   Thumb Code     0  startup_stm32f103xb.o(.text)
    CAN1_SCE_IRQHandler                      0x08000203   Thumb Code     0  startup_stm32f103xb.o(.text)
    DMA1_Channel1_IRQHandler                 0x08000203   Thumb Code     0  startup_stm32f103xb.o(.text)
    DMA1_Channel2_IRQHandler                 0x08000203   Thumb Code     0  startup_stm32f103xb.o(.text)
    DMA1_Channel3_IRQHandler                 0x08000203   Thumb Code     0  startup_stm32f103xb.o(.text)
    DMA1_Channel4_IRQHandler                 0x08000203   Thumb Code     0  startup_stm32f103xb.o(.text)
    DMA1_Channel5_IRQHandler                 0x08000203   Thumb Code     0  startup_stm32f103xb.o(.text)
    DMA1_Channel6_IRQHandler                 0x08000203   Thumb Code     0  startup_stm32f103xb.o(.text)
    DMA1_Channel7_IRQHandler                 0x08000203   Thumb Code     0  startup_stm32f103xb.o(.text)
    EXTI15_10_IRQHandler                     0x08000203   Thumb Code     0  startup_stm32f103xb.o(.text)
    EXTI1_IRQHandler                         0x08000203   Thumb Code     0  startup_stm32f103xb.o(.text)
    EXTI2_IRQHandler                         0x08000203   Thumb Code     0  startup_stm32f103xb.o(.text)
    EXTI3_IRQHandler                         0x08000203   Thumb Code     0  startup_stm32f103xb.o(.text)
    EXTI4_IRQHandler                         0x08000203   Thumb Code     0  startup_stm32f103xb.o(.text)
    EXTI9_5_IRQHandler                       0x08000203   Thumb Code     0  startup_stm32f103xb.o(.text)
    FLASH_IRQHandler                         0x08000203   Thumb Code     0  startup_stm32f103xb.o(.text)
    I2C1_ER_IRQHandler                       0x08000203   Thumb Code     0  startup_stm32f103xb.o(.text)
    I2C1_EV_IRQHandler                       0x08000203   Thumb Code     0  startup_stm32f103xb.o(.text)
    I2C2_ER_IRQHandler                       0x08000203   Thumb Code     0  startup_stm32f103xb.o(.text)
    I2C2_EV_IRQHandler                       0x08000203   Thumb Code     0  startup_stm32f103xb.o(.text)
    PVD_IRQHandler                           0x08000203   Thumb Code     0  startup_stm32f103xb.o(.text)
    RCC_IRQHandler                           0x08000203   Thumb Code     0  startup_stm32f103xb.o(.text)
    RTC_Alarm_IRQHandler                     0x08000203   Thumb Code     0  startup_stm32f103xb.o(.text)
    RTC_IRQHandler                           0x08000203   Thumb Code     0  startup_stm32f103xb.o(.text)
    SPI1_IRQHandler                          0x08000203   Thumb Code     0  startup_stm32f103xb.o(.text)
    SPI2_IRQHandler                          0x08000203   Thumb Code     0  startup_stm32f103xb.o(.text)
    TAMPER_IRQHandler                        0x08000203   Thumb Code     0  startup_stm32f103xb.o(.text)
    TIM1_BRK_IRQHandler                      0x08000203   Thumb Code     0  startup_stm32f103xb.o(.text)
    TIM1_CC_IRQHandler                       0x08000203   Thumb Code     0  startup_stm32f103xb.o(.text)
    TIM1_TRG_COM_IRQHandler                  0x08000203   Thumb Code     0  startup_stm32f103xb.o(.text)
    TIM1_UP_IRQHandler                       0x08000203   Thumb Code     0  startup_stm32f103xb.o(.text)
    TIM2_IRQHandler                          0x08000203   Thumb Code     0  startup_stm32f103xb.o(.text)
    TIM3_IRQHandler                          0x08000203   Thumb Code     0  startup_stm32f103xb.o(.text)
    TIM4_IRQHandler                          0x08000203   Thumb Code     0  startup_stm32f103xb.o(.text)
    USART1_IRQHandler                        0x08000203   Thumb Code     0  startup_stm32f103xb.o(.text)
    USART2_IRQHandler                        0x08000203   Thumb Code     0  startup_stm32f103xb.o(.text)
    USART3_IRQHandler                        0x08000203   Thumb Code     0  startup_stm32f103xb.o(.text)
    USBWakeUp_IRQHandler                     0x08000203   Thumb Code     0  startup_stm32f103xb.o(.text)
    USB_HP_CAN1_TX_IRQHandler                0x08000203   Thumb Code     0  startup_stm32f103xb.o(.text)
    USB_LP_CAN1_RX0_IRQHandler               0x08000203   Thumb Code     0  startup_stm32f103xb.o(.text)
    WWDG_IRQHandler                          0x08000203   Thumb Code     0  startup_stm32f103xb.o(.text)
    __user_initial_stackheap                 0x08000205   Thumb Code     0  startup_stm32f103xb.o(.text)
    __2sprintf                               0x08000229   Thumb Code    34  noretval__2sprintf.o(.text)
    _printf_pre_padding                      0x08000251   Thumb Code    44  _printf_pad.o(.text)
    _printf_post_padding                     0x0800027d   Thumb Code    34  _printf_pad.o(.text)
    _printf_int_dec                          0x080002a1   Thumb Code   104  _printf_dec.o(.text)
    __printf                                 0x08000319   Thumb Code   308  __printf_flags_wp.o(.text)
    __aeabi_memcpy4                          0x08000451   Thumb Code     0  rt_memcpy_w.o(.text)
    __aeabi_memcpy8                          0x08000451   Thumb Code     0  rt_memcpy_w.o(.text)
    __rt_memcpy_w                            0x08000451   Thumb Code   100  rt_memcpy_w.o(.text)
    _memcpy_lastbytes_aligned                0x08000499   Thumb Code     0  rt_memcpy_w.o(.text)
    __aeabi_memclr4                          0x080004b5   Thumb Code     0  rt_memclr_w.o(.text)
    __aeabi_memclr8                          0x080004b5   Thumb Code     0  rt_memclr_w.o(.text)
    __rt_memclr_w                            0x080004b5   Thumb Code    78  rt_memclr_w.o(.text)
    _memset_w                                0x080004b9   Thumb Code     0  rt_memclr_w.o(.text)
    __use_two_region_memory                  0x08000503   Thumb Code     2  heapauxi.o(.text)
    __rt_heap_escrow$2region                 0x08000505   Thumb Code     2  heapauxi.o(.text)
    __rt_heap_expand$2region                 0x08000507   Thumb Code     2  heapauxi.o(.text)
    __read_errno                             0x08000509   Thumb Code    10  _rserrno.o(.text)
    __set_errno                              0x08000513   Thumb Code    12  _rserrno.o(.text)
    _printf_int_common                       0x0800051f   Thumb Code   178  _printf_intcommon.o(.text)
    __lib_sel_fp_printf                      0x080005d1   Thumb Code     2  _printf_fp_dec.o(.text)
    _printf_fp_dec_real                      0x08000783   Thumb Code   620  _printf_fp_dec.o(.text)
    _printf_char_common                      0x080009fb   Thumb Code    32  _printf_char_common.o(.text)
    _sputc                                   0x08000a21   Thumb Code    10  _sputc.o(.text)
    __rt_locale                              0x08000a2d   Thumb Code     8  rt_locale_intlibspace.o(.text)
    __aeabi_errno_addr                       0x08000a35   Thumb Code     8  rt_errno_addr_intlibspace.o(.text)
    __errno$intlibspace                      0x08000a35   Thumb Code     0  rt_errno_addr_intlibspace.o(.text)
    __rt_errno_addr$intlibspace              0x08000a35   Thumb Code     0  rt_errno_addr_intlibspace.o(.text)
    _ll_udiv10                               0x08000a3d   Thumb Code   138  lludiv10.o(.text)
    _printf_fp_infnan                        0x08000ac9   Thumb Code   112  _printf_fp_infnan.o(.text)
    _btod_etento                             0x08000b49   Thumb Code   224  bigflt0.o(.text)
    __user_libspace                          0x08000c2d   Thumb Code     8  libspace.o(.text)
    __user_perproc_libspace                  0x08000c2d   Thumb Code     0  libspace.o(.text)
    __user_perthread_libspace                0x08000c2d   Thumb Code     0  libspace.o(.text)
    __user_setup_stackheap                   0x08000c35   Thumb Code    74  sys_stackheap_outer.o(.text)
    exit                                     0x08000c7f   Thumb Code    18  exit.o(.text)
    strcmp                                   0x08000c91   Thumb Code   128  strcmpv7m.o(.text)
    _sys_exit                                0x08000d11   Thumb Code     8  sys_exit.o(.text)
    __I$use$semihosting                      0x08000d1d   Thumb Code     0  use_no_semi.o(.text)
    __use_no_semihosting_swi                 0x08000d1d   Thumb Code     2  use_no_semi.o(.text)
    __semihosting_library_function           0x08000d1f   Thumb Code     0  indicate_semi.o(.text)
    _btod_d2e                                0x08000d1f   Thumb Code    62  btod.o(CL$$btod_d2e)
    _d2e_denorm_low                          0x08000d5d   Thumb Code    70  btod.o(CL$$btod_d2e_denorm_low)
    _d2e_norm_op1                            0x08000da3   Thumb Code    96  btod.o(CL$$btod_d2e_norm_op1)
    __btod_div_common                        0x08000e03   Thumb Code   696  btod.o(CL$$btod_div_common)
    _e2e                                     0x0800113b   Thumb Code   220  btod.o(CL$$btod_e2e)
    _btod_ediv                               0x08001217   Thumb Code    42  btod.o(CL$$btod_ediv)
    _btod_emul                               0x08001241   Thumb Code    42  btod.o(CL$$btod_emul)
    __btod_mult_common                       0x0800126b   Thumb Code   580  btod.o(CL$$btod_mult_common)
    BusFault_Handler                         0x080014af   Thumb Code     2  stm32f1xx_it.o(i.BusFault_Handler)
    DebugMon_Handler                         0x080014b1   Thumb Code     2  stm32f1xx_it.o(i.DebugMon_Handler)
    EXTI0_IRQHandler                         0x080014b3   Thumb Code     6  stm32f1xx_it.o(i.EXTI0_IRQHandler)
    Error_Handler                            0x080014b9   Thumb Code     4  main.o(i.Error_Handler)
    HAL_Delay                                0x080014bd   Thumb Code    32  stm32f1xx_hal.o(i.HAL_Delay)
    HAL_GPIO_EXTI_Callback                   0x080014e1   Thumb Code   114  user_key.o(i.HAL_GPIO_EXTI_Callback)
    HAL_GPIO_EXTI_IRQHandler                 0x0800155d   Thumb Code    18  stm32f1xx_hal_gpio.o(i.HAL_GPIO_EXTI_IRQHandler)
    HAL_GPIO_Init                            0x08001575   Thumb Code   446  stm32f1xx_hal_gpio.o(i.HAL_GPIO_Init)
    HAL_GPIO_ReadPin                         0x08001755   Thumb Code    10  stm32f1xx_hal_gpio.o(i.HAL_GPIO_ReadPin)
    HAL_GPIO_WritePin                        0x0800175f   Thumb Code    10  stm32f1xx_hal_gpio.o(i.HAL_GPIO_WritePin)
    HAL_GetTick                              0x08001769   Thumb Code     6  stm32f1xx_hal.o(i.HAL_GetTick)
    HAL_IncTick                              0x08001775   Thumb Code    12  stm32f1xx_hal.o(i.HAL_IncTick)
    HAL_Init                                 0x08001785   Thumb Code    32  stm32f1xx_hal.o(i.HAL_Init)
    HAL_InitTick                             0x080017a9   Thumb Code    54  stm32f1xx_hal.o(i.HAL_InitTick)
    HAL_MspInit                              0x080017e9   Thumb Code    52  stm32f1xx_hal_msp.o(i.HAL_MspInit)
    HAL_NVIC_EnableIRQ                       0x08001825   Thumb Code    26  stm32f1xx_hal_cortex.o(i.HAL_NVIC_EnableIRQ)
    HAL_NVIC_SetPriority                     0x08001841   Thumb Code    60  stm32f1xx_hal_cortex.o(i.HAL_NVIC_SetPriority)
    HAL_NVIC_SetPriorityGrouping             0x08001881   Thumb Code    26  stm32f1xx_hal_cortex.o(i.HAL_NVIC_SetPriorityGrouping)
    HAL_PWR_EnableBkUpAccess                 0x080018a5   Thumb Code     8  stm32f1xx_hal_pwr.o(i.HAL_PWR_EnableBkUpAccess)
    HAL_RCCEx_GetPeriphCLKFreq               0x080018b1   Thumb Code   148  stm32f1xx_hal_rcc_ex.o(i.HAL_RCCEx_GetPeriphCLKFreq)
    HAL_RCCEx_PeriphCLKConfig                0x08001955   Thumb Code   224  stm32f1xx_hal_rcc_ex.o(i.HAL_RCCEx_PeriphCLKConfig)
    HAL_RCC_ClockConfig                      0x08001a41   Thumb Code   280  stm32f1xx_hal_rcc.o(i.HAL_RCC_ClockConfig)
    HAL_RCC_GetPCLK2Freq                     0x08001b6d   Thumb Code    20  stm32f1xx_hal_rcc.o(i.HAL_RCC_GetPCLK2Freq)
    HAL_RCC_GetSysClockFreq                  0x08001b8d   Thumb Code    58  stm32f1xx_hal_rcc.o(i.HAL_RCC_GetSysClockFreq)
    HAL_RCC_OscConfig                        0x08001bd9   Thumb Code   778  stm32f1xx_hal_rcc.o(i.HAL_RCC_OscConfig)
    HAL_RTC_Init                             0x08001ef9   Thumb Code   144  stm32f1xx_hal_rtc.o(i.HAL_RTC_Init)
    HAL_RTC_MspInit                          0x08001f8d   Thumb Code    40  rtc.o(i.HAL_RTC_MspInit)
    HAL_RTC_SetDate                          0x08001fc1   Thumb Code   192  stm32f1xx_hal_rtc.o(i.HAL_RTC_SetDate)
    HAL_RTC_SetTime                          0x08002085   Thumb Code   168  stm32f1xx_hal_rtc.o(i.HAL_RTC_SetTime)
    HAL_RTC_WaitForSynchro                   0x08002131   Thumb Code    58  stm32f1xx_hal_rtc.o(i.HAL_RTC_WaitForSynchro)
    HAL_SYSTICK_Config                       0x0800216b   Thumb Code    40  stm32f1xx_hal_cortex.o(i.HAL_SYSTICK_Config)
    HardFault_Handler                        0x08002193   Thumb Code     2  stm32f1xx_it.o(i.HardFault_Handler)
    IIC_SDA_Mode_IN                          0x08002195   Thumb Code    28  tsl2561_i2c.o(i.IIC_SDA_Mode_IN)
    IIC_SDA_Mode_OUT                         0x080021b5   Thumb Code    26  tsl2561_i2c.o(i.IIC_SDA_Mode_OUT)
    MX_GPIO_Init                             0x080021d5   Thumb Code   226  gpio.o(i.MX_GPIO_Init)
    MX_RTC_Init                              0x080022cd   Thumb Code   110  rtc.o(i.MX_RTC_Init)
    MemManage_Handler                        0x08002345   Thumb Code     2  stm32f1xx_it.o(i.MemManage_Handler)
    NMI_Handler                              0x08002347   Thumb Code     2  stm32f1xx_it.o(i.NMI_Handler)
    OLED_Chinese16                           0x08002349   Thumb Code    84  oled.o(i.OLED_Chinese16)
    OLED_Clear                               0x080023a1   Thumb Code    62  oled.o(i.OLED_Clear)
    OLED_ClearPic                            0x080023e5   Thumb Code    28  oled.o(i.OLED_ClearPic)
    OLED_DrawPoint                           0x08002405   Thumb Code    44  oled.o(i.OLED_DrawPoint)
    OLED_I2C_Init                            0x08002435   Thumb Code    28  oled.o(i.OLED_I2C_Init)
    OLED_I2C_SendByte                        0x08002455   Thumb Code    86  oled.o(i.OLED_I2C_SendByte)
    OLED_I2C_Start                           0x080024b1   Thumb Code    52  oled.o(i.OLED_I2C_Start)
    OLED_I2C_Stop                            0x080024e9   Thumb Code    42  oled.o(i.OLED_I2C_Stop)
    OLED_Init                                0x08002519   Thumb Code   172  oled.o(i.OLED_Init)
    OLED_Refresh                             0x080025c5   Thumb Code    60  oled.o(i.OLED_Refresh)
    OLED_SetCursor                           0x08002605   Thumb Code    34  oled.o(i.OLED_SetCursor)
    OLED_ShowChar                            0x08002629   Thumb Code    98  oled.o(i.OLED_ShowChar)
    OLED_ShowPicture                         0x08002691   Thumb Code   156  oled.o(i.OLED_ShowPicture)
    OLED_ShowString                          0x0800272d   Thumb Code    38  oled.o(i.OLED_ShowString)
    OLED_WriteCommand                        0x08002753   Thumb Code    34  oled.o(i.OLED_WriteCommand)
    OLED_WriteData                           0x08002775   Thumb Code    34  oled.o(i.OLED_WriteData)
    PendSV_Handler                           0x08002797   Thumb Code     2  stm32f1xx_it.o(i.PendSV_Handler)
    Read_Light                               0x080028ed   Thumb Code   354  tsl2561.o(i.Read_Light)
    SVC_Handler                              0x08002aa9   Thumb Code     2  stm32f1xx_it.o(i.SVC_Handler)
    SysTick_Handler                          0x08002aab   Thumb Code     4  stm32f1xx_it.o(i.SysTick_Handler)
    SystemClock_Config                       0x08002aaf   Thumb Code   128  main.o(i.SystemClock_Config)
    SystemInit                               0x08002b2f   Thumb Code     2  system_stm32f1xx.o(i.SystemInit)
    TSL2561_I2C_Init                         0x08002b31   Thumb Code    28  tsl2561_i2c.o(i.TSL2561_I2C_Init)
    TSL2561_I2C_Read_ACK                     0x08002b51   Thumb Code    92  tsl2561_i2c.o(i.TSL2561_I2C_Read_ACK)
    TSL2561_I2C_Read_Byte                    0x08002bb1   Thumb Code    94  tsl2561_i2c.o(i.TSL2561_I2C_Read_Byte)
    TSL2561_I2C_Start                        0x08002c15   Thumb Code    64  tsl2561_i2c.o(i.TSL2561_I2C_Start)
    TSL2561_I2C_Stop                         0x08002c59   Thumb Code    70  tsl2561_i2c.o(i.TSL2561_I2C_Stop)
    TSL2561_I2C_Write_Byte                   0x08002ca5   Thumb Code    92  tsl2561_i2c.o(i.TSL2561_I2C_Write_Byte)
    TSL2561_Init                             0x08002d05   Thumb Code    22  tsl2561.o(i.TSL2561_Init)
    TSL2561_LED_off                          0x08002d1d   Thumb Code    12  tsl2561.o(i.TSL2561_LED_off)
    TSL2561_LED_on                           0x08002d2d   Thumb Code    10  tsl2561.o(i.TSL2561_LED_on)
    TSL2561_PowerDown                        0x08002d3d   Thumb Code     8  tsl2561.o(i.TSL2561_PowerDown)
    TSL2561_PowerOn                          0x08002d45   Thumb Code     8  tsl2561.o(i.TSL2561_PowerOn)
    TSL2561_Read                             0x08002d4d   Thumb Code    66  tsl2561.o(i.TSL2561_Read)
    TSL2561_TimingSet                        0x08002d8f   Thumb Code     8  tsl2561.o(i.TSL2561_TimingSet)
    TSL2561_Write                            0x08002d97   Thumb Code    58  tsl2561.o(i.TSL2561_Write)
    UsageFault_Handler                       0x08002dd1   Thumb Code     2  stm32f1xx_it.o(i.UsageFault_Handler)
    User_Data_Show                           0x08002dd5   Thumb Code   266  user_oled.o(i.User_Data_Show)
    User_Detect_Show                         0x08002f05   Thumb Code    54  user_oled.o(i.User_Detect_Show)
    User_Home                                0x08002f41   Thumb Code    26  user_oled.o(i.User_Home)
    User_huizhang_Show                       0x08002f5d   Thumb Code    52  user_oled.o(i.User_huizhang_Show)
    __ARM_fpclassify                         0x08002f99   Thumb Code    40  fpclassify.o(i.__ARM_fpclassify)
    __kernel_poly                            0x08002fe1   Thumb Code   170  poly.o(i.__kernel_poly)
    __mathlib_dbl_divzero                    0x0800308d   Thumb Code    12  dunder.o(i.__mathlib_dbl_divzero)
    __mathlib_dbl_infnan2                    0x0800309d   Thumb Code     4  dunder.o(i.__mathlib_dbl_infnan2)
    __mathlib_dbl_invalid                    0x080030a1   Thumb Code    12  dunder.o(i.__mathlib_dbl_invalid)
    __mathlib_dbl_overflow                   0x080030ad   Thumb Code    14  dunder.o(i.__mathlib_dbl_overflow)
    __mathlib_dbl_underflow                  0x080030bd   Thumb Code    10  dunder.o(i.__mathlib_dbl_underflow)
    _is_digit                                0x080030cd   Thumb Code    14  __printf_wp.o(i._is_digit)
    i2c_delat_us                             0x080030db   Thumb Code    20  tsl2561_i2c.o(i.i2c_delat_us)
    main                                     0x080030f1   Thumb Code   116  main.o(i.main)
    pow                                      0x0800316d   Thumb Code  2512  pow.o(i.pow)
    sqrt                                     0x08003b45   Thumb Code    76  sqrt.o(i.sqrt)
    _get_lc_numeric                          0x08003b91   Thumb Code    44  lc_numeric_c.o(locale$$code)
    __aeabi_d2f                              0x08003bbd   Thumb Code     0  d2f.o(x$fpl$d2f)
    _d2f                                     0x08003bbd   Thumb Code    98  d2f.o(x$fpl$d2f)
    __aeabi_dadd                             0x08003c21   Thumb Code     0  daddsub_clz.o(x$fpl$dadd)
    _dadd                                    0x08003c21   Thumb Code   332  daddsub_clz.o(x$fpl$dadd)
    __fpl_dcheck_NaN1                        0x08003d71   Thumb Code    10  dcheck1.o(x$fpl$dcheck1)
    __fpl_dcmp_Inf                           0x08003d81   Thumb Code    24  dcmpi.o(x$fpl$dcmpinf)
    __aeabi_ddiv                             0x08003d99   Thumb Code     0  ddiv.o(x$fpl$ddiv)
    _ddiv                                    0x08003d99   Thumb Code   552  ddiv.o(x$fpl$ddiv)
    __aeabi_i2d                              0x08004049   Thumb Code     0  dflt_clz.o(x$fpl$dflt)
    _dflt                                    0x08004049   Thumb Code    46  dflt_clz.o(x$fpl$dflt)
    __aeabi_cdcmple                          0x08004079   Thumb Code     0  dleqf.o(x$fpl$dleqf)
    _dcmple                                  0x08004079   Thumb Code   120  dleqf.o(x$fpl$dleqf)
    __fpl_dcmple_InfNaN                      0x080040db   Thumb Code     0  dleqf.o(x$fpl$dleqf)
    __aeabi_dmul                             0x080040f1   Thumb Code     0  dmul.o(x$fpl$dmul)
    _dmul                                    0x080040f1   Thumb Code   332  dmul.o(x$fpl$dmul)
    __fpl_dnaninf                            0x08004245   Thumb Code   156  dnaninf.o(x$fpl$dnaninf)
    __fpl_dretinf                            0x080042e1   Thumb Code    12  dretinf.o(x$fpl$dretinf)
    __aeabi_cdrcmple                         0x080042ed   Thumb Code     0  drleqf.o(x$fpl$drleqf)
    _drcmple                                 0x080042ed   Thumb Code   108  drleqf.o(x$fpl$drleqf)
    __aeabi_drsub                            0x08004359   Thumb Code     0  daddsub_clz.o(x$fpl$drsb)
    _drsb                                    0x08004359   Thumb Code    22  daddsub_clz.o(x$fpl$drsb)
    _dsqrt                                   0x08004371   Thumb Code   456  dsqrt_noumaal.o(x$fpl$dsqrt)
    __aeabi_dsub                             0x0800453d   Thumb Code     0  daddsub_clz.o(x$fpl$dsub)
    _dsub                                    0x0800453d   Thumb Code   464  daddsub_clz.o(x$fpl$dsub)
    __aeabi_f2d                              0x08004711   Thumb Code     0  f2d.o(x$fpl$f2d)
    _f2d                                     0x08004711   Thumb Code    86  f2d.o(x$fpl$f2d)
    __aeabi_fdiv                             0x08004769   Thumb Code     0  fdiv.o(x$fpl$fdiv)
    _fdiv                                    0x08004769   Thumb Code   384  fdiv.o(x$fpl$fdiv)
    __aeabi_f2uiz                            0x080048ed   Thumb Code     0  ffixu.o(x$fpl$ffixu)
    _ffixu                                   0x080048ed   Thumb Code    62  ffixu.o(x$fpl$ffixu)
    __aeabi_ui2f                             0x0800492d   Thumb Code     0  fflt_clz.o(x$fpl$ffltu)
    _ffltu                                   0x0800492d   Thumb Code    38  fflt_clz.o(x$fpl$ffltu)
    __fpl_fnaninf                            0x08004953   Thumb Code   140  fnaninf.o(x$fpl$fnaninf)
    __fpl_fretinf                            0x080049df   Thumb Code    10  fretinf.o(x$fpl$fretinf)
    _printf_fp_dec                           0x080049e9   Thumb Code     4  printf1.o(x$fpl$printf1)
    __fpl_return_NaN                         0x080049ed   Thumb Code   100  retnan.o(x$fpl$retnan)
    __ARM_scalbn                             0x08004a51   Thumb Code    92  scalbn.o(x$fpl$scalbn)
    __fpl_cmpreturn                          0x08004aad   Thumb Code    48  trapv.o(x$fpl$trapveneer)
    __I$use$fp                               0x08004adc   Number         0  usenofp.o(x$fpl$usenofp)
    AHBPrescTable                            0x08004b00   Data          16  system_stm32f1xx.o(.constdata)
    APBPrescTable                            0x08004b10   Data           8  system_stm32f1xx.o(.constdata)
    OLED_F8x16                               0x08004b18   Data        1600  oled.o(.constdata)
    OLED_F16x16                              0x08005158   Data         704  oled.o(.constdata)
    __mathlib_zero                           0x080054f0   Data           8  qnan.o(.constdata)
    Region$$Table$$Base                      0x0800558c   Number         0  anon$$obj.o(Region$$Table)
    Region$$Table$$Limit                     0x080055ac   Number         0  anon$$obj.o(Region$$Table)
    pa0                                      0x20000000   Data           4  main.o(.data)
    pa6                                      0x20000004   Data           4  main.o(.data)
    pa7                                      0x20000008   Data           4  main.o(.data)
    pa8                                      0x2000000c   Data           4  main.o(.data)
    uwTickFreq                               0x20000010   Data           1  stm32f1xx_hal.o(.data)
    uwTickPrio                               0x20000014   Data           4  stm32f1xx_hal.o(.data)
    uwTick                                   0x20000018   Data           4  stm32f1xx_hal.o(.data)
    SystemCoreClock                          0x2000001c   Data           4  system_stm32f1xx.o(.data)
    BMP_0                                    0x20000020   Data        1024  oled.o(.data)
    data_num                                 0x20000420   Data           4  user_oled.o(.data)
    myBMP                                    0x20000424   Data         512  user_oled.o(.data)
    myBMP1                                   0x20000624   Data         504  user_oled.o(.data)
    xiaohui                                  0x2000081c   Data         576  user_oled.o(.data)
    yuanhui                                  0x20000a5c   Data         512  user_oled.o(.data)
    light_ret                                0x20000c5c   Data           4  user_key.o(.data)
    hrtc                                     0x20000c60   Data          20  rtc.o(.bss)
    OLED_GRAM                                0x20000c74   Data        1024  oled.o(.bss)
    lightdata                                0x20001074   Data         396  user_oled.o(.bss)
    __libspace_start                         0x20001200   Data          96  libspace.o(.bss)
    __temporary_stack_top$libspace           0x20001260   Data           0  libspace.o(.bss)



==============================================================================

Memory Map of the image

  Image Entry point : 0x080000ed

  Load Region LR_IROM1 (Base: 0x08000000, Size: 0x00006228, Max: 0x00010000, ABSOLUTE, COMPRESSED[0x00005b8c])

    Execution Region ER_IROM1 (Exec base: 0x08000000, Load base: 0x08000000, Size: 0x000055c8, Max: 0x00010000, ABSOLUTE)

    Exec Addr    Load Addr    Size         Type   Attr      Idx    E Section Name        Object

    0x08000000   0x08000000   0x000000ec   Data   RO            3    RESET               startup_stm32f103xb.o
    0x080000ec   0x080000ec   0x00000008   Code   RO         2301  * !!!main             c_w.l(__main.o)
    0x080000f4   0x080000f4   0x00000034   Code   RO         2627    !!!scatter          c_w.l(__scatter.o)
    0x08000128   0x08000128   0x0000005a   Code   RO         2625    !!dczerorl2         c_w.l(__dczerorl2.o)
    0x08000182   0x08000182   0x00000002   PAD
    0x08000184   0x08000184   0x0000001c   Code   RO         2629    !!handler_zi        c_w.l(__scatter_zi.o)
    0x080001a0   0x080001a0   0x00000000   Code   RO         2294    .ARM.Collect$$_printf_percent$$00000000  c_w.l(_printf_percent.o)
    0x080001a0   0x080001a0   0x00000006   Code   RO         2293    .ARM.Collect$$_printf_percent$$00000003  c_w.l(_printf_f.o)
    0x080001a6   0x080001a6   0x00000006   Code   RO         2292    .ARM.Collect$$_printf_percent$$00000009  c_w.l(_printf_d.o)
    0x080001ac   0x080001ac   0x00000004   Code   RO         2358    .ARM.Collect$$_printf_percent$$00000017  c_w.l(_printf_percent_end.o)
    0x080001b0   0x080001b0   0x00000002   Code   RO         2490    .ARM.Collect$$libinit$$00000000  c_w.l(libinit.o)
    0x080001b2   0x080001b2   0x00000000   Code   RO         2492    .ARM.Collect$$libinit$$00000002  c_w.l(libinit2.o)
    0x080001b2   0x080001b2   0x00000000   Code   RO         2494    .ARM.Collect$$libinit$$00000004  c_w.l(libinit2.o)
    0x080001b2   0x080001b2   0x00000000   Code   RO         2497    .ARM.Collect$$libinit$$0000000A  c_w.l(libinit2.o)
    0x080001b2   0x080001b2   0x00000000   Code   RO         2499    .ARM.Collect$$libinit$$0000000C  c_w.l(libinit2.o)
    0x080001b2   0x080001b2   0x00000000   Code   RO         2501    .ARM.Collect$$libinit$$0000000E  c_w.l(libinit2.o)
    0x080001b2   0x080001b2   0x00000006   Code   RO         2502    .ARM.Collect$$libinit$$0000000F  c_w.l(libinit2.o)
    0x080001b8   0x080001b8   0x00000000   Code   RO         2504    .ARM.Collect$$libinit$$00000011  c_w.l(libinit2.o)
    0x080001b8   0x080001b8   0x00000000   Code   RO         2506    .ARM.Collect$$libinit$$00000013  c_w.l(libinit2.o)
    0x080001b8   0x080001b8   0x00000000   Code   RO         2508    .ARM.Collect$$libinit$$00000015  c_w.l(libinit2.o)
    0x080001b8   0x080001b8   0x0000000a   Code   RO         2509    .ARM.Collect$$libinit$$00000016  c_w.l(libinit2.o)
    0x080001c2   0x080001c2   0x00000000   Code   RO         2510    .ARM.Collect$$libinit$$00000017  c_w.l(libinit2.o)
    0x080001c2   0x080001c2   0x00000000   Code   RO         2512    .ARM.Collect$$libinit$$00000019  c_w.l(libinit2.o)
    0x080001c2   0x080001c2   0x00000000   Code   RO         2514    .ARM.Collect$$libinit$$0000001B  c_w.l(libinit2.o)
    0x080001c2   0x080001c2   0x00000000   Code   RO         2516    .ARM.Collect$$libinit$$0000001D  c_w.l(libinit2.o)
    0x080001c2   0x080001c2   0x00000000   Code   RO         2518    .ARM.Collect$$libinit$$0000001F  c_w.l(libinit2.o)
    0x080001c2   0x080001c2   0x00000000   Code   RO         2520    .ARM.Collect$$libinit$$00000021  c_w.l(libinit2.o)
    0x080001c2   0x080001c2   0x00000000   Code   RO         2522    .ARM.Collect$$libinit$$00000023  c_w.l(libinit2.o)
    0x080001c2   0x080001c2   0x00000000   Code   RO         2524    .ARM.Collect$$libinit$$00000025  c_w.l(libinit2.o)
    0x080001c2   0x080001c2   0x00000000   Code   RO         2528    .ARM.Collect$$libinit$$0000002C  c_w.l(libinit2.o)
    0x080001c2   0x080001c2   0x00000000   Code   RO         2530    .ARM.Collect$$libinit$$0000002E  c_w.l(libinit2.o)
    0x080001c2   0x080001c2   0x00000000   Code   RO         2532    .ARM.Collect$$libinit$$00000030  c_w.l(libinit2.o)
    0x080001c2   0x080001c2   0x00000000   Code   RO         2534    .ARM.Collect$$libinit$$00000032  c_w.l(libinit2.o)
    0x080001c2   0x080001c2   0x00000002   Code   RO         2535    .ARM.Collect$$libinit$$00000033  c_w.l(libinit2.o)
    0x080001c4   0x080001c4   0x00000002   Code   RO         2571    .ARM.Collect$$libshutdown$$00000000  c_w.l(libshutdown.o)
    0x080001c6   0x080001c6   0x00000000   Code   RO         2582    .ARM.Collect$$libshutdown$$00000002  c_w.l(libshutdown2.o)
    0x080001c6   0x080001c6   0x00000000   Code   RO         2584    .ARM.Collect$$libshutdown$$00000004  c_w.l(libshutdown2.o)
    0x080001c6   0x080001c6   0x00000000   Code   RO         2586    .ARM.Collect$$libshutdown$$00000006  c_w.l(libshutdown2.o)
    0x080001c6   0x080001c6   0x00000000   Code   RO         2589    .ARM.Collect$$libshutdown$$00000009  c_w.l(libshutdown2.o)
    0x080001c6   0x080001c6   0x00000000   Code   RO         2592    .ARM.Collect$$libshutdown$$0000000C  c_w.l(libshutdown2.o)
    0x080001c6   0x080001c6   0x00000000   Code   RO         2594    .ARM.Collect$$libshutdown$$0000000E  c_w.l(libshutdown2.o)
    0x080001c6   0x080001c6   0x00000000   Code   RO         2597    .ARM.Collect$$libshutdown$$00000011  c_w.l(libshutdown2.o)
    0x080001c6   0x080001c6   0x00000002   Code   RO         2598    .ARM.Collect$$libshutdown$$00000012  c_w.l(libshutdown2.o)
    0x080001c8   0x080001c8   0x00000000   Code   RO         2347    .ARM.Collect$$rtentry$$00000000  c_w.l(__rtentry.o)
    0x080001c8   0x080001c8   0x00000000   Code   RO         2410    .ARM.Collect$$rtentry$$00000002  c_w.l(__rtentry2.o)
    0x080001c8   0x080001c8   0x00000006   Code   RO         2422    .ARM.Collect$$rtentry$$00000004  c_w.l(__rtentry4.o)
    0x080001ce   0x080001ce   0x00000000   Code   RO         2412    .ARM.Collect$$rtentry$$00000009  c_w.l(__rtentry2.o)
    0x080001ce   0x080001ce   0x00000004   Code   RO         2413    .ARM.Collect$$rtentry$$0000000A  c_w.l(__rtentry2.o)
    0x080001d2   0x080001d2   0x00000000   Code   RO         2415    .ARM.Collect$$rtentry$$0000000C  c_w.l(__rtentry2.o)
    0x080001d2   0x080001d2   0x00000008   Code   RO         2416    .ARM.Collect$$rtentry$$0000000D  c_w.l(__rtentry2.o)
    0x080001da   0x080001da   0x00000002   Code   RO         2540    .ARM.Collect$$rtexit$$00000000  c_w.l(rtexit.o)
    0x080001dc   0x080001dc   0x00000000   Code   RO         2549    .ARM.Collect$$rtexit$$00000002  c_w.l(rtexit2.o)
    0x080001dc   0x080001dc   0x00000004   Code   RO         2550    .ARM.Collect$$rtexit$$00000003  c_w.l(rtexit2.o)
    0x080001e0   0x080001e0   0x00000006   Code   RO         2551    .ARM.Collect$$rtexit$$00000004  c_w.l(rtexit2.o)
    0x080001e6   0x080001e6   0x00000002   PAD
    0x080001e8   0x080001e8   0x00000040   Code   RO            4    .text               startup_stm32f103xb.o
    0x08000228   0x08000228   0x00000028   Code   RO         2264    .text               c_w.l(noretval__2sprintf.o)
    0x08000250   0x08000250   0x0000004e   Code   RO         2268    .text               c_w.l(_printf_pad.o)
    0x0800029e   0x0800029e   0x00000002   PAD
    0x080002a0   0x080002a0   0x00000078   Code   RO         2270    .text               c_w.l(_printf_dec.o)
    0x08000318   0x08000318   0x00000138   Code   RO         2284    .text               c_w.l(__printf_flags_wp.o)
    0x08000450   0x08000450   0x00000064   Code   RO         2295    .text               c_w.l(rt_memcpy_w.o)
    0x080004b4   0x080004b4   0x0000004e   Code   RO         2297    .text               c_w.l(rt_memclr_w.o)
    0x08000502   0x08000502   0x00000006   Code   RO         2299    .text               c_w.l(heapauxi.o)
    0x08000508   0x08000508   0x00000016   Code   RO         2348    .text               c_w.l(_rserrno.o)
    0x0800051e   0x0800051e   0x000000b2   Code   RO         2350    .text               c_w.l(_printf_intcommon.o)
    0x080005d0   0x080005d0   0x0000041e   Code   RO         2352    .text               c_w.l(_printf_fp_dec.o)
    0x080009ee   0x080009ee   0x00000002   PAD
    0x080009f0   0x080009f0   0x00000030   Code   RO         2354    .text               c_w.l(_printf_char_common.o)
    0x08000a20   0x08000a20   0x0000000a   Code   RO         2356    .text               c_w.l(_sputc.o)
    0x08000a2a   0x08000a2a   0x00000002   PAD
    0x08000a2c   0x08000a2c   0x00000008   Code   RO         2427    .text               c_w.l(rt_locale_intlibspace.o)
    0x08000a34   0x08000a34   0x00000008   Code   RO         2432    .text               c_w.l(rt_errno_addr_intlibspace.o)
    0x08000a3c   0x08000a3c   0x0000008a   Code   RO         2434    .text               c_w.l(lludiv10.o)
    0x08000ac6   0x08000ac6   0x00000002   PAD
    0x08000ac8   0x08000ac8   0x00000080   Code   RO         2436    .text               c_w.l(_printf_fp_infnan.o)
    0x08000b48   0x08000b48   0x000000e4   Code   RO         2440    .text               c_w.l(bigflt0.o)
    0x08000c2c   0x08000c2c   0x00000008   Code   RO         2476    .text               c_w.l(libspace.o)
    0x08000c34   0x08000c34   0x0000004a   Code   RO         2479    .text               c_w.l(sys_stackheap_outer.o)
    0x08000c7e   0x08000c7e   0x00000012   Code   RO         2481    .text               c_w.l(exit.o)
    0x08000c90   0x08000c90   0x00000080   Code   RO         2483    .text               c_w.l(strcmpv7m.o)
    0x08000d10   0x08000d10   0x0000000c   Code   RO         2561    .text               c_w.l(sys_exit.o)
    0x08000d1c   0x08000d1c   0x00000002   Code   RO         2572    .text               c_w.l(use_no_semi.o)
    0x08000d1e   0x08000d1e   0x00000000   Code   RO         2574    .text               c_w.l(indicate_semi.o)
    0x08000d1e   0x08000d1e   0x0000003e   Code   RO         2443    CL$$btod_d2e        c_w.l(btod.o)
    0x08000d5c   0x08000d5c   0x00000046   Code   RO         2445    CL$$btod_d2e_denorm_low  c_w.l(btod.o)
    0x08000da2   0x08000da2   0x00000060   Code   RO         2444    CL$$btod_d2e_norm_op1  c_w.l(btod.o)
    0x08000e02   0x08000e02   0x00000338   Code   RO         2453    CL$$btod_div_common  c_w.l(btod.o)
    0x0800113a   0x0800113a   0x000000dc   Code   RO         2450    CL$$btod_e2e        c_w.l(btod.o)
    0x08001216   0x08001216   0x0000002a   Code   RO         2447    CL$$btod_ediv       c_w.l(btod.o)
    0x08001240   0x08001240   0x0000002a   Code   RO         2446    CL$$btod_emul       c_w.l(btod.o)
    0x0800126a   0x0800126a   0x00000244   Code   RO         2452    CL$$btod_mult_common  c_w.l(btod.o)
    0x080014ae   0x080014ae   0x00000002   Code   RO          219    i.BusFault_Handler  stm32f1xx_it.o
    0x080014b0   0x080014b0   0x00000002   Code   RO          220    i.DebugMon_Handler  stm32f1xx_it.o
    0x080014b2   0x080014b2   0x00000006   Code   RO          221    i.EXTI0_IRQHandler  stm32f1xx_it.o
    0x080014b8   0x080014b8   0x00000004   Code   RO           13    i.Error_Handler     main.o
    0x080014bc   0x080014bc   0x00000024   Code   RO          639    i.HAL_Delay         stm32f1xx_hal.o
    0x080014e0   0x080014e0   0x0000007c   Code   RO         2075    i.HAL_GPIO_EXTI_Callback  user_key.o
    0x0800155c   0x0800155c   0x00000018   Code   RO          948    i.HAL_GPIO_EXTI_IRQHandler  stm32f1xx_hal_gpio.o
    0x08001574   0x08001574   0x000001e0   Code   RO          949    i.HAL_GPIO_Init     stm32f1xx_hal_gpio.o
    0x08001754   0x08001754   0x0000000a   Code   RO          951    i.HAL_GPIO_ReadPin  stm32f1xx_hal_gpio.o
    0x0800175e   0x0800175e   0x0000000a   Code   RO          953    i.HAL_GPIO_WritePin  stm32f1xx_hal_gpio.o
    0x08001768   0x08001768   0x0000000c   Code   RO          643    i.HAL_GetTick       stm32f1xx_hal.o
    0x08001774   0x08001774   0x00000010   Code   RO          649    i.HAL_IncTick       stm32f1xx_hal.o
    0x08001784   0x08001784   0x00000024   Code   RO          650    i.HAL_Init          stm32f1xx_hal.o
    0x080017a8   0x080017a8   0x00000040   Code   RO          651    i.HAL_InitTick      stm32f1xx_hal.o
    0x080017e8   0x080017e8   0x0000003c   Code   RO          300    i.HAL_MspInit       stm32f1xx_hal_msp.o
    0x08001824   0x08001824   0x0000001a   Code   RO         1109    i.HAL_NVIC_EnableIRQ  stm32f1xx_hal_cortex.o
    0x0800183e   0x0800183e   0x00000002   PAD
    0x08001840   0x08001840   0x00000040   Code   RO         1115    i.HAL_NVIC_SetPriority  stm32f1xx_hal_cortex.o
    0x08001880   0x08001880   0x00000024   Code   RO         1116    i.HAL_NVIC_SetPriorityGrouping  stm32f1xx_hal_cortex.o
    0x080018a4   0x080018a4   0x0000000c   Code   RO         1231    i.HAL_PWR_EnableBkUpAccess  stm32f1xx_hal_pwr.o
    0x080018b0   0x080018b0   0x000000a4   Code   RO          910    i.HAL_RCCEx_GetPeriphCLKFreq  stm32f1xx_hal_rcc_ex.o
    0x08001954   0x08001954   0x000000ec   Code   RO          911    i.HAL_RCCEx_PeriphCLKConfig  stm32f1xx_hal_rcc_ex.o
    0x08001a40   0x08001a40   0x0000012c   Code   RO          807    i.HAL_RCC_ClockConfig  stm32f1xx_hal_rcc.o
    0x08001b6c   0x08001b6c   0x00000020   Code   RO          815    i.HAL_RCC_GetPCLK2Freq  stm32f1xx_hal_rcc.o
    0x08001b8c   0x08001b8c   0x0000004c   Code   RO          816    i.HAL_RCC_GetSysClockFreq  stm32f1xx_hal_rcc.o
    0x08001bd8   0x08001bd8   0x00000320   Code   RO          819    i.HAL_RCC_OscConfig  stm32f1xx_hal_rcc.o
    0x08001ef8   0x08001ef8   0x00000094   Code   RO          368    i.HAL_RTC_Init      stm32f1xx_hal_rtc.o
    0x08001f8c   0x08001f8c   0x00000034   Code   RO          178    i.HAL_RTC_MspInit   rtc.o
    0x08001fc0   0x08001fc0   0x000000c4   Code   RO          374    i.HAL_RTC_SetDate   stm32f1xx_hal_rtc.o
    0x08002084   0x08002084   0x000000ac   Code   RO          375    i.HAL_RTC_SetTime   stm32f1xx_hal_rtc.o
    0x08002130   0x08002130   0x0000003a   Code   RO          376    i.HAL_RTC_WaitForSynchro  stm32f1xx_hal_rtc.o
    0x0800216a   0x0800216a   0x00000028   Code   RO         1120    i.HAL_SYSTICK_Config  stm32f1xx_hal_cortex.o
    0x08002192   0x08002192   0x00000002   Code   RO          222    i.HardFault_Handler  stm32f1xx_it.o
    0x08002194   0x08002194   0x00000020   Code   RO         2185    i.IIC_SDA_Mode_IN   tsl2561_i2c.o
    0x080021b4   0x080021b4   0x00000020   Code   RO         2186    i.IIC_SDA_Mode_OUT  tsl2561_i2c.o
    0x080021d4   0x080021d4   0x000000f8   Code   RO          153    i.MX_GPIO_Init      gpio.o
    0x080022cc   0x080022cc   0x00000078   Code   RO          179    i.MX_RTC_Init       rtc.o
    0x08002344   0x08002344   0x00000002   Code   RO          223    i.MemManage_Handler  stm32f1xx_it.o
    0x08002346   0x08002346   0x00000002   Code   RO          224    i.NMI_Handler       stm32f1xx_it.o
    0x08002348   0x08002348   0x00000058   Code   RO         1684    i.OLED_Chinese16    oled.o
    0x080023a0   0x080023a0   0x00000044   Code   RO         1685    i.OLED_Clear        oled.o
    0x080023e4   0x080023e4   0x00000020   Code   RO         1686    i.OLED_ClearPic     oled.o
    0x08002404   0x08002404   0x00000030   Code   RO         1687    i.OLED_DrawPoint    oled.o
    0x08002434   0x08002434   0x00000020   Code   RO         1688    i.OLED_I2C_Init     oled.o
    0x08002454   0x08002454   0x0000005c   Code   RO         1689    i.OLED_I2C_SendByte  oled.o
    0x080024b0   0x080024b0   0x00000038   Code   RO         1690    i.OLED_I2C_Start    oled.o
    0x080024e8   0x080024e8   0x00000030   Code   RO         1691    i.OLED_I2C_Stop     oled.o
    0x08002518   0x08002518   0x000000ac   Code   RO         1693    i.OLED_Init         oled.o
    0x080025c4   0x080025c4   0x00000040   Code   RO         1695    i.OLED_Refresh      oled.o
    0x08002604   0x08002604   0x00000022   Code   RO         1696    i.OLED_SetCursor    oled.o
    0x08002626   0x08002626   0x00000002   PAD
    0x08002628   0x08002628   0x00000068   Code   RO         1698    i.OLED_ShowChar     oled.o
    0x08002690   0x08002690   0x0000009c   Code   RO         1702    i.OLED_ShowPicture  oled.o
    0x0800272c   0x0800272c   0x00000026   Code   RO         1704    i.OLED_ShowString   oled.o
    0x08002752   0x08002752   0x00000022   Code   RO         1705    i.OLED_WriteCommand  oled.o
    0x08002774   0x08002774   0x00000022   Code   RO         1706    i.OLED_WriteData    oled.o
    0x08002796   0x08002796   0x00000002   Code   RO          225    i.PendSV_Handler    stm32f1xx_it.o
    0x08002798   0x08002798   0x00000012   Code   RO          377    i.RTC_Bcd2ToByte    stm32f1xx_hal_rtc.o
    0x080027aa   0x080027aa   0x00000034   Code   RO          380    i.RTC_EnterInitMode  stm32f1xx_hal_rtc.o
    0x080027de   0x080027de   0x00000002   PAD
    0x080027e0   0x080027e0   0x00000036   Code   RO          381    i.RTC_ExitInitMode  stm32f1xx_hal_rtc.o
    0x08002816   0x08002816   0x0000000e   Code   RO          382    i.RTC_ReadAlarmCounter  stm32f1xx_hal_rtc.o
    0x08002824   0x08002824   0x00000020   Code   RO          383    i.RTC_ReadTimeCounter  stm32f1xx_hal_rtc.o
    0x08002844   0x08002844   0x00000056   Code   RO          384    i.RTC_WeekDayNum    stm32f1xx_hal_rtc.o
    0x0800289a   0x0800289a   0x00000028   Code   RO          385    i.RTC_WriteAlarmCounter  stm32f1xx_hal_rtc.o
    0x080028c2   0x080028c2   0x00000028   Code   RO          386    i.RTC_WriteTimeCounter  stm32f1xx_hal_rtc.o
    0x080028ea   0x080028ea   0x00000002   PAD
    0x080028ec   0x080028ec   0x000001bc   Code   RO         2107    i.Read_Light        tsl2561.o
    0x08002aa8   0x08002aa8   0x00000002   Code   RO          226    i.SVC_Handler       stm32f1xx_it.o
    0x08002aaa   0x08002aaa   0x00000004   Code   RO          227    i.SysTick_Handler   stm32f1xx_it.o
    0x08002aae   0x08002aae   0x00000080   Code   RO           14    i.SystemClock_Config  main.o
    0x08002b2e   0x08002b2e   0x00000002   Code   RO         1646    i.SystemInit        system_stm32f1xx.o
    0x08002b30   0x08002b30   0x00000020   Code   RO         2187    i.TSL2561_I2C_Init  tsl2561_i2c.o
    0x08002b50   0x08002b50   0x00000060   Code   RO         2188    i.TSL2561_I2C_Read_ACK  tsl2561_i2c.o
    0x08002bb0   0x08002bb0   0x00000064   Code   RO         2189    i.TSL2561_I2C_Read_Byte  tsl2561_i2c.o
    0x08002c14   0x08002c14   0x00000044   Code   RO         2190    i.TSL2561_I2C_Start  tsl2561_i2c.o
    0x08002c58   0x08002c58   0x0000004c   Code   RO         2191    i.TSL2561_I2C_Stop  tsl2561_i2c.o
    0x08002ca4   0x08002ca4   0x00000060   Code   RO         2193    i.TSL2561_I2C_Write_Byte  tsl2561_i2c.o
    0x08002d04   0x08002d04   0x00000016   Code   RO         2108    i.TSL2561_Init      tsl2561.o
    0x08002d1a   0x08002d1a   0x00000002   PAD
    0x08002d1c   0x08002d1c   0x00000010   Code   RO         2109    i.TSL2561_LED_off   tsl2561.o
    0x08002d2c   0x08002d2c   0x00000010   Code   RO         2110    i.TSL2561_LED_on    tsl2561.o
    0x08002d3c   0x08002d3c   0x00000008   Code   RO         2111    i.TSL2561_PowerDown  tsl2561.o
    0x08002d44   0x08002d44   0x00000008   Code   RO         2112    i.TSL2561_PowerOn   tsl2561.o
    0x08002d4c   0x08002d4c   0x00000042   Code   RO         2113    i.TSL2561_Read      tsl2561.o
    0x08002d8e   0x08002d8e   0x00000008   Code   RO         2114    i.TSL2561_TimingSet  tsl2561.o
    0x08002d96   0x08002d96   0x0000003a   Code   RO         2115    i.TSL2561_Write     tsl2561.o
    0x08002dd0   0x08002dd0   0x00000002   Code   RO          228    i.UsageFault_Handler  stm32f1xx_it.o
    0x08002dd2   0x08002dd2   0x00000002   PAD
    0x08002dd4   0x08002dd4   0x00000130   Code   RO         1853    i.User_Data_Show    user_oled.o
    0x08002f04   0x08002f04   0x0000003c   Code   RO         1854    i.User_Detect_Show  user_oled.o
    0x08002f40   0x08002f40   0x0000001a   Code   RO         1855    i.User_Home         user_oled.o
    0x08002f5a   0x08002f5a   0x00000002   PAD
    0x08002f5c   0x08002f5c   0x0000003c   Code   RO         1862    i.User_huizhang_Show  user_oled.o
    0x08002f98   0x08002f98   0x00000028   Code   RO         2396    i.__ARM_fpclassify  m_ws.l(fpclassify.o)
    0x08002fc0   0x08002fc0   0x00000020   Code   RO         1122    i.__NVIC_SetPriority  stm32f1xx_hal_cortex.o
    0x08002fe0   0x08002fe0   0x000000aa   Code   RO         2398    i.__kernel_poly     m_ws.l(poly.o)
    0x0800308a   0x0800308a   0x00000002   PAD
    0x0800308c   0x0800308c   0x00000010   Code   RO         2382    i.__mathlib_dbl_divzero  m_ws.l(dunder.o)
    0x0800309c   0x0800309c   0x00000004   Code   RO         2384    i.__mathlib_dbl_infnan2  m_ws.l(dunder.o)
    0x080030a0   0x080030a0   0x0000000c   Code   RO         2385    i.__mathlib_dbl_invalid  m_ws.l(dunder.o)
    0x080030ac   0x080030ac   0x0000000e   Code   RO         2386    i.__mathlib_dbl_overflow  m_ws.l(dunder.o)
    0x080030ba   0x080030ba   0x00000002   PAD
    0x080030bc   0x080030bc   0x00000010   Code   RO         2388    i.__mathlib_dbl_underflow  m_ws.l(dunder.o)
    0x080030cc   0x080030cc   0x0000000e   Code   RO         2282    i._is_digit         c_w.l(__printf_wp.o)
    0x080030da   0x080030da   0x00000014   Code   RO         2194    i.i2c_delat_us      tsl2561_i2c.o
    0x080030ee   0x080030ee   0x00000002   PAD
    0x080030f0   0x080030f0   0x0000007c   Code   RO           15    i.main              main.o
    0x0800316c   0x0800316c   0x000009d8   Code   RO         2338    i.pow               m_ws.l(pow.o)
    0x08003b44   0x08003b44   0x0000004c   Code   RO         2402    i.sqrt              m_ws.l(sqrt.o)
    0x08003b90   0x08003b90   0x0000002c   Code   RO         2466    locale$$code        c_w.l(lc_numeric_c.o)
    0x08003bbc   0x08003bbc   0x00000062   Code   RO         2303    x$fpl$d2f           fz_ws.l(d2f.o)
    0x08003c1e   0x08003c1e   0x00000002   PAD
    0x08003c20   0x08003c20   0x00000150   Code   RO         2305    x$fpl$dadd          fz_ws.l(daddsub_clz.o)
    0x08003d70   0x08003d70   0x00000010   Code   RO         2468    x$fpl$dcheck1       fz_ws.l(dcheck1.o)
    0x08003d80   0x08003d80   0x00000018   Code   RO         2536    x$fpl$dcmpinf       fz_ws.l(dcmpi.o)
    0x08003d98   0x08003d98   0x000002b0   Code   RO         2360    x$fpl$ddiv          fz_ws.l(ddiv.o)
    0x08004048   0x08004048   0x0000002e   Code   RO         2364    x$fpl$dflt          fz_ws.l(dflt_clz.o)
    0x08004076   0x08004076   0x00000002   PAD
    0x08004078   0x08004078   0x00000078   Code   RO         2470    x$fpl$dleqf         fz_ws.l(dleqf.o)
    0x080040f0   0x080040f0   0x00000154   Code   RO         2311    x$fpl$dmul          fz_ws.l(dmul.o)
    0x08004244   0x08004244   0x0000009c   Code   RO         2369    x$fpl$dnaninf       fz_ws.l(dnaninf.o)
    0x080042e0   0x080042e0   0x0000000c   Code   RO         2371    x$fpl$dretinf       fz_ws.l(dretinf.o)
    0x080042ec   0x080042ec   0x0000006c   Code   RO         2373    x$fpl$drleqf        fz_ws.l(drleqf.o)
    0x08004358   0x08004358   0x00000016   Code   RO         2306    x$fpl$drsb          fz_ws.l(daddsub_clz.o)
    0x0800436e   0x0800436e   0x00000002   PAD
    0x08004370   0x08004370   0x000001cc   Code   RO         2472    x$fpl$dsqrt         fz_ws.l(dsqrt_noumaal.o)
    0x0800453c   0x0800453c   0x000001d4   Code   RO         2307    x$fpl$dsub          fz_ws.l(daddsub_clz.o)
    0x08004710   0x08004710   0x00000056   Code   RO         2313    x$fpl$f2d           fz_ws.l(f2d.o)
    0x08004766   0x08004766   0x00000002   PAD
    0x08004768   0x08004768   0x00000184   Code   RO         2316    x$fpl$fdiv          fz_ws.l(fdiv.o)
    0x080048ec   0x080048ec   0x0000003e   Code   RO         2323    x$fpl$ffixu         fz_ws.l(ffixu.o)
    0x0800492a   0x0800492a   0x00000002   PAD
    0x0800492c   0x0800492c   0x00000026   Code   RO         2327    x$fpl$ffltu         fz_ws.l(fflt_clz.o)
    0x08004952   0x08004952   0x0000008c   Code   RO         2375    x$fpl$fnaninf       fz_ws.l(fnaninf.o)
    0x080049de   0x080049de   0x0000000a   Code   RO         2377    x$fpl$fretinf       fz_ws.l(fretinf.o)
    0x080049e8   0x080049e8   0x00000004   Code   RO         2335    x$fpl$printf1       fz_ws.l(printf1.o)
    0x080049ec   0x080049ec   0x00000064   Code   RO         2538    x$fpl$retnan        fz_ws.l(retnan.o)
    0x08004a50   0x08004a50   0x0000005c   Code   RO         2379    x$fpl$scalbn        fz_ws.l(scalbn.o)
    0x08004aac   0x08004aac   0x00000030   Code   RO         2546    x$fpl$trapveneer    fz_ws.l(trapv.o)
    0x08004adc   0x08004adc   0x00000000   Code   RO         2381    x$fpl$usenofp       fz_ws.l(usenofp.o)
    0x08004adc   0x08004adc   0x00000012   Data   RO          820    .constdata          stm32f1xx_hal_rcc.o
    0x08004aee   0x08004aee   0x00000012   Data   RO          912    .constdata          stm32f1xx_hal_rcc_ex.o
    0x08004b00   0x08004b00   0x00000010   Data   RO         1647    .constdata          system_stm32f1xx.o
    0x08004b10   0x08004b10   0x00000008   Data   RO         1648    .constdata          system_stm32f1xx.o
    0x08004b18   0x08004b18   0x00000900   Data   RO         1708    .constdata          oled.o
    0x08005418   0x08005418   0x0000003c   Data   RO         1864    .constdata          user_oled.o
    0x08005454   0x08005454   0x00000011   Data   RO         2285    .constdata          c_w.l(__printf_flags_wp.o)
    0x08005465   0x08005465   0x00000003   PAD
    0x08005468   0x08005468   0x00000088   Data   RO         2339    .constdata          m_ws.l(pow.o)
    0x080054f0   0x080054f0   0x00000008   Data   RO         2400    .constdata          m_ws.l(qnan.o)
    0x080054f8   0x080054f8   0x00000094   Data   RO         2441    .constdata          c_w.l(bigflt0.o)
    0x0800558c   0x0800558c   0x00000020   Data   RO         2623    Region$$Table       anon$$obj.o
    0x080055ac   0x080055ac   0x0000001c   Data   RO         2465    locale$$data        c_w.l(lc_numeric_c.o)


    Execution Region RW_IRAM1 (Exec base: 0x20000000, Load base: 0x080055c8, Size: 0x00001860, Max: 0x00005000, ABSOLUTE, COMPRESSED[0x000005c4])

    Exec Addr    Load Addr    Size         Type   Attr      Idx    E Section Name        Object

    0x20000000   COMPRESSED   0x00000010   Data   RW           16    .data               main.o
    0x20000010   COMPRESSED   0x0000000c   Data   RW          657    .data               stm32f1xx_hal.o
    0x2000001c   COMPRESSED   0x00000004   Data   RW         1649    .data               system_stm32f1xx.o
    0x20000020   COMPRESSED   0x00000400   Data   RW         1709    .data               oled.o
    0x20000420   COMPRESSED   0x0000083c   Data   RW         1874    .data               user_oled.o
    0x20000c5c   COMPRESSED   0x00000004   Data   RW         2078    .data               user_key.o
    0x20000c60        -       0x00000014   Zero   RW          180    .bss                rtc.o
    0x20000c74        -       0x00000400   Zero   RW         1707    .bss                oled.o
    0x20001074        -       0x0000018c   Zero   RW         1863    .bss                user_oled.o
    0x20001200        -       0x00000060   Zero   RW         2477    .bss                c_w.l(libspace.o)
    0x20001260        -       0x00000200   Zero   RW            2    HEAP                startup_stm32f103xb.o
    0x20001460        -       0x00000400   Zero   RW            1    STACK               startup_stm32f103xb.o


==============================================================================

Image component sizes


      Code (inc. data)   RO Data    RW Data    ZI Data      Debug   Object Name

       248         22          0          0          0        995   gpio.o
       256          8          0         16          0     387466   main.o
      1100         48       2304       1024       1024      10996   oled.o
       172         22          0          0         20       1587   rtc.o
        64         26        236          0       1536        812   startup_stm32f103xb.o
       164         28          0         12          0       5901   stm32f1xx_hal.o
       198         14          0          0          0      28935   stm32f1xx_hal_cortex.o
       524         40          0          0          0       4114   stm32f1xx_hal_gpio.o
        60          8          0          0          0        870   stm32f1xx_hal_msp.o
        12          4          0          0          0        515   stm32f1xx_hal_pwr.o
      1208         72         18          0          0       4549   stm32f1xx_hal_rcc.o
       400         28         18          0          0       2465   stm32f1xx_hal_rcc_ex.o
       910         12          0          0          0       9376   stm32f1xx_hal_rtc.o
        26          0          0          0          0       4297   stm32f1xx_it.o
         2          0         24          4          0       1119   system_stm32f1xx.o
       646        100          0          0          0       5118   tsl2561.o
       552         38          0          0          0       5126   tsl2561_i2c.o
       124         10          0          4          0        956   user_key.o
       450         52         60       2108        396       3657   user_oled.o

    ----------------------------------------------------------------------
      7132        532       2692       3168       2976     478854   Object Totals
         0          0         32          0          0          0   (incl. Generated)
        16          0          0          0          0          0   (incl. Padding)

    ----------------------------------------------------------------------

      Code (inc. data)   RO Data    RW Data    ZI Data      Debug   Library Member Name

        90          0          0          0          0          0   __dczerorl2.o
         8          0          0          0          0         68   __main.o
       312          4         17          0          0         92   __printf_flags_wp.o
        14          0          0          0          0         68   __printf_wp.o
         0          0          0          0          0          0   __rtentry.o
        12          0          0          0          0          0   __rtentry2.o
         6          0          0          0          0          0   __rtentry4.o
        52          8          0          0          0          0   __scatter.o
        28          0          0          0          0          0   __scatter_zi.o
        48          6          0          0          0         96   _printf_char_common.o
         6          0          0          0          0          0   _printf_d.o
       120         16          0          0          0         92   _printf_dec.o
         6          0          0          0          0          0   _printf_f.o
      1054          0          0          0          0        216   _printf_fp_dec.o
       128         16          0          0          0         84   _printf_fp_infnan.o
       178          0          0          0          0         88   _printf_intcommon.o
        78          0          0          0          0        108   _printf_pad.o
         0          0          0          0          0          0   _printf_percent.o
         4          0          0          0          0          0   _printf_percent_end.o
        22          0          0          0          0        100   _rserrno.o
        10          0          0          0          0         68   _sputc.o
       228          4        148          0          0         96   bigflt0.o
      1936        128          0          0          0        672   btod.o
        18          0          0          0          0         80   exit.o
         6          0          0          0          0        152   heapauxi.o
         0          0          0          0          0          0   indicate_semi.o
        44         10         28          0          0         76   lc_numeric_c.o
         2          0          0          0          0          0   libinit.o
        18          0          0          0          0          0   libinit2.o
         2          0          0          0          0          0   libshutdown.o
         2          0          0          0          0          0   libshutdown2.o
         8          4          0          0         96         68   libspace.o
       138          0          0          0          0         80   lludiv10.o
        40          6          0          0          0         84   noretval__2sprintf.o
         8          4          0          0          0         68   rt_errno_addr_intlibspace.o
         8          4          0          0          0         68   rt_locale_intlibspace.o
        78          0          0          0          0         80   rt_memclr_w.o
       100          0          0          0          0         80   rt_memcpy_w.o
         2          0          0          0          0          0   rtexit.o
        10          0          0          0          0          0   rtexit2.o
       128          0          0          0          0         68   strcmpv7m.o
        12          4          0          0          0         68   sys_exit.o
        74          0          0          0          0         80   sys_stackheap_outer.o
         2          0          0          0          0         68   use_no_semi.o
        98          4          0          0          0         92   d2f.o
       826         16          0          0          0        348   daddsub_clz.o
        16          4          0          0          0         68   dcheck1.o
        24          0          0          0          0         68   dcmpi.o
       688        140          0          0          0        208   ddiv.o
        46          0          0          0          0         68   dflt_clz.o
       120          4          0          0          0         92   dleqf.o
       340         12          0          0          0        104   dmul.o
       156          4          0          0          0         92   dnaninf.o
        12          0          0          0          0         68   dretinf.o
       108          0          0          0          0         80   drleqf.o
       460         56          0          0          0        120   dsqrt_noumaal.o
        86          4          0          0          0         84   f2d.o
       388         76          0          0          0         96   fdiv.o
        62          4          0          0          0         84   ffixu.o
        38          0          0          0          0         68   fflt_clz.o
       140          4          0          0          0         84   fnaninf.o
        10          0          0          0          0         68   fretinf.o
         4          0          0          0          0         68   printf1.o
       100          0          0          0          0         68   retnan.o
        92          0          0          0          0         68   scalbn.o
        48          0          0          0          0         68   trapv.o
         0          0          0          0          0          0   usenofp.o
        62         10          0          0          0        340   dunder.o
        40          0          0          0          0         68   fpclassify.o
       170          0          0          0          0         96   poly.o
      2520        190        136          0          0        324   pow.o
         0          0          8          0          0          0   qnan.o
        76          0          0          0          0         84   sqrt.o

    ----------------------------------------------------------------------
     11796        742        340          0         96       6044   Library Totals
        26          0          3          0          0          0   (incl. Padding)

    ----------------------------------------------------------------------

      Code (inc. data)   RO Data    RW Data    ZI Data      Debug   Library Name

      5040        214        193          0         96       2968   c_w.l
      3862        328          0          0          0       2164   fz_ws.l
      2868        200        144          0          0        912   m_ws.l

    ----------------------------------------------------------------------
     11796        742        340          0         96       6044   Library Totals

    ----------------------------------------------------------------------

==============================================================================


      Code (inc. data)   RO Data    RW Data    ZI Data      Debug   

     18928       1274       3032       3168       3072     477146   Grand Totals
     18928       1274       3032       1476       3072     477146   ELF Image Totals (compressed)
     18928       1274       3032       1476          0          0   ROM Totals

==============================================================================

    Total RO  Size (Code + RO Data)                21960 (  21.45kB)
    Total RW  Size (RW Data + ZI Data)              6240 (   6.09kB)
    Total ROM Size (Code + RO Data + RW Data)      23436 (  22.89kB)

==============================================================================

