Component: ARM Compiler 5.06 update 7 (build 960) Tool: armlink [4d3601]

==============================================================================

Section Cross References

    startup_stm32f103xb.o(STACK) refers (Special) to heapauxi.o(.text) for __use_two_region_memory
    startup_stm32f103xb.o(HEAP) refers (Special) to heapauxi.o(.text) for __use_two_region_memory
    startup_stm32f103xb.o(RESET) refers (Special) to heapauxi.o(.text) for __use_two_region_memory
    startup_stm32f103xb.o(RESET) refers to startup_stm32f103xb.o(STACK) for __initial_sp
    startup_stm32f103xb.o(RESET) refers to startup_stm32f103xb.o(.text) for Reset_Handler
    startup_stm32f103xb.o(RESET) refers to stm32f1xx_it.o(i.NMI_Handler) for NMI_Handler
    startup_stm32f103xb.o(RESET) refers to stm32f1xx_it.o(i.HardFault_Handler) for HardFault_Handler
    startup_stm32f103xb.o(RESET) refers to stm32f1xx_it.o(i.MemManage_Handler) for MemManage_Handler
    startup_stm32f103xb.o(RESET) refers to stm32f1xx_it.o(i.BusFault_Handler) for BusFault_Handler
    startup_stm32f103xb.o(RESET) refers to stm32f1xx_it.o(i.UsageFault_Handler) for UsageFault_Handler
    startup_stm32f103xb.o(RESET) refers to stm32f1xx_it.o(i.SVC_Handler) for SVC_Handler
    startup_stm32f103xb.o(RESET) refers to stm32f1xx_it.o(i.DebugMon_Handler) for DebugMon_Handler
    startup_stm32f103xb.o(RESET) refers to stm32f1xx_it.o(i.PendSV_Handler) for PendSV_Handler
    startup_stm32f103xb.o(RESET) refers to stm32f1xx_it.o(i.SysTick_Handler) for SysTick_Handler
    startup_stm32f103xb.o(RESET) refers to stm32f1xx_it.o(i.RTC_IRQHandler) for RTC_IRQHandler
    startup_stm32f103xb.o(RESET) refers to stm32f1xx_it.o(i.EXTI0_IRQHandler) for EXTI0_IRQHandler
    startup_stm32f103xb.o(RESET) refers to stm32f1xx_it.o(i.EXTI1_IRQHandler) for EXTI1_IRQHandler
    startup_stm32f103xb.o(RESET) refers to stm32f1xx_it.o(i.EXTI2_IRQHandler) for EXTI2_IRQHandler
    startup_stm32f103xb.o(RESET) refers to stm32f1xx_it.o(i.EXTI3_IRQHandler) for EXTI3_IRQHandler
    startup_stm32f103xb.o(RESET) refers to stm32f1xx_it.o(i.EXTI4_IRQHandler) for EXTI4_IRQHandler
    startup_stm32f103xb.o(RESET) refers to stm32f1xx_it.o(i.TIM2_IRQHandler) for TIM2_IRQHandler
    startup_stm32f103xb.o(.text) refers (Special) to heapauxi.o(.text) for __use_two_region_memory
    startup_stm32f103xb.o(.text) refers to system_stm32f1xx.o(i.SystemInit) for SystemInit
    startup_stm32f103xb.o(.text) refers to __main.o(!!!main) for __main
    startup_stm32f103xb.o(.text) refers to startup_stm32f103xb.o(HEAP) for Heap_Mem
    startup_stm32f103xb.o(.text) refers to startup_stm32f103xb.o(STACK) for Stack_Mem
    main.o(i.SystemClock_Config) refers to rt_memclr_w.o(.text) for __aeabi_memclr4
    main.o(i.SystemClock_Config) refers to stm32f1xx_hal_rcc.o(i.HAL_RCC_OscConfig) for HAL_RCC_OscConfig
    main.o(i.SystemClock_Config) refers to stm32f1xx_hal_rcc.o(i.HAL_RCC_ClockConfig) for HAL_RCC_ClockConfig
    main.o(i.SystemClock_Config) refers to stm32f1xx_hal_rcc_ex.o(i.HAL_RCCEx_PeriphCLKConfig) for HAL_RCCEx_PeriphCLKConfig
    main.o(i.main) refers to stm32f1xx_hal.o(i.HAL_Init) for HAL_Init
    main.o(i.main) refers to main.o(i.SystemClock_Config) for SystemClock_Config
    main.o(i.main) refers to stm32f1xx_hal_cortex.o(i.HAL_NVIC_SetPriority) for HAL_NVIC_SetPriority
    main.o(i.main) refers to gpio.o(i.MX_GPIO_Init) for MX_GPIO_Init
    main.o(i.main) refers to rtc.o(i.MX_RTC_Init) for MX_RTC_Init
    main.o(i.main) refers to tim.o(i.MX_TIM2_Init) for MX_TIM2_Init
    main.o(i.main) refers to tsl2561.o(i.TSL2561_Init) for TSL2561_Init
    main.o(i.main) refers to oled.o(i.OLED_Init) for OLED_Init
    main.o(i.main) refers to user_oled.o(i.User_Home) for User_Home
    main.o(i.main) refers to menu.o(i.Menu_key_set) for Menu_key_set
    gpio.o(i.MX_GPIO_Init) refers to stm32f1xx_hal_gpio.o(i.HAL_GPIO_WritePin) for HAL_GPIO_WritePin
    gpio.o(i.MX_GPIO_Init) refers to stm32f1xx_hal_gpio.o(i.HAL_GPIO_Init) for HAL_GPIO_Init
    gpio.o(i.MX_GPIO_Init) refers to stm32f1xx_hal_cortex.o(i.HAL_NVIC_SetPriority) for HAL_NVIC_SetPriority
    gpio.o(i.MX_GPIO_Init) refers to stm32f1xx_hal_cortex.o(i.HAL_NVIC_EnableIRQ) for HAL_NVIC_EnableIRQ
    rtc.o(i.HAL_RTC_MspDeInit) refers to stm32f1xx_hal_cortex.o(i.HAL_NVIC_DisableIRQ) for HAL_NVIC_DisableIRQ
    rtc.o(i.HAL_RTC_MspInit) refers to stm32f1xx_hal_pwr.o(i.HAL_PWR_EnableBkUpAccess) for HAL_PWR_EnableBkUpAccess
    rtc.o(i.HAL_RTC_MspInit) refers to stm32f1xx_hal_cortex.o(i.HAL_NVIC_SetPriority) for HAL_NVIC_SetPriority
    rtc.o(i.HAL_RTC_MspInit) refers to stm32f1xx_hal_cortex.o(i.HAL_NVIC_EnableIRQ) for HAL_NVIC_EnableIRQ
    rtc.o(i.MX_RTC_Init) refers to stm32f1xx_hal_rtc.o(i.HAL_RTC_Init) for HAL_RTC_Init
    rtc.o(i.MX_RTC_Init) refers to main.o(i.Error_Handler) for Error_Handler
    rtc.o(i.MX_RTC_Init) refers to stm32f1xx_hal_rtc.o(i.HAL_RTC_SetTime) for HAL_RTC_SetTime
[...]
    i.I2C_SendByte                           0x08002954   Section        0  user_i2c.o(i.I2C_SendByte)
    i.I2C_Send_ACK                           0x0800298e   Section        0  user_i2c.o(i.I2C_Send_ACK)
    i.I2C_Start                              0x080029b2   Section        0  user_i2c.o(i.I2C_Start)
    i.I2C_Write_Len                          0x080029d8   Section        0  user_i2c.o(i.I2C_Write_Len)
    i.I2C_Write_SCL                          0x08002a0c   Section        0  user_i2c.o(i.I2C_Write_SCL)
    i.I2C_Write_SDA                          0x08002a1c   Section        0  user_i2c.o(i.I2C_Write_SDA)
    i.LOG                                    0x08002a2c   Section        0  menu.o(i.LOG)
    i.LOG1                                   0x08002a30   Section        0  menu.o(i.LOG1)
    i.LOGshow                                0x08002a34   Section        0  menu.o(i.LOGshow)
    i.MX_GPIO_Init                           0x08002a38   Section        0  gpio.o(i.MX_GPIO_Init)
    i.MX_RTC_Init                            0x08002b5c   Section        0  rtc.o(i.MX_RTC_Init)
    i.MX_TIM2_Init                           0x08002bd4   Section        0  tim.o(i.MX_TIM2_Init)
    i.MemManage_Handler                      0x08002c3c   Section        0  stm32f1xx_it.o(i.MemManage_Handler)
    i.Menu_key_set                           0x08002c40   Section        0  menu.o(i.Menu_key_set)
    i.NMI_Handler                            0x08002ca8   Section        0  stm32f1xx_it.o(i.NMI_Handler)
    i.OLED_Chinese                           0x08002cac   Section        0  oled.o(i.OLED_Chinese)
    i.OLED_Chinese16                         0x08002d04   Section        0  oled.o(i.OLED_Chinese16)
    i.OLED_Clear                             0x08002d5c   Section        0  oled.o(i.OLED_Clear)
    i.OLED_Clear0                            0x08002d84   Section        0  oled.o(i.OLED_Clear0)
    i.OLED_DrawPoint                         0x08002dc8   Section        0  oled.o(i.OLED_DrawPoint)
    i.OLED_I2C_Init                          0x08002df8   Section        0  oled.o(i.OLED_I2C_Init)
    i.OLED_I2C_SendByte                      0x08002e18   Section        0  oled.o(i.OLED_I2C_SendByte)
    i.OLED_I2C_Start                         0x08002e6c   Section        0  oled.o(i.OLED_I2C_Start)
    i.OLED_I2C_Stop                          0x08002ea0   Section        0  oled.o(i.OLED_I2C_Stop)
    i.OLED_Init                              0x08002ecc   Section        0  oled.o(i.OLED_Init)
    i.OLED_Refresh                           0x08002f78   Section        0  oled.o(i.OLED_Refresh)
    i.OLED_SetCursor                         0x08002fb8   Section        0  oled.o(i.OLED_SetCursor)
    i.OLED_ShowChar                          0x08002fdc   Section        0  oled.o(i.OLED_ShowChar)
    i.OLED_ShowPicture                       0x08003044   Section        0  oled.o(i.OLED_ShowPicture)
    i.OLED_ShowString                        0x080030e0   Section        0  oled.o(i.OLED_ShowString)
    i.OLED_WriteCommand                      0x08003106   Section        0  oled.o(i.OLED_WriteCommand)
    i.OLED_WriteData                         0x08003128   Section        0  oled.o(i.OLED_WriteData)
    i.Palygame                               0x0800314c   Section        0  menu.o(i.Palygame)
    i.PendSV_Handler                         0x08003158   Section        0  stm32f1xx_it.o(i.PendSV_Handler)
    i.Play                                   0x0800315c   Section        0  menu.o(i.Play)
    i.Play1                                  0x0800316c   Section        0  menu.o(i.Play1)
    i.RTC_Bcd2ToByte                         0x0800317c   Section        0  stm32f1xx_hal_rtc.o(i.RTC_Bcd2ToByte)
    RTC_Bcd2ToByte                           0x0800317d   Thumb Code    18  stm32f1xx_hal_rtc.o(i.RTC_Bcd2ToByte)
    i.RTC_ByteToBcd2                         0x0800318e   Section        0  stm32f1xx_hal_rtc.o(i.RTC_ByteToBcd2)
    RTC_ByteToBcd2                           0x0800318f   Thumb Code    22  stm32f1xx_hal_rtc.o(i.RTC_ByteToBcd2)
    i.RTC_DateUpdate                         0x080031a4   Section        0  stm32f1xx_hal_rtc.o(i.RTC_DateUpdate)
    RTC_DateUpdate                           0x080031a5   Thumb Code   174  stm32f1xx_hal_rtc.o(i.RTC_DateUpdate)
    i.RTC_EnterInitMode                      0x08003252   Section        0  stm32f1xx_hal_rtc.o(i.RTC_EnterInitMode)
    RTC_EnterInitMode                        0x08003253   Thumb Code    52  stm32f1xx_hal_rtc.o(i.RTC_EnterInitMode)
    i.RTC_ExitInitMode                       0x08003288   Section        0  stm32f1xx_hal_rtc.o(i.RTC_ExitInitMode)
    RTC_ExitInitMode                         0x08003289   Thumb Code    54  stm32f1xx_hal_rtc.o(i.RTC_ExitInitMode)
    i.RTC_IRQHandler                         0x080032c0   Section        0  stm32f1xx_it.o(i.RTC_IRQHandler)
    i.RTC_ReadAlarmCounter                   0x080032cc   Section        0  stm32f1xx_hal_rtc.o(i.RTC_ReadAlarmCounter)
    RTC_ReadAlarmCounter                     0x080032cd   Thumb Code    14  stm32f1xx_hal_rtc.o(i.RTC_ReadAlarmCounter)
    i.RTC_ReadTimeCounter                    0x080032da   Section        0  stm32f1xx_hal_rtc.o(i.RTC_ReadTimeCounter)
    RTC_ReadTimeCounter                      0x080032db   Thumb Code    32  stm32f1xx_hal_rtc.o(i.RTC_ReadTimeCounter)
    i.RTC_WeekDayNum                         0x080032fa   Section        0  stm32f1xx_hal_rtc.o(i.RTC_WeekDayNum)
    RTC_WeekDayNum                           0x080032fb   Thumb Code    86  stm32f1xx_hal_rtc.o(i.RTC_WeekDayNum)
    i.RTC_WriteAlarmCounter                  0x08003350   Section        0  stm32f1xx_hal_rtc.o(i.RTC_WriteAlarmCounter)
    RTC_WriteAlarmCounter                    0x08003351   Thumb Code    40  stm32f1xx_hal_rtc.o(i.RTC_WriteAlarmCounter)
    i.RTC_WriteTimeCounter                   0x08003378   Section        0  stm32f1xx_hal_rtc.o(i.RTC_WriteTimeCounter)
    RTC_WriteTimeCounter                     0x08003379   Thumb Code    40  stm32f1xx_hal_rtc.o(i.RTC_WriteTimeCounter)
    i.SVC_Handler                            0x080033a0   Section        0  stm32f1xx_it.o(i.SVC_Handler)
    i.SysTick_Handler                        0x080033a2   Section        0  stm32f1xx_it.o(i.SysTick_Handler)
    i.SystemClock_Config                     0x080033a6   Section        0  main.o(i.SystemClock_Config)
    i.SystemInit                             0x08003426   Section        0  system_stm32f1xx.o(i.SystemInit)
    i.TIM2_IRQHandler                        0x08003428   Section        0  stm32f1xx_it.o(i.TIM2_IRQHandler)
    i.TIM_Base_SetConfig                     0x08003434   Section        0  stm32f1xx_hal_tim.o(i.TIM_Base_SetConfig)
    i.TIM_ETR_SetConfig                      0x080034a0   Section        0  stm32f1xx_hal_tim.o(i.TIM_ETR_SetConfig)
    i.TIM_ITRx_SetConfig                     0x080034b4   Section        0  stm32f1xx_hal_tim.o(i.TIM_ITRx_SetConfig)
    TIM_ITRx_SetConfig                       0x080034b5   Thumb Code    16  stm32f1xx_hal_tim.o(i.TIM_ITRx_SetConfig)
    i.TIM_TI1_ConfigInputStage               0x080034c4   Section        0  stm32f1xx_hal_tim.o(i.TIM_TI1_ConfigInputStage)
    TIM_TI1_ConfigInputStage                 0x080034c5   Thumb Code    34  stm32f1xx_hal_tim.o(i.TIM_TI1_ConfigInputStage)
    i.TIM_TI2_ConfigInputStage               0x080034e6   Section        0  stm32f1xx_hal_tim.o(i.TIM_TI2_ConfigInputStage)
    TIM_TI2_ConfigInputStage                 0x080034e7   Thumb Code    36  stm32f1xx_hal_tim.o(i.TIM_TI2_ConfigInputStage)
    i.TSL2561_Init                           0x0800350a   Section        0  tsl2561.o(i.TSL2561_Init)
    i.TSL2561_LED_on                         0x08003528   Section        0  tsl2561.o(i.TSL2561_LED_on)
    i.TSL2561_ReadData                       0x08003538   Section        0  tsl2561.o(i.TSL2561_ReadData)
    i.TSL2561_off                            0x0800355c   Section        0  tsl2561.o(i.TSL2561_off)
    i.TSL2561_on                             0x0800356c   Section        0  tsl2561.o(i.TSL2561_on)
    i.Time                                   0x0800357c   Section        0  menu.o(i.Time)
    i.Time1                                  0x0800358c   Section        0  menu.o(i.Time1)
    i.Timeshow                               0x0800359c   Section        0  menu.o(i.Timeshow)
    i.UsageFault_Handler                     0x080035a8   Section        0  stm32f1xx_it.o(i.UsageFault_Handler)
    i.User_Askfordelete                      0x080035aa   Section        0  user_oled.o(i.User_Askfordelete)
    i.User_Data                              0x080035dc   Section        0  user_oled.o(i.User_Data)
    i.User_DataChoice_Show                   0x08003670   Section        0  user_lightdata.o(i.User_DataChoice_Show)
    i.User_Data_Show                         0x080038bc   Section        0  user_lightdata.o(i.User_Data_Show)
    i.User_DeleteData                        0x08003a9c   Section        0  user_lightdata.o(i.User_DeleteData)
    i.User_Detect_Show                       0x08003aec   Section        0  user_lightdata.o(i.User_Detect_Show)
    i.User_Home                              0x08003b28   Section        0  user_oled.o(i.User_Home)
    i.User_LOG                               0x08003b3c   Section        0  user_oled.o(i.User_LOG)
    i.User_LOG1                              0x08003bd0   Section        0  user_oled.o(i.User_LOG1)
    i.User_PIC_Show                          0x08003c68   Section        0  user_oled.o(i.User_PIC_Show)
    i.User_Play                              0x08003d80   Section        0  user_oled.o(i.User_Play)
    i.User_Play1                             0x08003e14   Section        0  user_oled.o(i.User_Play1)
    i.User_Time                              0x08003eb0   Section        0  user_oled.o(i.User_Time)
    i.User_Time1                             0x08003f44   Section        0  user_oled.o(i.User_Time1)
    i.User_Time_Show                         0x08003fdc   Section        0  user_oled.o(i.User_Time_Show)
    i.User_huizhang_Show                     0x080040a8   Section        0  user_oled.o(i.User_huizhang_Show)
    i.__ARM_fpclassify                       0x080040e4   Section        0  fpclassify.o(i.__ARM_fpclassify)
    i.__NVIC_SetPriority                     0x0800410c   Section        0  stm32f1xx_hal_cortex.o(i.__NVIC_SetPriority)
    __NVIC_SetPriority                       0x0800410d   Thumb Code    32  stm32f1xx_hal_cortex.o(i.__NVIC_SetPriority)
    i._is_digit                              0x0800412c   Section        0  __printf_wp.o(i._is_digit)
    i.home                                   0x0800413c   Section        0  menu.o(i.home)
    i.lightdata_askfordelete                 0x08004148   Section        0  user_lightdata.o(i.lightdata_askfordelete)
    i.lightdata_delete                       0x080041d0   Section        0  user_lightdata.o(i.lightdata_delete)
    i.lightdata_detect                       0x08004204   Section        0  user_lightdata.o(i.lightdata_detect)
    i.lightdata_down                         0x08004240   Section        0  user_lightdata.o(i.lightdata_down)
    i.lightdata_show                         0x08004278   Section        0  user_lightdata.o(i.lightdata_show)
    i.lightdata_up                           0x08004284   Section        0  user_lightdata.o(i.lightdata_up)
    i.main                                   0x080042bc   Section        0  main.o(i.main)
    i.video_show                             0x080042f4   Section        0  video.o(i.video_show)
    locale$$code                             0x08004310   Section       44  lc_numeric_c.o(locale$$code)
    x$fpl$dretinf                            0x0800433c   Section       12  dretinf.o(x$fpl$dretinf)
    x$fpl$f2d                                0x08004348   Section       86  f2d.o(x$fpl$f2d)
    x$fpl$ffltu                              0x080043a0   Section       38  fflt_clz.o(x$fpl$ffltu)
    x$fpl$fnaninf                            0x080043c6   Section      140  fnaninf.o(x$fpl$fnaninf)
    x$fpl$printf1                            0x08004452   Section        4  printf1.o(x$fpl$printf1)
    .constdata                               0x08004456   Section       18  stm32f1xx_hal_rcc.o(.constdata)
    x$fpl$usenofp                            0x08004456   Section        0  usenofp.o(x$fpl$usenofp)
    aPredivFactorTable                       0x08004456   Data           2  stm32f1xx_hal_rcc.o(.constdata)
    aPLLMULFactorTable                       0x08004458   Data          16  stm32f1xx_hal_rcc.o(.constdata)
    .constdata                               0x08004468   Section       18  stm32f1xx_hal_rcc_ex.o(.constdata)
    aPredivFactorTable                       0x08004468   Data           2  stm32f1xx_hal_rcc_ex.o(.constdata)
    aPLLMULFactorTable                       0x0800446a   Data          16  stm32f1xx_hal_rcc_ex.o(.constdata)
    .constdata                               0x0800447a   Section       16  system_stm32f1xx.o(.constdata)
    .constdata                               0x0800448a   Section        8  system_stm32f1xx.o(.constdata)
    .constdata                               0x08004492   Section     2496  oled.o(.constdata)
    .constdata                               0x08004e54   Section      120  user_lightdata.o(.constdata)
    .constdata                               0x08004ecc   Section       17  __printf_flags_wp.o(.constdata)
    maptable                                 0x08004ecc   Data          17  __printf_flags_wp.o(.constdata)
    .constdata                               0x08004ee0   Section      148  bigflt0.o(.constdata)
    tenpwrs_x                                0x08004ee0   Data          60  bigflt0.o(.constdata)
    tenpwrs_i                                0x08004f1c   Data          64  bigflt0.o(.constdata)
    locale$$data                             0x08004f94   Section       28  lc_numeric_c.o(locale$$data)
    __lcnum_c_name                           0x08004f98   Data           2  lc_numeric_c.o(locale$$data)
    __lcnum_c_start                          0x08004fa0   Data           0  lc_numeric_c.o(locale$$data)
    __lcnum_c_point                          0x08004fac   Data           0  lc_numeric_c.o(locale$$data)
    __lcnum_c_thousands                      0x08004fae   Data           0  lc_numeric_c.o(locale$$data)
    __lcnum_c_grouping                       0x08004faf   Data           0  lc_numeric_c.o(locale$$data)
    __lcnum_c_end                            0x08004fb0   Data           0  lc_numeric_c.o(locale$$data)
    .data                                    0x20000000   Section        8  tim.o(.data)
    .data                                    0x20000008   Section       12  stm32f1xx_hal.o(.data)
    .data                                    0x20000014   Section        4  system_stm32f1xx.o(.data)
    .data                                    0x20000018   Section     1024  oled.o(.data)
    .data                                    0x20000418   Section     2104  user_oled.o(.data)
    .data                                    0x20000c50   Section        4  user_key.o(.data)
    .data                                    0x20000c54   Section        1  user_key.o(.data)
    .data                                    0x20000c58   Section        4  user_lightdata.o(.data)
    .data                                    0x20000c5c   Section      380  menu.o(.data)
    .data                                    0x20000dd8   Section        4  video.o(.data)
    .bss                                     0x20000ddc   Section       20  rtc.o(.bss)
    .bss                                     0x20000df0   Section       72  tim.o(.bss)
    .bss                                     0x20000e38   Section     1024  oled.o(.bss)
    .bss                                     0x20001238   Section       20  user_key.o(.bss)
    .bss                                     0x2000124c   Section      792  user_lightdata.o(.bss)
    .bss                                     0x20001564   Section       96  libspace.o(.bss)
    HEAP                                     0x200015c8   Section      512  startup_stm32f103xb.o(HEAP)
    Heap_Mem                                 0x200015c8   Data         512  startup_stm32f103xb.o(HEAP)
    STACK                                    0x200017c8   Section     1024  startup_stm32f103xb.o(STACK)
    Stack_Mem                                0x200017c8   Data        1024  startup_stm32f103xb.o(STACK)
    __initial_sp                             0x20001bc8   Data           0  startup_stm32f103xb.o(STACK)

    Global Symbols

    Symbol Name                              Value     Ov Type        Size  Object(Section)

    BuildAttributes$$THM_ISAv4$P$D$K$B$S$PE$A:L22UL41UL21$X:L11$S22US41US21$IEEE1$IW$USESV6$~STKCKD$USESV7$~SHL$OTIME$ROPI$IEEEJ$EBA8$UX$STANDARDLIB$REQ8$PRES8$EABIv2 0x00000000   Number         0  anon$$obj.o ABSOLUTE
    __ARM_use_no_argv                        0x00000000   Number         0  main.o ABSOLUTE
    _printf_flags                            0x00000000   Number         0  printf_stubs.o ABSOLUTE
    _printf_return_value                     0x00000000   Number         0  printf_stubs.o ABSOLUTE
    _printf_sizespec                         0x00000000   Number         0  printf_stubs.o ABSOLUTE
    _printf_widthprec                        0x00000000   Number         0  printf_stubs.o ABSOLUTE
    __ARM_exceptions_init                     - Undefined Weak Reference
    __alloca_initialize                       - Undefined Weak Reference
    __arm_fini_                               - Undefined Weak Reference
    __arm_preinit_                            - Undefined Weak Reference
    __cpp_initialize__aeabi_                  - Undefined Weak Reference
    __cxa_finalize                            - Undefined Weak Reference
    __sigvec_lookup                           - Undefined Weak Reference
    _atexit_init                              - Undefined Weak Reference
    _call_atexit_fns                          - Undefined Weak Reference
    _clock_init                               - Undefined Weak Reference
    _fp_trap_init                             - Undefined Weak Reference
    _fp_trap_shutdown                         - Undefined Weak Reference
    _get_lc_collate                           - Undefined Weak Reference
    _get_lc_ctype                             - Undefined Weak Reference
    _get_lc_monetary                          - Undefined Weak Reference
    _get_lc_time                              - Undefined Weak Reference
    _getenv_init                              - Undefined Weak Reference
    _handle_redirection                       - Undefined Weak Reference
    _init_alloc                               - Undefined Weak Reference
    _init_user_alloc                          - Undefined Weak Reference
    _initio                                   - Undefined Weak Reference
    _printf_truncate_signed                   - Undefined Weak Reference
    _printf_truncate_unsigned                 - Undefined Weak Reference
    _signal_finish                            - Undefined Weak Reference
    _signal_init                              - Undefined Weak Reference
    _terminate_alloc                          - Undefined Weak Reference
    _terminate_user_alloc                     - Undefined Weak Reference
    _terminateio                              - Undefined Weak Reference
    __Vectors_Size                           0x000000ec   Number         0  startup_stm32f103xb.o ABSOLUTE
    __Vectors                                0x08000000   Data           4  startup_stm32f103xb.o(RESET)
    __Vectors_End                            0x080000ec   Data           0  startup_stm32f103xb.o(RESET)
    __main                                   0x080000ed   Thumb Code     8  __main.o(!!!main)
    __scatterload                            0x080000f5   Thumb Code     0  __scatter.o(!!!scatter)
    __scatterload_rt2                        0x080000f5   Thumb Code    44  __scatter.o(!!!scatter)
    __scatterload_rt2_thumb_only             0x080000f5   Thumb Code     0  __scatter.o(!!!scatter)
    __scatterload_null                       0x08000103   Thumb Code     0  __scatter.o(!!!scatter)
    __decompress                             0x08000129   Thumb Code    90  __dczerorl2.o(!!dczerorl2)
    __decompress1                            0x08000129   Thumb Code     0  __dczerorl2.o(!!dczerorl2)
    __scatterload_zeroinit                   0x08000185   Thumb Code    28  __scatter_zi.o(!!handler_zi)
    _printf_f                                0x080001a1   Thumb Code     0  _printf_f.o(.ARM.Collect$$_printf_percent$$00000003)
    _printf_percent                          0x080001a1   Thumb Code     0  _printf_percent.o(.ARM.Collect$$_printf_percent$$00000000)
    _printf_d                                0x080001a7   Thumb Code     0  _printf_d.o(.ARM.Collect$$_printf_percent$$00000009)
    _printf_percent_end                      0x080001ad   Thumb Code     0  _printf_percent_end.o(.ARM.Collect$$_printf_percent$$00000017)
    __rt_lib_init                            0x080001b1   Thumb Code     0  libinit.o(.ARM.Collect$$libinit$$00000000)
    __rt_lib_init_fp_1                       0x080001b3   Thumb Code     0  libinit2.o(.ARM.Collect$$libinit$$00000002)
    __rt_lib_init_heap_1                     0x080001b3   Thumb Code     0  libinit2.o(.ARM.Collect$$libinit$$0000000A)
    __rt_lib_init_lc_common                  0x080001b3   Thumb Code     0  libinit2.o(.ARM.Collect$$libinit$$0000000F)
    __rt_lib_init_preinit_1                  0x080001b3   Thumb Code     0  libinit2.o(.ARM.Collect$$libinit$$00000004)
    __rt_lib_init_rand_1                     0x080001b3   Thumb Code     0  libinit2.o(.ARM.Collect$$libinit$$0000000E)
    __rt_lib_init_user_alloc_1               0x080001b3   Thumb Code     0  libinit2.o(.ARM.Collect$$libinit$$0000000C)
    __rt_lib_init_lc_collate_1               0x080001b9   Thumb Code     0  libinit2.o(.ARM.Collect$$libinit$$00000011)
    __rt_lib_init_lc_ctype_1                 0x080001b9   Thumb Code     0  libinit2.o(.ARM.Collect$$libinit$$00000013)
    __rt_lib_init_lc_monetary_1              0x080001b9   Thumb Code     0  libinit2.o(.ARM.Collect$$libinit$$00000015)
    __rt_lib_init_lc_numeric_2               0x080001b9   Thumb Code     0  libinit2.o(.ARM.Collect$$libinit$$00000016)
    __rt_lib_init_alloca_1                   0x080001c3   Thumb Code     0  libinit2.o(.ARM.Collect$$libinit$$0000002E)
    __rt_lib_init_argv_1                     0x080001c3   Thumb Code     0  libinit2.o(.ARM.Collect$$libinit$$0000002C)
    __rt_lib_init_atexit_1                   0x080001c3   Thumb Code     0  libinit2.o(.ARM.Collect$$libinit$$0000001B)
    __rt_lib_init_clock_1                    0x080001c3   Thumb Code     0  libinit2.o(.ARM.Collect$$libinit$$00000021)
    __rt_lib_init_cpp_1                      0x080001c3   Thumb Code     0  libinit2.o(.ARM.Collect$$libinit$$00000032)
    __rt_lib_init_exceptions_1               0x080001c3   Thumb Code     0  libinit2.o(.ARM.Collect$$libinit$$00000030)
    __rt_lib_init_fp_trap_1                  0x080001c3   Thumb Code     0  libinit2.o(.ARM.Collect$$libinit$$0000001F)
    __rt_lib_init_getenv_1                   0x080001c3   Thumb Code     0  libinit2.o(.ARM.Collect$$libinit$$00000023)
    __rt_lib_init_lc_numeric_1               0x080001c3   Thumb Code     0  libinit2.o(.ARM.Collect$$libinit$$00000017)
    __rt_lib_init_lc_time_1                  0x080001c3   Thumb Code     0  libinit2.o(.ARM.Collect$$libinit$$00000019)
    __rt_lib_init_return                     0x080001c3   Thumb Code     0  libinit2.o(.ARM.Collect$$libinit$$00000033)
    __rt_lib_init_signal_1                   0x080001c3   Thumb Code     0  libinit2.o(.ARM.Collect$$libinit$$0000001D)
    __rt_lib_init_stdio_1                    0x080001c3   Thumb Code     0  libinit2.o(.ARM.Collect$$libinit$$00000025)
    __rt_lib_shutdown                        0x080001c5   Thumb Code     0  libshutdown.o(.ARM.Collect$$libshutdown$$00000000)
    __rt_lib_shutdown_cpp_1                  0x080001c7   Thumb Code     0  libshutdown2.o(.ARM.Collect$$libshutdown$$00000004)
    __rt_lib_shutdown_fini_1                 0x080001c7   Thumb Code     0  libshutdown2.o(.ARM.Collect$$libshutdown$$00000002)
    __rt_lib_shutdown_fp_trap_1              0x080001c7   Thumb Code     0  libshutdown2.o(.ARM.Collect$$libshutdown$$00000009)
    __rt_lib_shutdown_heap_1                 0x080001c7   Thumb Code     0  libshutdown2.o(.ARM.Collect$$libshutdown$$00000011)
    __rt_lib_shutdown_return                 0x080001c7   Thumb Code     0  libshutdown2.o(.ARM.Collect$$libshutdown$$00000012)
    __rt_lib_shutdown_signal_1               0x080001c7   Thumb Code     0  libshutdown2.o(.ARM.Collect$$libshutdown$$0000000C)
    __rt_lib_shutdown_stdio_1                0x080001c7   Thumb Code     0  libshutdown2.o(.ARM.Collect$$libshutdown$$00000006)
    __rt_lib_shutdown_user_alloc_1           0x080001c7   Thumb Code     0  libshutdown2.o(.ARM.Collect$$libshutdown$$0000000E)
    __rt_entry                               0x080001c9   Thumb Code     0  __rtentry.o(.ARM.Collect$$rtentry$$00000000)
    __rt_entry_presh_1                       0x080001c9   Thumb Code     0  __rtentry2.o(.ARM.Collect$$rtentry$$00000002)
    __rt_entry_sh                            0x080001c9   Thumb Code     0  __rtentry4.o(.ARM.Collect$$rtentry$$00000004)
    __rt_entry_li                            0x080001cf   Thumb Code     0  __rtentry2.o(.ARM.Collect$$rtentry$$0000000A)
    __rt_entry_postsh_1                      0x080001cf   Thumb Code     0  __rtentry2.o(.ARM.Collect$$rtentry$$00000009)
    __rt_entry_main                          0x080001d3   Thumb Code     0  __rtentry2.o(.ARM.Collect$$rtentry$$0000000D)
    __rt_entry_postli_1                      0x080001d3   Thumb Code     0  __rtentry2.o(.ARM.Collect$$rtentry$$0000000C)
    __rt_exit                                0x080001db   Thumb Code     0  rtexit.o(.ARM.Collect$$rtexit$$00000000)
    __rt_exit_ls                             0x080001dd   Thumb Code     0  rtexit2.o(.ARM.Collect$$rtexit$$00000003)
    __rt_exit_prels_1                        0x080001dd   Thumb Code     0  rtexit2.o(.ARM.Collect$$rtexit$$00000002)
    __rt_exit_exit                           0x080001e1   Thumb Code     0  rtexit2.o(.ARM.Collect$$rtexit$$00000004)
    Reset_Handler                            0x080001e9   Thumb Code     8  startup_stm32f103xb.o(.text)
    ADC1_2_IRQHandler                        0x08000203   Thumb Code     0  startup_stm32f103xb.o(.text)
    CAN1_RX1_IRQHandler                      0x08000203   Thumb Code     0  startup_stm32f103xb.o(.text)
    CAN1_SCE_IRQHandler                      0x08000203   Thumb Code     0  startup_stm32f103xb.o(.text)
    DMA1_Channel1_IRQHandler                 0x08000203   Thumb Code     0  startup_stm32f103xb.o(.text)
    DMA1_Channel2_IRQHandler                 0x08000203   Thumb Code     0  startup_stm32f103xb.o(.text)
    DMA1_Channel3_IRQHandler                 0x08000203   Thumb Code     0  startup_stm32f103xb.o(.text)
    DMA1_Channel4_IRQHandler                 0x08000203   Thumb Code     0  startup_stm32f103xb.o(.text)
    DMA1_Channel5_IRQHandler                 0x08000203   Thumb Code     0  startup_stm32f103xb.o(.text)
    DMA1_Channel6_IRQHandler                 0x08000203   Thumb Code     0  startup_stm32f103xb.o(.text)
    DMA1_Channel7_IRQHandler                 0x08000203   Thumb Code     0  startup_stm32f103xb.o(.text)
    EXTI15_10_IRQHandler                     0x08000203   Thumb Code     0  startup_stm32f103xb.o(.text)
    EXTI9_5_IRQHandler                       0x08000203   Thumb Code     0  startup_stm32f103xb.o(.text)
    FLASH_IRQHandler                         0x08000203   Thumb Code     0  startup_stm32f103xb.o(.text)
    I2C1_ER_IRQHandler                       0x08000203   Thumb Code     0  startup_stm32f103xb.o(.text)
    I2C1_EV_IRQHandler                       0x08000203   Thumb Code     0  startup_stm32f103xb.o(.text)
    I2C2_ER_IRQHandler                       0x08000203   Thumb Code     0  startup_stm32f103xb.o(.text)
    I2C2_EV_IRQHandler                       0x08000203   Thumb Code     0  startup_stm32f103xb.o(.text)
    PVD_IRQHandler                           0x08000203   Thumb Code     0  startup_stm32f103xb.o(.text)
    RCC_IRQHandler                           0x08000203   Thumb Code     0  startup_stm32f103xb.o(.text)
    RTC_Alarm_IRQHandler                     0x08000203   Thumb Code     0  startup_stm32f103xb.o(.text)
    SPI1_IRQHandler                          0x08000203   Thumb Code     0  startup_stm32f103xb.o(.text)
    SPI2_IRQHandler                          0x08000203   Thumb Code     0  startup_stm32f103xb.o(.text)
    TAMPER_IRQHandler                        0x08000203   Thumb Code     0  startup_stm32f103xb.o(.text)
    TIM1_BRK_IRQHandler                      0x08000203   Thumb Code     0  startup_stm32f103xb.o(.text)
    TIM1_CC_IRQHandler                       0x08000203   Thumb Code     0  startup_stm32f103xb.o(.text)
    TIM1_TRG_COM_IRQHandler                  0x08000203   Thumb Code     0  startup_stm32f103xb.o(.text)
    TIM1_UP_IRQHandler                       0x08000203   Thumb Code     0  startup_stm32f103xb.o(.text)
    TIM3_IRQHandler                          0x08000203   Thumb Code     0  startup_stm32f103xb.o(.text)
    TIM4_IRQHandler                          0x08000203   Thumb Code     0  startup_stm32f103xb.o(.text)
    USART1_IRQHandler                        0x08000203   Thumb Code     0  startup_stm32f103xb.o(.text)
    USART2_IRQHandler                        0x08000203   Thumb Code     0  startup_stm32f103xb.o(.text)
    USART3_IRQHandler                        0x08000203   Thumb Code     0  startup_stm32f103xb.o(.text)
    USBWakeUp_IRQHandler                     0x08000203   Thumb Code     0  startup_stm32f103xb.o(.text)
    USB_HP_CAN1_TX_IRQHandler                0x08000203   Thumb Code     0  startup_stm32f103xb.o(.text)
    USB_LP_CAN1_RX0_IRQHandler               0x08000203   Thumb Code     0  startup_stm32f103xb.o(.text)
    WWDG_IRQHandler                          0x08000203   Thumb Code     0  startup_stm32f103xb.o(.text)
    __user_initial_stackheap                 0x08000205   Thumb Code     0  startup_stm32f103xb.o(.text)
    __2sprintf                               0x08000229   Thumb Code    34  noretval__2sprintf.o(.text)
    _printf_pre_padding                      0x08000251   Thumb Code    44  _printf_pad.o(.text)
    _printf_post_padding                     0x0800027d   Thumb Code    34  _printf_pad.o(.text)
    _printf_int_dec                          0x080002a1   Thumb Code   104  _printf_dec.o(.text)
    __printf                                 0x08000319   Thumb Code   308  __printf_flags_wp.o(.text)
    __aeabi_memcpy4                          0x08000451   Thumb Code     0  rt_memcpy_w.o(.text)
    __aeabi_memcpy8                          0x08000451   Thumb Code     0  rt_memcpy_w.o(.text)
    __rt_memcpy_w                            0x08000451   Thumb Code   100  rt_memcpy_w.o(.text)
    _memcpy_lastbytes_aligned                0x08000499   Thumb Code     0  rt_memcpy_w.o(.text)
    __aeabi_memclr4                          0x080004b5   Thumb Code     0  rt_memclr_w.o(.text)
    __aeabi_memclr8                          0x080004b5   Thumb Code     0  rt_memclr_w.o(.text)
    __rt_memclr_w                            0x080004b5   Thumb Code    78  rt_memclr_w.o(.text)
    _memset_w                                0x080004b9   Thumb Code     0  rt_memclr_w.o(.text)
    __use_two_region_memory                  0x08000503   Thumb Code     2  heapauxi.o(.text)
    __rt_heap_escrow$2region                 0x08000505   Thumb Code     2  heapauxi.o(.text)
    __rt_heap_expand$2region                 0x08000507   Thumb Code     2  heapauxi.o(.text)
    _printf_int_common                       0x08000509   Thumb Code   178  _printf_intcommon.o(.text)
    __lib_sel_fp_printf                      0x080005bb   Thumb Code     2  _printf_fp_dec.o(.text)
    _printf_fp_dec_real                      0x0800076d   Thumb Code   620  _printf_fp_dec.o(.text)
    _printf_char_common                      0x080009e3   Thumb Code    32  _printf_char_common.o(.text)
    _sputc                                   0x08000a09   Thumb Code    10  _sputc.o(.text)
    __rt_locale                              0x08000a15   Thumb Code     8  rt_locale_intlibspace.o(.text)
    _ll_udiv10                               0x08000a1d   Thumb Code   138  lludiv10.o(.text)
    _printf_fp_infnan                        0x08000aa9   Thumb Code   112  _printf_fp_infnan.o(.text)
    _btod_etento                             0x08000b29   Thumb Code   224  bigflt0.o(.text)
    __user_libspace                          0x08000c0d   Thumb Code     8  libspace.o(.text)
    __user_perproc_libspace                  0x08000c0d   Thumb Code     0  libspace.o(.text)
    __user_perthread_libspace                0x08000c0d   Thumb Code     0  libspace.o(.text)
    __user_setup_stackheap                   0x08000c15   Thumb Code    74  sys_stackheap_outer.o(.text)
    exit                                     0x08000c5f   Thumb Code    18  exit.o(.text)
    strcmp                                   0x08000c71   Thumb Code   128  strcmpv7m.o(.text)
    __I$use$semihosting                      0x08000cf1   Thumb Code     0  use_no_semi.o(.text)
    __use_no_semihosting_swi                 0x08000cf1   Thumb Code     2  use_no_semi.o(.text)
    __semihosting_library_function           0x08000cf3   Thumb Code     0  indicate_semi.o(.text)
    _sys_exit                                0x08000cf5   Thumb Code     8  sys_exit.o(.text)
    _btod_d2e                                0x08000d01   Thumb Code    62  btod.o(CL$$btod_d2e)
    _d2e_denorm_low                          0x08000d3f   Thumb Code    70  btod.o(CL$$btod_d2e_denorm_low)
    _d2e_norm_op1                            0x08000d85   Thumb Code    96  btod.o(CL$$btod_d2e_norm_op1)
    __btod_div_common                        0x08000de5   Thumb Code   696  btod.o(CL$$btod_div_common)
    _e2e                                     0x0800111d   Thumb Code   220  btod.o(CL$$btod_e2e)
    _btod_ediv                               0x080011f9   Thumb Code    42  btod.o(CL$$btod_ediv)
    _btod_emul                               0x08001223   Thumb Code    42  btod.o(CL$$btod_emul)
    __btod_mult_common                       0x0800124d   Thumb Code   580  btod.o(CL$$btod_mult_common)
    BusFault_Handler                         0x08001491   Thumb Code     2  stm32f1xx_it.o(i.BusFault_Handler)
    CalWeek                                  0x08001495   Thumb Code   122  user_oled.o(i.CalWeek)
    Data                                     0x08001555   Thumb Code    10  menu.o(i.Data)
    DebugMon_Handler                         0x08001565   Thumb Code     2  stm32f1xx_it.o(i.DebugMon_Handler)
    EXTI0_IRQHandler                         0x08001567   Thumb Code     6  stm32f1xx_it.o(i.EXTI0_IRQHandler)
    EXTI1_IRQHandler                         0x0800156d   Thumb Code     6  stm32f1xx_it.o(i.EXTI1_IRQHandler)
    EXTI2_IRQHandler                         0x08001573   Thumb Code     6  stm32f1xx_it.o(i.EXTI2_IRQHandler)
    EXTI3_IRQHandler                         0x08001579   Thumb Code     6  stm32f1xx_it.o(i.EXTI3_IRQHandler)
    EXTI4_IRQHandler                         0x0800157f   Thumb Code     6  stm32f1xx_it.o(i.EXTI4_IRQHandler)
    Error_Handler                            0x08001585   Thumb Code     4  main.o(i.Error_Handler)
    HAL_Delay                                0x08001589   Thumb Code    32  stm32f1xx_hal.o(i.HAL_Delay)
    HAL_GPIO_EXTI_Callback                   0x080015ad   Thumb Code   238  user_key.o(i.HAL_GPIO_EXTI_Callback)
    HAL_GPIO_EXTI_IRQHandler                 0x080016a9   Thumb Code    18  stm32f1xx_hal_gpio.o(i.HAL_GPIO_EXTI_IRQHandler)
    HAL_GPIO_Init                            0x080016c1   Thumb Code   446  stm32f1xx_hal_gpio.o(i.HAL_GPIO_Init)
    HAL_GPIO_ReadPin                         0x080018a1   Thumb Code    10  stm32f1xx_hal_gpio.o(i.HAL_GPIO_ReadPin)
    HAL_GPIO_TogglePin                       0x080018ab   Thumb Code    16  stm32f1xx_hal_gpio.o(i.HAL_GPIO_TogglePin)
    HAL_GPIO_WritePin                        0x080018bb   Thumb Code    10  stm32f1xx_hal_gpio.o(i.HAL_GPIO_WritePin)
    HAL_GetTick                              0x080018c5   Thumb Code     6  stm32f1xx_hal.o(i.HAL_GetTick)
    HAL_IncTick                              0x080018d1   Thumb Code    12  stm32f1xx_hal.o(i.HAL_IncTick)
    HAL_Init                                 0x080018e1   Thumb Code    32  stm32f1xx_hal.o(i.HAL_Init)
    HAL_InitTick                             0x08001905   Thumb Code    54  stm32f1xx_hal.o(i.HAL_InitTick)
    HAL_MspInit                              0x08001945   Thumb Code    52  stm32f1xx_hal_msp.o(i.HAL_MspInit)
    HAL_NVIC_EnableIRQ                       0x08001981   Thumb Code    26  stm32f1xx_hal_cortex.o(i.HAL_NVIC_EnableIRQ)
    HAL_NVIC_SetPriority                     0x0800199d   Thumb Code    60  stm32f1xx_hal_cortex.o(i.HAL_NVIC_SetPriority)
    HAL_NVIC_SetPriorityGrouping             0x080019dd   Thumb Code    26  stm32f1xx_hal_cortex.o(i.HAL_NVIC_SetPriorityGrouping)
    HAL_PWR_EnableBkUpAccess                 0x08001a01   Thumb Code     8  stm32f1xx_hal_pwr.o(i.HAL_PWR_EnableBkUpAccess)
    HAL_RCCEx_GetPeriphCLKFreq               0x08001a0d   Thumb Code   148  stm32f1xx_hal_rcc_ex.o(i.HAL_RCCEx_GetPeriphCLKFreq)
    HAL_RCCEx_PeriphCLKConfig                0x08001ab1   Thumb Code   224  stm32f1xx_hal_rcc_ex.o(i.HAL_RCCEx_PeriphCLKConfig)
    HAL_RCC_ClockConfig                      0x08001b9d   Thumb Code   280  stm32f1xx_hal_rcc.o(i.HAL_RCC_ClockConfig)
    HAL_RCC_GetPCLK2Freq                     0x08001cc9   Thumb Code    20  stm32f1xx_hal_rcc.o(i.HAL_RCC_GetPCLK2Freq)
    HAL_RCC_GetSysClockFreq                  0x08001ce9   Thumb Code    58  stm32f1xx_hal_rcc.o(i.HAL_RCC_GetSysClockFreq)
    HAL_RCC_OscConfig                        0x08001d35   Thumb Code   778  stm32f1xx_hal_rcc.o(i.HAL_RCC_OscConfig)
    HAL_RTCEx_RTCEventCallback               0x08002055   Thumb Code     2  stm32f1xx_hal_rtc_ex.o(i.HAL_RTCEx_RTCEventCallback)
    HAL_RTCEx_RTCEventErrorCallback          0x08002057   Thumb Code     2  stm32f1xx_hal_rtc_ex.o(i.HAL_RTCEx_RTCEventErrorCallback)
    HAL_RTCEx_RTCIRQHandler                  0x08002059   Thumb Code    62  stm32f1xx_hal_rtc_ex.o(i.HAL_RTCEx_RTCIRQHandler)
    HAL_RTC_GetDate                          0x08002097   Thumb Code    78  stm32f1xx_hal_rtc.o(i.HAL_RTC_GetDate)
    HAL_RTC_GetTime                          0x080020e5   Thumb Code   216  stm32f1xx_hal_rtc.o(i.HAL_RTC_GetTime)
    HAL_RTC_Init                             0x080021bd   Thumb Code   144  stm32f1xx_hal_rtc.o(i.HAL_RTC_Init)
    HAL_RTC_MspInit                          0x08002251   Thumb Code    60  rtc.o(i.HAL_RTC_MspInit)
    HAL_RTC_SetDate                          0x08002299   Thumb Code   192  stm32f1xx_hal_rtc.o(i.HAL_RTC_SetDate)
    HAL_RTC_SetTime                          0x0800235d   Thumb Code   168  stm32f1xx_hal_rtc.o(i.HAL_RTC_SetTime)
    HAL_RTC_WaitForSynchro                   0x08002409   Thumb Code    58  stm32f1xx_hal_rtc.o(i.HAL_RTC_WaitForSynchro)
    HAL_SYSTICK_Config                       0x08002443   Thumb Code    40  stm32f1xx_hal_cortex.o(i.HAL_SYSTICK_Config)
    HAL_TIMEx_BreakCallback                  0x0800246b   Thumb Code     2  stm32f1xx_hal_tim_ex.o(i.HAL_TIMEx_BreakCallback)
    HAL_TIMEx_CommutCallback                 0x0800246d   Thumb Code     2  stm32f1xx_hal_tim_ex.o(i.HAL_TIMEx_CommutCallback)
    HAL_TIMEx_MasterConfigSynchronization    0x08002471   Thumb Code    92  stm32f1xx_hal_tim_ex.o(i.HAL_TIMEx_MasterConfigSynchronization)
    HAL_TIM_Base_Init                        0x080024d9   Thumb Code    90  stm32f1xx_hal_tim.o(i.HAL_TIM_Base_Init)
    HAL_TIM_Base_MspInit                     0x08002535   Thumb Code    50  tim.o(i.HAL_TIM_Base_MspInit)
    HAL_TIM_Base_Start_IT                    0x0800256d   Thumb Code    76  stm32f1xx_hal_tim.o(i.HAL_TIM_Base_Start_IT)
    HAL_TIM_ConfigClockSource                0x080025c5   Thumb Code   220  stm32f1xx_hal_tim.o(i.HAL_TIM_ConfigClockSource)
    HAL_TIM_IC_CaptureCallback               0x080026a1   Thumb Code     2  stm32f1xx_hal_tim.o(i.HAL_TIM_IC_CaptureCallback)
    HAL_TIM_IRQHandler                       0x080026a3   Thumb Code   358  stm32f1xx_hal_tim.o(i.HAL_TIM_IRQHandler)
    HAL_TIM_OC_DelayElapsedCallback          0x08002809   Thumb Code     2  stm32f1xx_hal_tim.o(i.HAL_TIM_OC_DelayElapsedCallback)
    HAL_TIM_PWM_PulseFinishedCallback        0x0800280b   Thumb Code     2  stm32f1xx_hal_tim.o(i.HAL_TIM_PWM_PulseFinishedCallback)
    HAL_TIM_PeriodElapsedCallback            0x0800280d   Thumb Code    78  tim.o(i.HAL_TIM_PeriodElapsedCallback)
    HAL_TIM_TriggerCallback                  0x08002869   Thumb Code     2  stm32f1xx_hal_tim.o(i.HAL_TIM_TriggerCallback)
    HardFault_Handler                        0x0800286b   Thumb Code     2  stm32f1xx_it.o(i.HardFault_Handler)
    I2C_Delay                                0x0800286d   Thumb Code     8  user_i2c.o(i.I2C_Delay)
    I2C_End                                  0x08002875   Thumb Code    32  user_i2c.o(i.I2C_End)
    I2C_Get_ACK                              0x08002895   Thumb Code    38  user_i2c.o(i.I2C_Get_ACK)
    I2C_ReadByte                             0x080028bb   Thumb Code    64  user_i2c.o(i.I2C_ReadByte)
    I2C_Read_Len                             0x080028fd   Thumb Code    72  user_i2c.o(i.I2C_Read_Len)
    I2C_Read_SDA                             0x08002945   Thumb Code    10  user_i2c.o(i.I2C_Read_SDA)
    I2C_SendByte                             0x08002955   Thumb Code    58  user_i2c.o(i.I2C_SendByte)
    I2C_Send_ACK                             0x0800298f   Thumb Code    36  user_i2c.o(i.I2C_Send_ACK)
    I2C_Start                                0x080029b3   Thumb Code    38  user_i2c.o(i.I2C_Start)
    I2C_Write_Len                            0x080029d9   Thumb Code    50  user_i2c.o(i.I2C_Write_Len)
    I2C_Write_SCL                            0x08002a0d   Thumb Code    12  user_i2c.o(i.I2C_Write_SCL)
    I2C_Write_SDA                            0x08002a1d   Thumb Code    12  user_i2c.o(i.I2C_Write_SDA)
    LOG                                      0x08002a2d   Thumb Code     4  menu.o(i.LOG)
    LOG1                                     0x08002a31   Thumb Code     4  menu.o(i.LOG1)
    LOGshow                                  0x08002a35   Thumb Code     4  menu.o(i.LOGshow)
    MX_GPIO_Init                             0x08002a39   Thumb Code   274  gpio.o(i.MX_GPIO_Init)
    MX_RTC_Init                              0x08002b5d   Thumb Code   110  rtc.o(i.MX_RTC_Init)
    MX_TIM2_Init                             0x08002bd5   Thumb Code   100  tim.o(i.MX_TIM2_Init)
    MemManage_Handler                        0x08002c3d   Thumb Code     2  stm32f1xx_it.o(i.MemManage_Handler)
    Menu_key_set                             0x08002c41   Thumb Code    98  menu.o(i.Menu_key_set)
    NMI_Handler                              0x08002ca9   Thumb Code     2  stm32f1xx_it.o(i.NMI_Handler)
    OLED_Chinese                             0x08002cad   Thumb Code    84  oled.o(i.OLED_Chinese)
    OLED_Chinese16                           0x08002d05   Thumb Code    84  oled.o(i.OLED_Chinese16)
    OLED_Clear                               0x08002d5d   Thumb Code    38  oled.o(i.OLED_Clear)
    OLED_Clear0                              0x08002d85   Thumb Code    62  oled.o(i.OLED_Clear0)
    OLED_DrawPoint                           0x08002dc9   Thumb Code    44  oled.o(i.OLED_DrawPoint)
    OLED_I2C_Init                            0x08002df9   Thumb Code    28  oled.o(i.OLED_I2C_Init)
    OLED_I2C_SendByte                        0x08002e19   Thumb Code    78  oled.o(i.OLED_I2C_SendByte)
    OLED_I2C_Start                           0x08002e6d   Thumb Code    48  oled.o(i.OLED_I2C_Start)
    OLED_I2C_Stop                            0x08002ea1   Thumb Code    38  oled.o(i.OLED_I2C_Stop)
    OLED_Init                                0x08002ecd   Thumb Code   172  oled.o(i.OLED_Init)
    OLED_Refresh                             0x08002f79   Thumb Code    60  oled.o(i.OLED_Refresh)
    OLED_SetCursor                           0x08002fb9   Thumb Code    34  oled.o(i.OLED_SetCursor)
    OLED_ShowChar                            0x08002fdd   Thumb Code    98  oled.o(i.OLED_ShowChar)
    OLED_ShowPicture                         0x08003045   Thumb Code   156  oled.o(i.OLED_ShowPicture)
    OLED_ShowString                          0x080030e1   Thumb Code    38  oled.o(i.OLED_ShowString)
    OLED_WriteCommand                        0x08003107   Thumb Code    34  oled.o(i.OLED_WriteCommand)
    OLED_WriteData                           0x08003129   Thumb Code    34  oled.o(i.OLED_WriteData)
    Palygame                                 0x0800314d   Thumb Code     8  menu.o(i.Palygame)
    PendSV_Handler                           0x08003159   Thumb Code     2  stm32f1xx_it.o(i.PendSV_Handler)
    Play                                     0x0800315d   Thumb Code    10  menu.o(i.Play)
    Play1                                    0x0800316d   Thumb Code    10  menu.o(i.Play1)
    RTC_IRQHandler                           0x080032c1   Thumb Code     6  stm32f1xx_it.o(i.RTC_IRQHandler)
    SVC_Handler                              0x080033a1   Thumb Code     2  stm32f1xx_it.o(i.SVC_Handler)
    SysTick_Handler                          0x080033a3   Thumb Code     4  stm32f1xx_it.o(i.SysTick_Handler)
    SystemClock_Config                       0x080033a7   Thumb Code   128  main.o(i.SystemClock_Config)
    SystemInit                               0x08003427   Thumb Code     2  system_stm32f1xx.o(i.SystemInit)
    TIM2_IRQHandler                          0x08003429   Thumb Code     6  stm32f1xx_it.o(i.TIM2_IRQHandler)
    TIM_Base_SetConfig                       0x08003435   Thumb Code    94  stm32f1xx_hal_tim.o(i.TIM_Base_SetConfig)
    TIM_ETR_SetConfig                        0x080034a1   Thumb Code    20  stm32f1xx_hal_tim.o(i.TIM_ETR_SetConfig)
    TSL2561_Init                             0x0800350b   Thumb Code    30  tsl2561.o(i.TSL2561_Init)
    TSL2561_LED_on                           0x08003529   Thumb Code    10  tsl2561.o(i.TSL2561_LED_on)
    TSL2561_ReadData                         0x08003539   Thumb Code    34  tsl2561.o(i.TSL2561_ReadData)
    TSL2561_off                              0x0800355d   Thumb Code    12  tsl2561.o(i.TSL2561_off)
    TSL2561_on                               0x0800356d   Thumb Code    10  tsl2561.o(i.TSL2561_on)
    Time                                     0x0800357d   Thumb Code    10  menu.o(i.Time)
    Time1                                    0x0800358d   Thumb Code    10  menu.o(i.Time1)
    Timeshow                                 0x0800359d   Thumb Code     8  menu.o(i.Timeshow)
    UsageFault_Handler                       0x080035a9   Thumb Code     2  stm32f1xx_it.o(i.UsageFault_Handler)
    User_Askfordelete                        0x080035ab   Thumb Code    50  user_oled.o(i.User_Askfordelete)
    User_Data                                0x080035dd   Thumb Code   136  user_oled.o(i.User_Data)
    User_DataChoice_Show                     0x08003671   Thumb Code   530  user_lightdata.o(i.User_DataChoice_Show)
    User_Data_Show                           0x080038bd   Thumb Code   416  user_lightdata.o(i.User_Data_Show)
    User_DeleteData                          0x08003a9d   Thumb Code    72  user_lightdata.o(i.User_DeleteData)
    User_Detect_Show                         0x08003aed   Thumb Code    54  user_lightdata.o(i.User_Detect_Show)
    User_Home                                0x08003b29   Thumb Code    14  user_oled.o(i.User_Home)
    User_LOG                                 0x08003b3d   Thumb Code   136  user_oled.o(i.User_LOG)
    User_LOG1                                0x08003bd1   Thumb Code   140  user_oled.o(i.User_LOG1)
    User_PIC_Show                            0x08003c69   Thumb Code   204  user_oled.o(i.User_PIC_Show)
    User_Play                                0x08003d81   Thumb Code   136  user_oled.o(i.User_Play)
    User_Play1                               0x08003e15   Thumb Code   144  user_oled.o(i.User_Play1)
    User_Time                                0x08003eb1   Thumb Code   136  user_oled.o(i.User_Time)
    User_Time1                               0x08003f45   Thumb Code   140  user_oled.o(i.User_Time1)
    User_Time_Show                           0x08003fdd   Thumb Code   156  user_oled.o(i.User_Time_Show)
    User_huizhang_Show                       0x080040a9   Thumb Code    52  user_oled.o(i.User_huizhang_Show)
    __ARM_fpclassify                         0x080040e5   Thumb Code    40  fpclassify.o(i.__ARM_fpclassify)
    _is_digit                                0x0800412d   Thumb Code    14  __printf_wp.o(i._is_digit)
    home                                     0x0800413d   Thumb Code     8  menu.o(i.home)
    lightdata_askfordelete                   0x08004149   Thumb Code    86  user_lightdata.o(i.lightdata_askfordelete)
    lightdata_delete                         0x080041d1   Thumb Code    44  user_lightdata.o(i.lightdata_delete)
    lightdata_detect                         0x08004205   Thumb Code    46  user_lightdata.o(i.lightdata_detect)
    lightdata_down                           0x08004241   Thumb Code    44  user_lightdata.o(i.lightdata_down)
    lightdata_show                           0x08004279   Thumb Code     8  user_lightdata.o(i.lightdata_show)
    lightdata_up                             0x08004285   Thumb Code    44  user_lightdata.o(i.lightdata_up)
    main                                     0x080042bd   Thumb Code    54  main.o(i.main)
    video_show                               0x080042f5   Thumb Code    18  video.o(i.video_show)
    _get_lc_numeric                          0x08004311   Thumb Code    44  lc_numeric_c.o(locale$$code)
    __fpl_dretinf                            0x0800433d   Thumb Code    12  dretinf.o(x$fpl$dretinf)
    __aeabi_f2d                              0x08004349   Thumb Code     0  f2d.o(x$fpl$f2d)
    _f2d                                     0x08004349   Thumb Code    86  f2d.o(x$fpl$f2d)
    __aeabi_ui2f                             0x080043a1   Thumb Code     0  fflt_clz.o(x$fpl$ffltu)
    _ffltu                                   0x080043a1   Thumb Code    38  fflt_clz.o(x$fpl$ffltu)
    __fpl_fnaninf                            0x080043c7   Thumb Code   140  fnaninf.o(x$fpl$fnaninf)
    _printf_fp_dec                           0x08004453   Thumb Code     4  printf1.o(x$fpl$printf1)
    __I$use$fp                               0x08004456   Number         0  usenofp.o(x$fpl$usenofp)
    AHBPrescTable                            0x0800447a   Data          16  system_stm32f1xx.o(.constdata)
    APBPrescTable                            0x0800448a   Data           8  system_stm32f1xx.o(.constdata)
    OLED_F8x16                               0x08004492   Data        1600  oled.o(.constdata)
    OLED_F16x16                              0x08004ad2   Data         896  oled.o(.constdata)
    Region$$Table$$Base                      0x08004f74   Number         0  anon$$obj.o(Region$$Table)
    Region$$Table$$Limit                     0x08004f94   Number         0  anon$$obj.o(Region$$Table)
    tim2_time                                0x20000000   Data           4  tim.o(.data)
    tim2_time_s                              0x20000004   Data           4  tim.o(.data)
    uwTickFreq                               0x20000008   Data           1  stm32f1xx_hal.o(.data)
    uwTickPrio                               0x2000000c   Data           4  stm32f1xx_hal.o(.data)
    uwTick                                   0x20000010   Data           4  stm32f1xx_hal.o(.data)
    SystemCoreClock                          0x20000014   Data           4  system_stm32f1xx.o(.data)
    BMP_0                                    0x20000018   Data        1024  oled.o(.data)
    myBMP                                    0x20000418   Data         512  user_oled.o(.data)
    myBMP1                                   0x20000618   Data         504  user_oled.o(.data)
    xiaohui                                  0x20000810   Data         576  user_oled.o(.data)
    yuanhui                                  0x20000a50   Data         512  user_oled.o(.data)
    choice                                   0x20000c50   Data           4  user_key.o(.data)
    button                                   0x20000c54   Data           1  user_key.o(.data)
    data_num                                 0x20000c58   Data           4  user_lightdata.o(.data)
    func_index                               0x20000c5c   Data           1  menu.o(.data)
    home_flag                                0x20000c60   Data           4  menu.o(.data)
    Timeshow_flag                            0x20000c64   Data           4  menu.o(.data)
    play_flag                                0x20000c68   Data           4  menu.o(.data)
    current_operation_index                  0x20000c6c   Data           4  menu.o(.data)
    table                                    0x20000c70   Data         360  menu.o(.data)
    ye                                       0x20000dd8   Data           4  video.o(.data)
    hrtc                                     0x20000ddc   Data          20  rtc.o(.bss)
    htim2                                    0x20000df0   Data          72  tim.o(.bss)
    OLED_GRAM                                0x20000e38   Data        1024  oled.o(.bss)
    user_key                                 0x20001238   Data          20  user_key.o(.bss)
    lightdata                                0x2000124c   Data         396  user_lightdata.o(.bss)
    lighttime                                0x200013d8   Data         396  user_lightdata.o(.bss)
    __libspace_start                         0x20001564   Data          96  libspace.o(.bss)
    __temporary_stack_top$libspace           0x200015c4   Data           0  libspace.o(.bss)



==============================================================================

Memory Map of the image

  Image Entry point : 0x080000ed

  Load Region LR_IROM1 (Base: 0x08000000, Size: 0x00005d8c, Max: 0x00010000, ABSOLUTE, COMPRESSED[0x00005604])

    Execution Region ER_IROM1 (Exec base: 0x08000000, Load base: 0x08000000, Size: 0x00004fb0, Max: 0x00010000, ABSOLUTE)

    Exec Addr    Load Addr    Size         Type   Attr      Idx    E Section Name        Object

    0x08000000   0x08000000   0x000000ec   Data   RO            3    RESET               startup_stm32f103xb.o
    0x080000ec   0x080000ec   0x00000008   Code   RO         3773  * !!!main             c_w.l(__main.o)
    0x080000f4   0x080000f4   0x00000034   Code   RO         4011    !!!scatter          c_w.l(__scatter.o)
    0x08000128   0x08000128   0x0000005a   Code   RO         4009    !!dczerorl2         c_w.l(__dczerorl2.o)
    0x08000182   0x08000182   0x00000002   PAD
    0x08000184   0x08000184   0x0000001c   Code   RO         4013    !!handler_zi        c_w.l(__scatter_zi.o)
    0x080001a0   0x080001a0   0x00000000   Code   RO         3761    .ARM.Collect$$_printf_percent$$00000000  c_w.l(_printf_percent.o)
    0x080001a0   0x080001a0   0x00000006   Code   RO         3760    .ARM.Collect$$_printf_percent$$00000003  c_w.l(_printf_f.o)
    0x080001a6   0x080001a6   0x00000006   Code   RO         3759    .ARM.Collect$$_printf_percent$$00000009  c_w.l(_printf_d.o)
    0x080001ac   0x080001ac   0x00000004   Code   RO         3800    .ARM.Collect$$_printf_percent$$00000017  c_w.l(_printf_percent_end.o)
    0x080001b0   0x080001b0   0x00000002   Code   RO         3933    .ARM.Collect$$libinit$$00000000  c_w.l(libinit.o)
    0x080001b2   0x080001b2   0x00000000   Code   RO         3802    .ARM.Collect$$libinit$$00000002  c_w.l(libinit2.o)
    0x080001b2   0x080001b2   0x00000000   Code   RO         3804    .ARM.Collect$$libinit$$00000004  c_w.l(libinit2.o)
    0x080001b2   0x080001b2   0x00000000   Code   RO         3807    .ARM.Collect$$libinit$$0000000A  c_w.l(libinit2.o)
    0x080001b2   0x080001b2   0x00000000   Code   RO         3809    .ARM.Collect$$libinit$$0000000C  c_w.l(libinit2.o)
    0x080001b2   0x080001b2   0x00000000   Code   RO         3811    .ARM.Collect$$libinit$$0000000E  c_w.l(libinit2.o)
    0x080001b2   0x080001b2   0x00000006   Code   RO         3812    .ARM.Collect$$libinit$$0000000F  c_w.l(libinit2.o)
    0x080001b8   0x080001b8   0x00000000   Code   RO         3814    .ARM.Collect$$libinit$$00000011  c_w.l(libinit2.o)
    0x080001b8   0x080001b8   0x00000000   Code   RO         3816    .ARM.Collect$$libinit$$00000013  c_w.l(libinit2.o)
    0x080001b8   0x080001b8   0x00000000   Code   RO         3818    .ARM.Collect$$libinit$$00000015  c_w.l(libinit2.o)
    0x080001b8   0x080001b8   0x0000000a   Code   RO         3819    .ARM.Collect$$libinit$$00000016  c_w.l(libinit2.o)
    0x080001c2   0x080001c2   0x00000000   Code   RO         3820    .ARM.Collect$$libinit$$00000017  c_w.l(libinit2.o)
    0x080001c2   0x080001c2   0x00000000   Code   RO         3822    .ARM.Collect$$libinit$$00000019  c_w.l(libinit2.o)
    0x080001c2   0x080001c2   0x00000000   Code   RO         3824    .ARM.Collect$$libinit$$0000001B  c_w.l(libinit2.o)
    0x080001c2   0x080001c2   0x00000000   Code   RO         3826    .ARM.Collect$$libinit$$0000001D  c_w.l(libinit2.o)
    0x080001c2   0x080001c2   0x00000000   Code   RO         3828    .ARM.Collect$$libinit$$0000001F  c_w.l(libinit2.o)
    0x080001c2   0x080001c2   0x00000000   Code   RO         3830    .ARM.Collect$$libinit$$00000021  c_w.l(libinit2.o)
    0x080001c2   0x080001c2   0x00000000   Code   RO         3832    .ARM.Collect$$libinit$$00000023  c_w.l(libinit2.o)
    0x080001c2   0x080001c2   0x00000000   Code   RO         3834    .ARM.Collect$$libinit$$00000025  c_w.l(libinit2.o)
    0x080001c2   0x080001c2   0x00000000   Code   RO         3838    .ARM.Collect$$libinit$$0000002C  c_w.l(libinit2.o)
    0x080001c2   0x080001c2   0x00000000   Code   RO         3840    .ARM.Collect$$libinit$$0000002E  c_w.l(libinit2.o)
    0x080001c2   0x080001c2   0x00000000   Code   RO         3842    .ARM.Collect$$libinit$$00000030  c_w.l(libinit2.o)
    0x080001c2   0x080001c2   0x00000000   Code   RO         3844    .ARM.Collect$$libinit$$00000032  c_w.l(libinit2.o)
    0x080001c2   0x080001c2   0x00000002   Code   RO         3845    .ARM.Collect$$libinit$$00000033  c_w.l(libinit2.o)
    0x080001c4   0x080001c4   0x00000002   Code   RO         3968    .ARM.Collect$$libshutdown$$00000000  c_w.l(libshutdown.o)
    0x080001c6   0x080001c6   0x00000000   Code   RO         3974    .ARM.Collect$$libshutdown$$00000002  c_w.l(libshutdown2.o)
    0x080001c6   0x080001c6   0x00000000   Code   RO         3976    .ARM.Collect$$libshutdown$$00000004  c_w.l(libshutdown2.o)
    0x080001c6   0x080001c6   0x00000000   Code   RO         3978    .ARM.Collect$$libshutdown$$00000006  c_w.l(libshutdown2.o)
    0x080001c6   0x080001c6   0x00000000   Code   RO         3981    .ARM.Collect$$libshutdown$$00000009  c_w.l(libshutdown2.o)
    0x080001c6   0x080001c6   0x00000000   Code   RO         3984    .ARM.Collect$$libshutdown$$0000000C  c_w.l(libshutdown2.o)
    0x080001c6   0x080001c6   0x00000000   Code   RO         3986    .ARM.Collect$$libshutdown$$0000000E  c_w.l(libshutdown2.o)
    0x080001c6   0x080001c6   0x00000000   Code   RO         3989    .ARM.Collect$$libshutdown$$00000011  c_w.l(libshutdown2.o)
    0x080001c6   0x080001c6   0x00000002   Code   RO         3990    .ARM.Collect$$libshutdown$$00000012  c_w.l(libshutdown2.o)
    0x080001c8   0x080001c8   0x00000000   Code   RO         3791    .ARM.Collect$$rtentry$$00000000  c_w.l(__rtentry.o)
    0x080001c8   0x080001c8   0x00000000   Code   RO         3854    .ARM.Collect$$rtentry$$00000002  c_w.l(__rtentry2.o)
    0x080001c8   0x080001c8   0x00000006   Code   RO         3866    .ARM.Collect$$rtentry$$00000004  c_w.l(__rtentry4.o)
    0x080001ce   0x080001ce   0x00000000   Code   RO         3856    .ARM.Collect$$rtentry$$00000009  c_w.l(__rtentry2.o)
    0x080001ce   0x080001ce   0x00000004   Code   RO         3857    .ARM.Collect$$rtentry$$0000000A  c_w.l(__rtentry2.o)
    0x080001d2   0x080001d2   0x00000000   Code   RO         3859    .ARM.Collect$$rtentry$$0000000C  c_w.l(__rtentry2.o)
    0x080001d2   0x080001d2   0x00000008   Code   RO         3860    .ARM.Collect$$rtentry$$0000000D  c_w.l(__rtentry2.o)
    0x080001da   0x080001da   0x00000002   Code   RO         3936    .ARM.Collect$$rtexit$$00000000  c_w.l(rtexit.o)
    0x080001dc   0x080001dc   0x00000000   Code   RO         3948    .ARM.Collect$$rtexit$$00000002  c_w.l(rtexit2.o)
    0x080001dc   0x080001dc   0x00000004   Code   RO         3949    .ARM.Collect$$rtexit$$00000003  c_w.l(rtexit2.o)
    0x080001e0   0x080001e0   0x00000006   Code   RO         3950    .ARM.Collect$$rtexit$$00000004  c_w.l(rtexit2.o)
    0x080001e6   0x080001e6   0x00000002   PAD
    0x080001e8   0x080001e8   0x00000040   Code   RO            4    .text               startup_stm32f103xb.o
    0x08000228   0x08000228   0x00000028   Code   RO         3731    .text               c_w.l(noretval__2sprintf.o)
    0x08000250   0x08000250   0x0000004e   Code   RO         3735    .text               c_w.l(_printf_pad.o)
    0x0800029e   0x0800029e   0x00000002   PAD
    0x080002a0   0x080002a0   0x00000078   Code   RO         3737    .text               c_w.l(_printf_dec.o)
    0x08000318   0x08000318   0x00000138   Code   RO         3751    .text               c_w.l(__printf_flags_wp.o)
    0x08000450   0x08000450   0x00000064   Code   RO         3767    .text               c_w.l(rt_memcpy_w.o)
    0x080004b4   0x080004b4   0x0000004e   Code   RO         3769    .text               c_w.l(rt_memclr_w.o)
    0x08000502   0x08000502   0x00000006   Code   RO         3771    .text               c_w.l(heapauxi.o)
    0x08000508   0x08000508   0x000000b2   Code   RO         3792    .text               c_w.l(_printf_intcommon.o)
    0x080005ba   0x080005ba   0x0000041e   Code   RO         3794    .text               c_w.l(_printf_fp_dec.o)
    0x080009d8   0x080009d8   0x00000030   Code   RO         3796    .text               c_w.l(_printf_char_common.o)
    0x08000a08   0x08000a08   0x0000000a   Code   RO         3798    .text               c_w.l(_sputc.o)
    0x08000a12   0x08000a12   0x00000002   PAD
    0x08000a14   0x08000a14   0x00000008   Code   RO         3871    .text               c_w.l(rt_locale_intlibspace.o)
    0x08000a1c   0x08000a1c   0x0000008a   Code   RO         3873    .text               c_w.l(lludiv10.o)
    0x08000aa6   0x08000aa6   0x00000002   PAD
    0x08000aa8   0x08000aa8   0x00000080   Code   RO         3875    .text               c_w.l(_printf_fp_infnan.o)
    0x08000b28   0x08000b28   0x000000e4   Code   RO         3879    .text               c_w.l(bigflt0.o)
    0x08000c0c   0x08000c0c   0x00000008   Code   RO         3915    .text               c_w.l(libspace.o)
    0x08000c14   0x08000c14   0x0000004a   Code   RO         3918    .text               c_w.l(sys_stackheap_outer.o)
    0x08000c5e   0x08000c5e   0x00000012   Code   RO         3920    .text               c_w.l(exit.o)
    0x08000c70   0x08000c70   0x00000080   Code   RO         3922    .text               c_w.l(strcmpv7m.o)
    0x08000cf0   0x08000cf0   0x00000002   Code   RO         3944    .text               c_w.l(use_no_semi.o)
    0x08000cf2   0x08000cf2   0x00000000   Code   RO         3946    .text               c_w.l(indicate_semi.o)
    0x08000cf2   0x08000cf2   0x00000002   PAD
    0x08000cf4   0x08000cf4   0x0000000c   Code   RO         3960    .text               c_w.l(sys_exit.o)
    0x08000d00   0x08000d00   0x0000003e   Code   RO         3882    CL$$btod_d2e        c_w.l(btod.o)
    0x08000d3e   0x08000d3e   0x00000046   Code   RO         3884    CL$$btod_d2e_denorm_low  c_w.l(btod.o)
    0x08000d84   0x08000d84   0x00000060   Code   RO         3883    CL$$btod_d2e_norm_op1  c_w.l(btod.o)
    0x08000de4   0x08000de4   0x00000338   Code   RO         3892    CL$$btod_div_common  c_w.l(btod.o)
    0x0800111c   0x0800111c   0x000000dc   Code   RO         3889    CL$$btod_e2e        c_w.l(btod.o)
    0x080011f8   0x080011f8   0x0000002a   Code   RO         3886    CL$$btod_ediv       c_w.l(btod.o)
    0x08001222   0x08001222   0x0000002a   Code   RO         3885    CL$$btod_emul       c_w.l(btod.o)
    0x0800124c   0x0800124c   0x00000244   Code   RO         3891    CL$$btod_mult_common  c_w.l(btod.o)
    0x08001490   0x08001490   0x00000002   Code   RO          288    i.BusFault_Handler  stm32f1xx_it.o
    0x08001492   0x08001492   0x00000002   PAD
    0x08001494   0x08001494   0x000000c0   Code   RO         2904    i.CalWeek           user_oled.o
    0x08001554   0x08001554   0x00000010   Code   RO         3313    i.Data              menu.o
    0x08001564   0x08001564   0x00000002   Code   RO          289    i.DebugMon_Handler  stm32f1xx_it.o
    0x08001566   0x08001566   0x00000006   Code   RO          290    i.EXTI0_IRQHandler  stm32f1xx_it.o
    0x0800156c   0x0800156c   0x00000006   Code   RO          291    i.EXTI1_IRQHandler  stm32f1xx_it.o
    0x08001572   0x08001572   0x00000006   Code   RO          292    i.EXTI2_IRQHandler  stm32f1xx_it.o
    0x08001578   0x08001578   0x00000006   Code   RO          293    i.EXTI3_IRQHandler  stm32f1xx_it.o
    0x0800157e   0x0800157e   0x00000006   Code   RO          294    i.EXTI4_IRQHandler  stm32f1xx_it.o
    0x08001584   0x08001584   0x00000004   Code   RO           13    i.Error_Handler     main.o
    0x08001588   0x08001588   0x00000024   Code   RO          745    i.HAL_Delay         stm32f1xx_hal.o
    0x080015ac   0x080015ac   0x000000fc   Code   RO         3144    i.HAL_GPIO_EXTI_Callback  user_key.o
    0x080016a8   0x080016a8   0x00000018   Code   RO         1054    i.HAL_GPIO_EXTI_IRQHandler  stm32f1xx_hal_gpio.o
    0x080016c0   0x080016c0   0x000001e0   Code   RO         1055    i.HAL_GPIO_Init     stm32f1xx_hal_gpio.o
    0x080018a0   0x080018a0   0x0000000a   Code   RO         1057    i.HAL_GPIO_ReadPin  stm32f1xx_hal_gpio.o
    0x080018aa   0x080018aa   0x00000010   Code   RO         1058    i.HAL_GPIO_TogglePin  stm32f1xx_hal_gpio.o
    0x080018ba   0x080018ba   0x0000000a   Code   RO         1059    i.HAL_GPIO_WritePin  stm32f1xx_hal_gpio.o
    0x080018c4   0x080018c4   0x0000000c   Code   RO          749    i.HAL_GetTick       stm32f1xx_hal.o
    0x080018d0   0x080018d0   0x00000010   Code   RO          755    i.HAL_IncTick       stm32f1xx_hal.o
    0x080018e0   0x080018e0   0x00000024   Code   RO          756    i.HAL_Init          stm32f1xx_hal.o
    0x08001904   0x08001904   0x00000040   Code   RO          757    i.HAL_InitTick      stm32f1xx_hal.o
    0x08001944   0x08001944   0x0000003c   Code   RO          406    i.HAL_MspInit       stm32f1xx_hal_msp.o
    0x08001980   0x08001980   0x0000001a   Code   RO         1215    i.HAL_NVIC_EnableIRQ  stm32f1xx_hal_cortex.o
    0x0800199a   0x0800199a   0x00000002   PAD
    0x0800199c   0x0800199c   0x00000040   Code   RO         1221    i.HAL_NVIC_SetPriority  stm32f1xx_hal_cortex.o
    0x080019dc   0x080019dc   0x00000024   Code   RO         1222    i.HAL_NVIC_SetPriorityGrouping  stm32f1xx_hal_cortex.o
    0x08001a00   0x08001a00   0x0000000c   Code   RO         1337    i.HAL_PWR_EnableBkUpAccess  stm32f1xx_hal_pwr.o
    0x08001a0c   0x08001a0c   0x000000a4   Code   RO         1016    i.HAL_RCCEx_GetPeriphCLKFreq  stm32f1xx_hal_rcc_ex.o
    0x08001ab0   0x08001ab0   0x000000ec   Code   RO         1017    i.HAL_RCCEx_PeriphCLKConfig  stm32f1xx_hal_rcc_ex.o
    0x08001b9c   0x08001b9c   0x0000012c   Code   RO          913    i.HAL_RCC_ClockConfig  stm32f1xx_hal_rcc.o
    0x08001cc8   0x08001cc8   0x00000020   Code   RO          921    i.HAL_RCC_GetPCLK2Freq  stm32f1xx_hal_rcc.o
    0x08001ce8   0x08001ce8   0x0000004c   Code   RO          922    i.HAL_RCC_GetSysClockFreq  stm32f1xx_hal_rcc.o
    0x08001d34   0x08001d34   0x00000320   Code   RO          925    i.HAL_RCC_OscConfig  stm32f1xx_hal_rcc.o
    0x08002054   0x08002054   0x00000002   Code   RO          641    i.HAL_RTCEx_RTCEventCallback  stm32f1xx_hal_rtc_ex.o
    0x08002056   0x08002056   0x00000002   Code   RO          642    i.HAL_RTCEx_RTCEventErrorCallback  stm32f1xx_hal_rtc_ex.o
    0x08002058   0x08002058   0x0000003e   Code   RO          643    i.HAL_RTCEx_RTCIRQHandler  stm32f1xx_hal_rtc_ex.o
    0x08002096   0x08002096   0x0000004e   Code   RO          471    i.HAL_RTC_GetDate   stm32f1xx_hal_rtc.o
    0x080020e4   0x080020e4   0x000000d8   Code   RO          473    i.HAL_RTC_GetTime   stm32f1xx_hal_rtc.o
    0x080021bc   0x080021bc   0x00000094   Code   RO          474    i.HAL_RTC_Init      stm32f1xx_hal_rtc.o
    0x08002250   0x08002250   0x00000048   Code   RO          191    i.HAL_RTC_MspInit   rtc.o
    0x08002298   0x08002298   0x000000c4   Code   RO          480    i.HAL_RTC_SetDate   stm32f1xx_hal_rtc.o
    0x0800235c   0x0800235c   0x000000ac   Code   RO          481    i.HAL_RTC_SetTime   stm32f1xx_hal_rtc.o
    0x08002408   0x08002408   0x0000003a   Code   RO          482    i.HAL_RTC_WaitForSynchro  stm32f1xx_hal_rtc.o
    0x08002442   0x08002442   0x00000028   Code   RO         1226    i.HAL_SYSTICK_Config  stm32f1xx_hal_cortex.o
    0x0800246a   0x0800246a   0x00000002   Code   RO         2421    i.HAL_TIMEx_BreakCallback  stm32f1xx_hal_tim_ex.o
    0x0800246c   0x0800246c   0x00000002   Code   RO         2422    i.HAL_TIMEx_CommutCallback  stm32f1xx_hal_tim_ex.o
    0x0800246e   0x0800246e   0x00000002   PAD
    0x08002470   0x08002470   0x00000068   Code   RO         2440    i.HAL_TIMEx_MasterConfigSynchronization  stm32f1xx_hal_tim_ex.o
    0x080024d8   0x080024d8   0x0000005a   Code   RO         1717    i.HAL_TIM_Base_Init  stm32f1xx_hal_tim.o
    0x08002532   0x08002532   0x00000002   PAD
    0x08002534   0x08002534   0x00000038   Code   RO          233    i.HAL_TIM_Base_MspInit  tim.o
    0x0800256c   0x0800256c   0x00000058   Code   RO         1722    i.HAL_TIM_Base_Start_IT  stm32f1xx_hal_tim.o
    0x080025c4   0x080025c4   0x000000dc   Code   RO         1726    i.HAL_TIM_ConfigClockSource  stm32f1xx_hal_tim.o
    0x080026a0   0x080026a0   0x00000002   Code   RO         1751    i.HAL_TIM_IC_CaptureCallback  stm32f1xx_hal_tim.o
    0x080026a2   0x080026a2   0x00000166   Code   RO         1765    i.HAL_TIM_IRQHandler  stm32f1xx_hal_tim.o
    0x08002808   0x08002808   0x00000002   Code   RO         1768    i.HAL_TIM_OC_DelayElapsedCallback  stm32f1xx_hal_tim.o
    0x0800280a   0x0800280a   0x00000002   Code   RO         1795    i.HAL_TIM_PWM_PulseFinishedCallback  stm32f1xx_hal_tim.o
    0x0800280c   0x0800280c   0x0000005c   Code   RO          234    i.HAL_TIM_PeriodElapsedCallback  tim.o
    0x08002868   0x08002868   0x00000002   Code   RO         1808    i.HAL_TIM_TriggerCallback  stm32f1xx_hal_tim.o
    0x0800286a   0x0800286a   0x00000002   Code   RO          295    i.HardFault_Handler  stm32f1xx_it.o
    0x0800286c   0x0800286c   0x00000008   Code   RO         3038    i.I2C_Delay         user_i2c.o
    0x08002874   0x08002874   0x00000020   Code   RO         3039    i.I2C_End           user_i2c.o
    0x08002894   0x08002894   0x00000026   Code   RO         3040    i.I2C_Get_ACK       user_i2c.o
    0x080028ba   0x080028ba   0x00000040   Code   RO         3041    i.I2C_ReadByte      user_i2c.o
    0x080028fa   0x080028fa   0x00000002   PAD
    0x080028fc   0x080028fc   0x00000048   Code   RO         3042    i.I2C_Read_Len      user_i2c.o
    0x08002944   0x08002944   0x00000010   Code   RO         3045    i.I2C_Read_SDA      user_i2c.o
    0x08002954   0x08002954   0x0000003a   Code   RO         3046    i.I2C_SendByte      user_i2c.o
    0x0800298e   0x0800298e   0x00000024   Code   RO         3047    i.I2C_Send_ACK      user_i2c.o
    0x080029b2   0x080029b2   0x00000026   Code   RO         3048    i.I2C_Start         user_i2c.o
    0x080029d8   0x080029d8   0x00000032   Code   RO         3049    i.I2C_Write_Len     user_i2c.o
    0x08002a0a   0x08002a0a   0x00000002   PAD
    0x08002a0c   0x08002a0c   0x00000010   Code   RO         3051    i.I2C_Write_SCL     user_i2c.o
    0x08002a1c   0x08002a1c   0x00000010   Code   RO         3052    i.I2C_Write_SDA     user_i2c.o
    0x08002a2c   0x08002a2c   0x00000004   Code   RO         3316    i.LOG               menu.o
    0x08002a30   0x08002a30   0x00000004   Code   RO         3317    i.LOG1              menu.o
    0x08002a34   0x08002a34   0x00000004   Code   RO         3318    i.LOGshow           menu.o
    0x08002a38   0x08002a38   0x00000124   Code   RO          166    i.MX_GPIO_Init      gpio.o
    0x08002b5c   0x08002b5c   0x00000078   Code   RO          192    i.MX_RTC_Init       rtc.o
    0x08002bd4   0x08002bd4   0x00000068   Code   RO          235    i.MX_TIM2_Init      tim.o
    0x08002c3c   0x08002c3c   0x00000002   Code   RO          296    i.MemManage_Handler  stm32f1xx_it.o
    0x08002c3e   0x08002c3e   0x00000002   PAD
    0x08002c40   0x08002c40   0x00000068   Code   RO         3319    i.Menu_key_set      menu.o
    0x08002ca8   0x08002ca8   0x00000002   Code   RO          297    i.NMI_Handler       stm32f1xx_it.o
    0x08002caa   0x08002caa   0x00000002   PAD
    0x08002cac   0x08002cac   0x00000058   Code   RO         2726    i.OLED_Chinese      oled.o
    0x08002d04   0x08002d04   0x00000058   Code   RO         2727    i.OLED_Chinese16    oled.o
    0x08002d5c   0x08002d5c   0x00000026   Code   RO         2728    i.OLED_Clear        oled.o
    0x08002d82   0x08002d82   0x00000002   PAD
    0x08002d84   0x08002d84   0x00000044   Code   RO         2729    i.OLED_Clear0       oled.o
    0x08002dc8   0x08002dc8   0x00000030   Code   RO         2732    i.OLED_DrawPoint    oled.o
    0x08002df8   0x08002df8   0x00000020   Code   RO         2733    i.OLED_I2C_Init     oled.o
    0x08002e18   0x08002e18   0x00000054   Code   RO         2734    i.OLED_I2C_SendByte  oled.o
    0x08002e6c   0x08002e6c   0x00000034   Code   RO         2735    i.OLED_I2C_Start    oled.o
    0x08002ea0   0x08002ea0   0x0000002c   Code   RO         2736    i.OLED_I2C_Stop     oled.o
    0x08002ecc   0x08002ecc   0x000000ac   Code   RO         2738    i.OLED_Init         oled.o
    0x08002f78   0x08002f78   0x00000040   Code   RO         2740    i.OLED_Refresh      oled.o
    0x08002fb8   0x08002fb8   0x00000022   Code   RO         2741    i.OLED_SetCursor    oled.o
    0x08002fda   0x08002fda   0x00000002   PAD
    0x08002fdc   0x08002fdc   0x00000068   Code   RO         2743    i.OLED_ShowChar     oled.o
    0x08003044   0x08003044   0x0000009c   Code   RO         2747    i.OLED_ShowPicture  oled.o
    0x080030e0   0x080030e0   0x00000026   Code   RO         2749    i.OLED_ShowString   oled.o
    0x08003106   0x08003106   0x00000022   Code   RO         2750    i.OLED_WriteCommand  oled.o
    0x08003128   0x08003128   0x00000022   Code   RO         2751    i.OLED_WriteData    oled.o
    0x0800314a   0x0800314a   0x00000002   PAD
    0x0800314c   0x0800314c   0x0000000c   Code   RO         3320    i.Palygame          menu.o
    0x08003158   0x08003158   0x00000002   Code   RO          298    i.PendSV_Handler    stm32f1xx_it.o
    0x0800315a   0x0800315a   0x00000002   PAD
    0x0800315c   0x0800315c   0x00000010   Code   RO         3321    i.Play              menu.o
    0x0800316c   0x0800316c   0x00000010   Code   RO         3322    i.Play1             menu.o
    0x0800317c   0x0800317c   0x00000012   Code   RO          483    i.RTC_Bcd2ToByte    stm32f1xx_hal_rtc.o
    0x0800318e   0x0800318e   0x00000016   Code   RO          484    i.RTC_ByteToBcd2    stm32f1xx_hal_rtc.o
    0x080031a4   0x080031a4   0x000000ae   Code   RO          485    i.RTC_DateUpdate    stm32f1xx_hal_rtc.o
    0x08003252   0x08003252   0x00000034   Code   RO          486    i.RTC_EnterInitMode  stm32f1xx_hal_rtc.o
    0x08003286   0x08003286   0x00000002   PAD
    0x08003288   0x08003288   0x00000036   Code   RO          487    i.RTC_ExitInitMode  stm32f1xx_hal_rtc.o
    0x080032be   0x080032be   0x00000002   PAD
    0x080032c0   0x080032c0   0x0000000c   Code   RO          299    i.RTC_IRQHandler    stm32f1xx_it.o
    0x080032cc   0x080032cc   0x0000000e   Code   RO          488    i.RTC_ReadAlarmCounter  stm32f1xx_hal_rtc.o
    0x080032da   0x080032da   0x00000020   Code   RO          489    i.RTC_ReadTimeCounter  stm32f1xx_hal_rtc.o
    0x080032fa   0x080032fa   0x00000056   Code   RO          490    i.RTC_WeekDayNum    stm32f1xx_hal_rtc.o
    0x08003350   0x08003350   0x00000028   Code   RO          491    i.RTC_WriteAlarmCounter  stm32f1xx_hal_rtc.o
    0x08003378   0x08003378   0x00000028   Code   RO          492    i.RTC_WriteTimeCounter  stm32f1xx_hal_rtc.o
    0x080033a0   0x080033a0   0x00000002   Code   RO          300    i.SVC_Handler       stm32f1xx_it.o
    0x080033a2   0x080033a2   0x00000004   Code   RO          301    i.SysTick_Handler   stm32f1xx_it.o
    0x080033a6   0x080033a6   0x00000080   Code   RO           14    i.SystemClock_Config  main.o
    0x08003426   0x08003426   0x00000002   Code   RO         2689    i.SystemInit        system_stm32f1xx.o
    0x08003428   0x08003428   0x0000000c   Code   RO          302    i.TIM2_IRQHandler   stm32f1xx_it.o
    0x08003434   0x08003434   0x0000006c   Code   RO         1810    i.TIM_Base_SetConfig  stm32f1xx_hal_tim.o
    0x080034a0   0x080034a0   0x00000014   Code   RO         1821    i.TIM_ETR_SetConfig  stm32f1xx_hal_tim.o
    0x080034b4   0x080034b4   0x00000010   Code   RO         1822    i.TIM_ITRx_SetConfig  stm32f1xx_hal_tim.o
    0x080034c4   0x080034c4   0x00000022   Code   RO         1828    i.TIM_TI1_ConfigInputStage  stm32f1xx_hal_tim.o
    0x080034e6   0x080034e6   0x00000024   Code   RO         1830    i.TIM_TI2_ConfigInputStage  stm32f1xx_hal_tim.o
    0x0800350a   0x0800350a   0x0000001e   Code   RO         3180    i.TSL2561_Init      tsl2561.o
    0x08003528   0x08003528   0x00000010   Code   RO         3181    i.TSL2561_LED_on    tsl2561.o
    0x08003538   0x08003538   0x00000022   Code   RO         3182    i.TSL2561_ReadData  tsl2561.o
    0x0800355a   0x0800355a   0x00000002   PAD
    0x0800355c   0x0800355c   0x00000010   Code   RO         3183    i.TSL2561_off       tsl2561.o
    0x0800356c   0x0800356c   0x00000010   Code   RO         3184    i.TSL2561_on        tsl2561.o
    0x0800357c   0x0800357c   0x00000010   Code   RO         3328    i.Time              menu.o
    0x0800358c   0x0800358c   0x00000010   Code   RO         3329    i.Time1             menu.o
    0x0800359c   0x0800359c   0x0000000c   Code   RO         3330    i.Timeshow          menu.o
    0x080035a8   0x080035a8   0x00000002   Code   RO          303    i.UsageFault_Handler  stm32f1xx_it.o
    0x080035aa   0x080035aa   0x00000032   Code   RO         2905    i.User_Askfordelete  user_oled.o
    0x080035dc   0x080035dc   0x00000094   Code   RO         2906    i.User_Data         user_oled.o
    0x08003670   0x08003670   0x0000024c   Code   RO         3228    i.User_DataChoice_Show  user_lightdata.o
    0x080038bc   0x080038bc   0x000001e0   Code   RO         3229    i.User_Data_Show    user_lightdata.o
    0x08003a9c   0x08003a9c   0x00000050   Code   RO         3230    i.User_DeleteData   user_lightdata.o
    0x08003aec   0x08003aec   0x0000003c   Code   RO         3231    i.User_Detect_Show  user_lightdata.o
    0x08003b28   0x08003b28   0x00000014   Code   RO         2907    i.User_Home         user_oled.o
    0x08003b3c   0x08003b3c   0x00000094   Code   RO         2909    i.User_LOG          user_oled.o
    0x08003bd0   0x08003bd0   0x00000098   Code   RO         2910    i.User_LOG1         user_oled.o
    0x08003c68   0x08003c68   0x00000118   Code   RO         2911    i.User_PIC_Show     user_oled.o
    0x08003d80   0x08003d80   0x00000094   Code   RO         2912    i.User_Play         user_oled.o
    0x08003e14   0x08003e14   0x0000009c   Code   RO         2913    i.User_Play1        user_oled.o
    0x08003eb0   0x08003eb0   0x00000094   Code   RO         2914    i.User_Time         user_oled.o
    0x08003f44   0x08003f44   0x00000098   Code   RO         2915    i.User_Time1        user_oled.o
    0x08003fdc   0x08003fdc   0x000000cc   Code   RO         2916    i.User_Time_Show    user_oled.o
    0x080040a8   0x080040a8   0x0000003c   Code   RO         2919    i.User_huizhang_Show  user_oled.o
    0x080040e4   0x080040e4   0x00000028   Code   RO         3913    i.__ARM_fpclassify  m_ws.l(fpclassify.o)
    0x0800410c   0x0800410c   0x00000020   Code   RO         1228    i.__NVIC_SetPriority  stm32f1xx_hal_cortex.o
    0x0800412c   0x0800412c   0x0000000e   Code   RO         3749    i._is_digit         c_w.l(__printf_wp.o)
    0x0800413a   0x0800413a   0x00000002   PAD
    0x0800413c   0x0800413c   0x0000000c   Code   RO         3333    i.home              menu.o
    0x08004148   0x08004148   0x00000088   Code   RO         3232    i.lightdata_askfordelete  user_lightdata.o
    0x080041d0   0x080041d0   0x00000034   Code   RO         3233    i.lightdata_delete  user_lightdata.o
    0x08004204   0x08004204   0x0000003c   Code   RO         3234    i.lightdata_detect  user_lightdata.o
    0x08004240   0x08004240   0x00000038   Code   RO         3235    i.lightdata_down    user_lightdata.o
    0x08004278   0x08004278   0x0000000c   Code   RO         3236    i.lightdata_show    user_lightdata.o
    0x08004284   0x08004284   0x00000038   Code   RO         3237    i.lightdata_up      user_lightdata.o
    0x080042bc   0x080042bc   0x00000036   Code   RO           15    i.main              main.o
    0x080042f2   0x080042f2   0x00000002   PAD
    0x080042f4   0x080042f4   0x0000001c   Code   RO         3468    i.video_show        video.o
    0x08004310   0x08004310   0x0000002c   Code   RO         3905    locale$$code        c_w.l(lc_numeric_c.o)
    0x0800433c   0x0800433c   0x0000000c   Code   RO         3846    x$fpl$dretinf       fz_ws.l(dretinf.o)
    0x08004348   0x08004348   0x00000056   Code   RO         3775    x$fpl$f2d           fz_ws.l(f2d.o)
    0x0800439e   0x0800439e   0x00000002   PAD
    0x080043a0   0x080043a0   0x00000026   Code   RO         3781    x$fpl$ffltu         fz_ws.l(fflt_clz.o)
    0x080043c6   0x080043c6   0x0000008c   Code   RO         3848    x$fpl$fnaninf       fz_ws.l(fnaninf.o)
    0x08004452   0x08004452   0x00000004   Code   RO         3789    x$fpl$printf1       fz_ws.l(printf1.o)
    0x08004456   0x08004456   0x00000000   Code   RO         3852    x$fpl$usenofp       fz_ws.l(usenofp.o)
    0x08004456   0x08004456   0x00000012   Data   RO          926    .constdata          stm32f1xx_hal_rcc.o
    0x08004468   0x08004468   0x00000012   Data   RO         1018    .constdata          stm32f1xx_hal_rcc_ex.o
    0x0800447a   0x0800447a   0x00000010   Data   RO         2690    .constdata          system_stm32f1xx.o
    0x0800448a   0x0800448a   0x00000008   Data   RO         2691    .constdata          system_stm32f1xx.o
    0x08004492   0x08004492   0x000009c0   Data   RO         2753    .constdata          oled.o
    0x08004e52   0x08004e52   0x00000002   PAD
    0x08004e54   0x08004e54   0x00000078   Data   RO         3239    .constdata          user_lightdata.o
    0x08004ecc   0x08004ecc   0x00000011   Data   RO         3752    .constdata          c_w.l(__printf_flags_wp.o)
    0x08004edd   0x08004edd   0x00000003   PAD
    0x08004ee0   0x08004ee0   0x00000094   Data   RO         3880    .constdata          c_w.l(bigflt0.o)
    0x08004f74   0x08004f74   0x00000020   Data   RO         4007    Region$$Table       anon$$obj.o
    0x08004f94   0x08004f94   0x0000001c   Data   RO         3904    locale$$data        c_w.l(lc_numeric_c.o)


    Execution Region RW_IRAM1 (Exec base: 0x20000000, Load base: 0x08004fb0, Size: 0x00001bc8, Max: 0x00005000, ABSOLUTE, COMPRESSED[0x00000654])

    Exec Addr    Load Addr    Size         Type   Attr      Idx    E Section Name        Object

    0x20000000   COMPRESSED   0x00000008   Data   RW          237    .data               tim.o
    0x20000008   COMPRESSED   0x0000000c   Data   RW          763    .data               stm32f1xx_hal.o
    0x20000014   COMPRESSED   0x00000004   Data   RW         2692    .data               system_stm32f1xx.o
    0x20000018   COMPRESSED   0x00000400   Data   RW         2754    .data               oled.o
    0x20000418   COMPRESSED   0x00000838   Data   RW         2920    .data               user_oled.o
    0x20000c50   COMPRESSED   0x00000004   Data   RW         3146    .data               user_key.o
    0x20000c54   COMPRESSED   0x00000001   Data   RW         3147    .data               user_key.o
    0x20000c55   COMPRESSED   0x00000003   PAD
    0x20000c58   COMPRESSED   0x00000004   Data   RW         3240    .data               user_lightdata.o
    0x20000c5c   COMPRESSED   0x0000017c   Data   RW         3334    .data               menu.o
    0x20000dd8   COMPRESSED   0x00000004   Data   RW         3469    .data               video.o
    0x20000ddc        -       0x00000014   Zero   RW          193    .bss                rtc.o
    0x20000df0        -       0x00000048   Zero   RW          236    .bss                tim.o
    0x20000e38        -       0x00000400   Zero   RW         2752    .bss                oled.o
    0x20001238        -       0x00000014   Zero   RW         3145    .bss                user_key.o
    0x2000124c        -       0x00000318   Zero   RW         3238    .bss                user_lightdata.o
    0x20001564        -       0x00000060   Zero   RW         3916    .bss                c_w.l(libspace.o)
    0x200015c4   COMPRESSED   0x00000004   PAD
    0x200015c8        -       0x00000200   Zero   RW            2    HEAP                startup_stm32f103xb.o
    0x200017c8        -       0x00000400   Zero   RW            1    STACK               startup_stm32f103xb.o


==============================================================================

Image component sizes


      Code (inc. data)   RO Data    RW Data    ZI Data      Debug   Object Name

       292         18          0          0          0       1067   gpio.o
       186          0          0          0          0     427584   main.o
       232         48          0        380          0       6193   menu.o
      1178         48       2496       1024       1024      12188   oled.o
       192         22          0          0         20       1703   rtc.o
        64         26        236          0       1536        832   startup_stm32f103xb.o
       164         28          0         12          0       6069   stm32f1xx_hal.o
       198         14          0          0          0      29067   stm32f1xx_hal_cortex.o
       540         40          0          0          0       4847   stm32f1xx_hal_gpio.o
        60          8          0          0          0        914   stm32f1xx_hal_msp.o
        12          4          0          0          0        535   stm32f1xx_hal_pwr.o
      1208         72         18          0          0       4653   stm32f1xx_hal_rcc.o
       400         28         18          0          0       2533   stm32f1xx_hal_rcc_ex.o
      1400         12          0          0          0      13072   stm32f1xx_hal_rtc.o
        66          0          0          0          0       2185   stm32f1xx_hal_rtc_ex.o
       978         26          0          0          0      10037   stm32f1xx_hal_tim.o
       108         12          0          0          0       2485   stm32f1xx_hal_tim_ex.o
        74         12          0          0          0       7232   stm32f1xx_it.o
         2          0         24          4          0       1179   system_stm32f1xx.o
       252         24          0          8         72       2585   tim.o
       112         16          0          0          0       3002   tsl2561.o
       444         14          0          0          0       6839   user_i2c.o
       252         14          0          5         20       1534   user_key.o
      1580        236        120          4        792       6898   user_lightdata.o
      1858        300          0       2104          0       8722   user_oled.o
        28         10          0          4          0        670   video.o

    ----------------------------------------------------------------------
     11912       1032       2946       3548       3464     564625   Object Totals
         0          0         32          0          0          0   (incl. Generated)
        32          0          2          3          0          0   (incl. Padding)

    ----------------------------------------------------------------------

      Code (inc. data)   RO Data    RW Data    ZI Data      Debug   Library Member Name

        90          0          0          0          0          0   __dczerorl2.o
         8          0          0          0          0         68   __main.o
       312          4         17          0          0         92   __printf_flags_wp.o
        14          0          0          0          0         68   __printf_wp.o
         0          0          0          0          0          0   __rtentry.o
        12          0          0          0          0          0   __rtentry2.o
         6          0          0          0          0          0   __rtentry4.o
        52          8          0          0          0          0   __scatter.o
        28          0          0          0          0          0   __scatter_zi.o
        48          6          0          0          0         96   _printf_char_common.o
         6          0          0          0          0          0   _printf_d.o
       120         16          0          0          0         92   _printf_dec.o
         6          0          0          0          0          0   _printf_f.o
      1054          0          0          0          0        216   _printf_fp_dec.o
       128         16          0          0          0         84   _printf_fp_infnan.o
       178          0          0          0          0         88   _printf_intcommon.o
        78          0          0          0          0        108   _printf_pad.o
         0          0          0          0          0          0   _printf_percent.o
         4          0          0          0          0          0   _printf_percent_end.o
        10          0          0          0          0         68   _sputc.o
       228          4        148          0          0         96   bigflt0.o
      1936        128          0          0          0        672   btod.o
        18          0          0          0          0         80   exit.o
         6          0          0          0          0        152   heapauxi.o
         0          0          0          0          0          0   indicate_semi.o
        44         10         28          0          0         76   lc_numeric_c.o
         2          0          0          0          0          0   libinit.o
        18          0          0          0          0          0   libinit2.o
         2          0          0          0          0          0   libshutdown.o
         2          0          0          0          0          0   libshutdown2.o
         8          4          0          0         96         68   libspace.o
       138          0          0          0          0         80   lludiv10.o
        40          6          0          0          0         84   noretval__2sprintf.o
         8          4          0          0          0         68   rt_locale_intlibspace.o
        78          0          0          0          0         80   rt_memclr_w.o
       100          0          0          0          0         80   rt_memcpy_w.o
         2          0          0          0          0          0   rtexit.o
        10          0          0          0          0          0   rtexit2.o
       128          0          0          0          0         68   strcmpv7m.o
        12          4          0          0          0         68   sys_exit.o
        74          0          0          0          0         80   sys_stackheap_outer.o
         2          0          0          0          0         68   use_no_semi.o
        12          0          0          0          0         68   dretinf.o
        86          4          0          0          0         84   f2d.o
        38          0          0          0          0         68   fflt_clz.o
       140          4          0          0          0         84   fnaninf.o
         4          0          0          0          0         68   printf1.o
         0          0          0          0          0          0   usenofp.o
        40          0          0          0          0         68   fpclassify.o

    ----------------------------------------------------------------------
      5346        218        196          0        100       3240   Library Totals
        16          0          3          0          4          0   (incl. Padding)

    ----------------------------------------------------------------------

      Code (inc. data)   RO Data    RW Data    ZI Data      Debug   Library Name

      5010        210        193          0         96       2800   c_w.l
       280          8          0          0          0        372   fz_ws.l
        40          0          0          0          0         68   m_ws.l

    ----------------------------------------------------------------------
      5346        218        196          0        100       3240   Library Totals

    ----------------------------------------------------------------------

==============================================================================


      Code (inc. data)   RO Data    RW Data    ZI Data      Debug   

     17258       1250       3142       3548       3564     558241   Grand Totals
     17258       1250       3142       1620       3564     558241   ELF Image Totals (compressed)
     17258       1250       3142       1620          0          0   ROM Totals

==============================================================================

    Total RO  Size (Code + RO Data)                20400 (  19.92kB)
    Total RW  Size (RW Data + ZI Data)              7112 (   6.95kB)
    Total ROM Size (Code + RO Data + RW Data)      22020 (  21.50kB)

==============================================================================

