<html>
<body>
<pre>
<h1>µVision Build Log</h1>
<h2>Tool Versions:</h2>
IDE-Version: ¦ÌVision V5.36.0.0
Copyright (C) 2021 ARM Ltd and ARM Germany GmbH. All rights reserved.
License Information: LIU 8618150600805, 1, LIC=MPPLD-8HDQN-NNSAF-6LKEY-E5BI9-T4TGN
 
Tool Versions:
Toolchain:       MDK-ARM Plus  Version: 5.36.0.0
Toolchain Path:  D:\KEIL\ARM\ARMCC\Bin
C Compiler:      Armcc.exe V5.06 update 7 (build 960)
Assembler:       Armasm.exe V5.06 update 7 (build 960)
Linker/Locator:  ArmLink.exe V5.06 update 7 (build 960)
Library Manager: ArmAr.exe V5.06 update 7 (build 960)
Hex Converter:   FromElf.exe V5.06 update 7 (build 960)
CPU DLL:         SARMCM3.DLL V5.36.0.0
Dialog DLL:      DCM.DLL V1.17.3.0
Target DLL:      STLink\ST-LINKIII-KEIL_SWO.dll V3.0.9.0
Dialog DLL:      TCM.DLL V1.53.0.0
 
<h2>Project:</h2>
D:\32_PROJECT\1pro_for_light\stm32_pj\stm32f103c8t6 - extern(4+1key)V4.3\MDK-ARM\STM32_OLED.uvprojx
Project File Date:  07/13/2023

<h2>Output:</h2>
*** Using Compiler 'V5.06 update 7 (build 960)', folder: 'D:\KEIL\ARM\ARMCC\Bin'
Build target 'STM32_OLED'
compiling main.c...
../OLED_Drive/OLED.h(31): warning:  #1295-D: Deprecated declaration OLED_DrawBMPFast0 - give arg types
  void OLED_DrawBMPFast0();
../user/user_lightdata.h(9): warning:  #1295-D: Deprecated declaration lightdata_detect - give arg types
  void lightdata_detect();
../user/user_lightdata.h(10): warning:  #1295-D: Deprecated declaration lightdata_show - give arg types
  void lightdata_show();
../user/user_lightdata.h(11): warning:  #1295-D: Deprecated declaration lightdata_up - give arg types
  void lightdata_up();
../user/user_lightdata.h(12): warning:  #1295-D: Deprecated declaration lightdata_down - give arg types
  void lightdata_down();
../user/user_lightdata.h(13): warning:  #1295-D: Deprecated declaration lightdata_askfordelete - give arg types
  void lightdata_askfordelete();
../user/user_lightdata.h(14): warning:  #1295-D: Deprecated declaration lightdata_delete - give arg types
  void lightdata_delete();
../user/menu.h(21): warning:  #1295-D: Deprecated declaration home - give arg types
  void home();
../user/menu.h(22): warning:  #1295-D: Deprecated declaration Time - give arg types
  void Time();
../user/menu.h(23): warning:  #1295-D: Deprecated declaration Time1 - give arg types
  void Time1();
../user/menu.h(24): warning:  #1295-D: Deprecated declaration Data - give arg types
  void Data();
../user/menu.h(25): warning:  #1295-D: Deprecated declaration LOG - give arg types
  void LOG();
../user/menu.h(26): warning:  #1295-D: Deprecated declaration LOG1 - give arg types
  void LOG1();
../user/menu.h(27): warning:  #1295-D: Deprecated declaration Play - give arg types
  void Play();
../user/menu.h(28): warning:  #1295-D: Deprecated declaration Play1 - give arg types
  void Play1();
../user/menu.h(29): warning:  #1295-D: Deprecated declaration Video - give arg types
  void Video();
../user/menu.h(30): warning:  #1295-D: Deprecated declaration Video1 - give arg types
  void Video1();
../user/menu.h(32): warning:  #1295-D: Deprecated declaration Datashow - give arg types
  void Datashow();
../user/menu.h(33): warning:  #1295-D: Deprecated declaration Timeshow - give arg types
  void Timeshow();
../user/menu.h(34): warning:  #1295-D: Deprecated declaration LOGshow - give arg types
  void LOGshow();
../user/menu.h(35): warning:  #1295-D: Deprecated declaration Playshow - give arg types
  void Playshow();
../user/menu.h(36): warning:  #1295-D: Deprecated declaration Temperature - give arg types
  void Temperature();
../user/menu.h(37): warning:  #1295-D: Deprecated declaration Palygame - give arg types
  void Palygame(); 
../user/menu.h(42): warning:  #1295-D: Deprecated declaration TestTemperature - give arg types
  void TestTemperature();
../user/menu.h(43): warning:  #1295-D: Deprecated declaration ConrtolGame - give arg types
  void ConrtolGame();
../user/menu.h(44): warning:  #1295-D: Deprecated declaration Set - give arg types
  void Set();
../user/menu.h(47): warning:  #1295-D: Deprecated declaration LED - give arg types
  void LED();
../user/menu.h(48): warning:  #1295-D: Deprecated declaration RTC_display - give arg types
  void RTC_display();
../user/menu.h(50): warning:  #1-D: last line of file ends without a newline
  #endif
../Core/Src/main.c: 29 warnings, 0 errors
linking...
Program Size: Code=17258 RO-data=3142 RW-data=3548 ZI-data=3564  
FromELF: creating hex file...
"STM32_OLED\STM32_OLED.axf" - 0 Error(s), 29 Warning(s).

<h2>Software Packages used:</h2>

Package Vendor: ARM
                http://www.keil.com/pack/ARM.CMSIS.5.8.0.pack
                ARM.CMSIS.5.8.0
                CMSIS (Common Microcontroller Software Interface Standard)
   * Component: CORE Version: 5.5.0

Package Vendor: Keil
                http://www.keil.com/pack/Keil.STM32F1xx_DFP.2.4.0.pack
                Keil.STM32F1xx_DFP.2.4.0
                STMicroelectronics STM32F1 Series Device Support, Drivers and Examples

<h2>Collection of Component include folders:</h2>
  .\RTE\_STM32_OLED
  D:\KEIL\ARM\CMSIS\5.8.0\CMSIS\Core\Include
  D:\KEIL\Keil\STM32F1xx_DFP\2.4.0\Device\Include

<h2>Collection of Component Files used:</h2>

   * Component: ARM::CMSIS:CORE:5.5.0
      Include file:  CMSIS\Core\Include\tz_context.h
Build Time Elapsed:  00:00:01
</pre>
</body>
</html>
