Component: ARM Compiler 5.06 update 7 (build 960) Tool: armlink [4d3601]

==============================================================================

Section Cross References

    startup_stm32f103xb.o(STACK) refers (Special) to heapauxi.o(.text) for __use_two_region_memory
    startup_stm32f103xb.o(HEAP) refers (Special) to heapauxi.o(.text) for __use_two_region_memory
    startup_stm32f103xb.o(RESET) refers (Special) to heapauxi.o(.text) for __use_two_region_memory
    startup_stm32f103xb.o(RESET) refers to startup_stm32f103xb.o(STACK) for __initial_sp
    startup_stm32f103xb.o(RESET) refers to startup_stm32f103xb.o(.text) for Reset_Handler
    startup_stm32f103xb.o(RESET) refers to stm32f1xx_it.o(i.NMI_Handler) for NMI_Handler
    startup_stm32f103xb.o(RESET) refers to stm32f1xx_it.o(i.HardFault_Handler) for HardFault_Handler
    startup_stm32f103xb.o(RESET) refers to stm32f1xx_it.o(i.MemManage_Handler) for MemManage_Handler
    startup_stm32f103xb.o(RESET) refers to stm32f1xx_it.o(i.BusFault_Handler) for BusFault_Handler
    startup_stm32f103xb.o(RESET) refers to stm32f1xx_it.o(i.UsageFault_Handler) for UsageFault_Handler
    startup_stm32f103xb.o(RESET) refers to stm32f1xx_it.o(i.SVC_Handler) for SVC_Handler
    startup_stm32f103xb.o(RESET) refers to stm32f1xx_it.o(i.DebugMon_Handler) for DebugMon_Handler
    startup_stm32f103xb.o(RESET) refers to stm32f1xx_it.o(i.PendSV_Handler) for PendSV_Handler
    startup_stm32f103xb.o(RESET) refers to stm32f1xx_it.o(i.SysTick_Handler) for SysTick_Handler
    startup_stm32f103xb.o(RESET) refers to stm32f1xx_it.o(i.EXTI0_IRQHandler) for EXTI0_IRQHandler
    startup_stm32f103xb.o(RESET) refers to stm32f1xx_it.o(i.EXTI1_IRQHandler) for EXTI1_IRQHandler
    startup_stm32f103xb.o(RESET) refers to stm32f1xx_it.o(i.EXTI2_IRQHandler) for EXTI2_IRQHandler
    startup_stm32f103xb.o(RESET) refers to stm32f1xx_it.o(i.EXTI3_IRQHandler) for EXTI3_IRQHandler
    startup_stm32f103xb.o(RESET) refers to stm32f1xx_it.o(i.EXTI4_IRQHandler) for EXTI4_IRQHandler
    startup_stm32f103xb.o(.text) refers (Special) to heapauxi.o(.text) for __use_two_region_memory
    startup_stm32f103xb.o(.text) refers to system_stm32f1xx.o(i.SystemInit) for SystemInit
    startup_stm32f103xb.o(.text) refers to __main.o(!!!main) for __main
    startup_stm32f103xb.o(.text) refers to startup_stm32f103xb.o(HEAP) for Heap_Mem
    startup_stm32f103xb.o(.text) refers to startup_stm32f103xb.o(STACK) for Stack_Mem
    main.o(i.SystemClock_Config) refers to rt_memclr_w.o(.text) for __aeabi_memclr4
    main.o(i.SystemClock_Config) refers to stm32f1xx_hal_rcc.o(i.HAL_RCC_OscConfig) for HAL_RCC_OscConfig
    main.o(i.SystemClock_Config) refers to stm32f1xx_hal_rcc.o(i.HAL_RCC_ClockConfig) for HAL_RCC_ClockConfig
    main.o(i.SystemClock_Config) refers to stm32f1xx_hal_rcc_ex.o(i.HAL_RCCEx_PeriphCLKConfig) for HAL_RCCEx_PeriphCLKConfig
    main.o(i.main) refers to stm32f1xx_hal.o(i.HAL_Init) for HAL_Init
    main.o(i.main) refers to main.o(i.SystemClock_Config) for SystemClock_Config
    main.o(i.main) refers to stm32f1xx_hal_cortex.o(i.HAL_NVIC_SetPriority) for HAL_NVIC_SetPriority
    main.o(i.main) refers to gpio.o(i.MX_GPIO_Init) for MX_GPIO_Init
    main.o(i.main) refers to rtc.o(i.MX_RTC_Init) for MX_RTC_Init
    main.o(i.main) refers to tsl2561.o(i.TSL2561_Init) for TSL2561_Init
    main.o(i.main) refers to oled.o(i.OLED_Init) for OLED_Init
    main.o(i.main) refers to menu.o(i.Menu_key_set) for Menu_key_set
    gpio.o(i.MX_GPIO_Init) refers to stm32f1xx_hal_gpio.o(i.HAL_GPIO_WritePin) for HAL_GPIO_WritePin
    gpio.o(i.MX_GPIO_Init) refers to stm32f1xx_hal_gpio.o(i.HAL_GPIO_Init) for HAL_GPIO_Init
    gpio.o(i.MX_GPIO_Init) refers to stm32f1xx_hal_cortex.o(i.HAL_NVIC_SetPriority) for HAL_NVIC_SetPriority
    gpio.o(i.MX_GPIO_Init) refers to stm32f1xx_hal_cortex.o(i.HAL_NVIC_EnableIRQ) for HAL_NVIC_EnableIRQ
    rtc.o(i.HAL_RTC_MspInit) refers to stm32f1xx_hal_pwr.o(i.HAL_PWR_EnableBkUpAccess) for HAL_PWR_EnableBkUpAccess
    rtc.o(i.MX_RTC_Init) refers to stm32f1xx_hal_rtc.o(i.HAL_RTC_Init) for HAL_RTC_Init
    rtc.o(i.MX_RTC_Init) refers to main.o(i.Error_Handler) for Error_Handler
    rtc.o(i.MX_RTC_Init) refers to stm32f1xx_hal_rtc.o(i.HAL_RTC_SetTime) for HAL_RTC_SetTime
    rtc.o(i.MX_RTC_Init) refers to stm32f1xx_hal_rtc.o(i.HAL_RTC_SetDate) for HAL_RTC_SetDate
    rtc.o(i.MX_RTC_Init) refers to rtc.o(.bss) for .bss
    stm32f1xx_it.o(i.EXTI0_IRQHandler) refers to stm32f1xx_hal_gpio.o(i.HAL_GPIO_EXTI_IRQHandler) for HAL_GPIO_EXTI_IRQHandler
    stm32f1xx_it.o(i.EXTI1_IRQHandler) refers to stm32f1xx_hal_gpio.o(i.HAL_GPIO_EXTI_IRQHandler) for HAL_GPIO_EXTI_IRQHandler
    stm32f1xx_it.o(i.EXTI2_IRQHandler) refers to stm32f1xx_hal_gpio.o(i.HAL_GPIO_EXTI_IRQHandler) for HAL_GPIO_EXTI_IRQHandler
    stm32f1xx_it.o(i.EXTI3_IRQHandler) refers to stm32f1xx_hal_gpio.o(i.HAL_GPIO_EXTI_IRQHandler) for HAL_GPIO_EXTI_IRQHandler
[...]
    i.I2C_ReadByte                           0x08002552   Section        0  user_i2c.o(i.I2C_ReadByte)
    i.I2C_Read_Len                           0x08002594   Section        0  user_i2c.o(i.I2C_Read_Len)
    i.I2C_Read_SDA                           0x080025dc   Section        0  user_i2c.o(i.I2C_Read_SDA)
    i.I2C_SendByte                           0x080025ec   Section        0  user_i2c.o(i.I2C_SendByte)
    i.I2C_Send_ACK                           0x08002626   Section        0  user_i2c.o(i.I2C_Send_ACK)
    i.I2C_Start                              0x0800264a   Section        0  user_i2c.o(i.I2C_Start)
    i.I2C_Write_Len                          0x08002670   Section        0  user_i2c.o(i.I2C_Write_Len)
    i.I2C_Write_SCL                          0x080026a4   Section        0  user_i2c.o(i.I2C_Write_SCL)
    i.I2C_Write_SDA                          0x080026b4   Section        0  user_i2c.o(i.I2C_Write_SDA)
    i.IIC_Start                              0x080026c4   Section        0  dinooled.o(i.IIC_Start)
    i.IIC_Stop                               0x080026f8   Section        0  dinooled.o(i.IIC_Stop)
    i.IIC_WaitAck                            0x08002724   Section        0  dinooled.o(i.IIC_WaitAck)
    i.IIC_WriteByte                          0x08002744   Section        0  dinooled.o(i.IIC_WriteByte)
    i.IIC_WriteCommand                       0x08002794   Section        0  dinooled.o(i.IIC_WriteCommand)
    i.IIC_WriteData                          0x080027c2   Section        0  dinooled.o(i.IIC_WriteData)
    i.LOG                                    0x080027f0   Section        0  menu.o(i.LOG)
    i.LOG1                                   0x080027f4   Section        0  menu.o(i.LOG1)
    i.LOGshow                                0x080027f8   Section        0  menu.o(i.LOGshow)
    i.MX_GPIO_Init                           0x080027fc   Section        0  gpio.o(i.MX_GPIO_Init)
    i.MX_RTC_Init                            0x08002920   Section        0  rtc.o(i.MX_RTC_Init)
    i.MemManage_Handler                      0x08002998   Section        0  stm32f1xx_it.o(i.MemManage_Handler)
    i.Menu_key_set                           0x0800299c   Section        0  menu.o(i.Menu_key_set)
    i.NMI_Handler                            0x08002a04   Section        0  stm32f1xx_it.o(i.NMI_Handler)
    i.OLED_Chinese                           0x08002a08   Section        0  oled.o(i.OLED_Chinese)
    i.OLED_Chinese16                         0x08002a60   Section        0  oled.o(i.OLED_Chinese16)
    i.OLED_Clear                             0x08002ab8   Section        0  oled.o(i.OLED_Clear)
    i.OLED_Clear0                            0x08002ae0   Section        0  oled.o(i.OLED_Clear0)
    i.OLED_DrawCactusRandom                  0x08002b24   Section        0  dinogame.o(i.OLED_DrawCactusRandom)
    i.OLED_DrawCloud                         0x08002c20   Section        0  dinogame.o(i.OLED_DrawCloud)
    i.OLED_DrawDino                          0x08002ccc   Section        0  dinogame.o(i.OLED_DrawDino)
    i.OLED_DrawDinoJump                      0x08002d38   Section        0  dinogame.o(i.OLED_DrawDinoJump)
    i.OLED_DrawGround                        0x08002e6c   Section        0  dinogame.o(i.OLED_DrawGround)
    i.OLED_DrawPoint                         0x08002ed4   Section        0  oled.o(i.OLED_DrawPoint)
    i.OLED_I2C_Init                          0x08002f04   Section        0  oled.o(i.OLED_I2C_Init)
    i.OLED_I2C_SendByte                      0x08002f24   Section        0  oled.o(i.OLED_I2C_SendByte)
    i.OLED_I2C_Start                         0x08002f78   Section        0  oled.o(i.OLED_I2C_Start)
    i.OLED_I2C_Stop                          0x08002fac   Section        0  oled.o(i.OLED_I2C_Stop)
    i.OLED_Init                              0x08002fd8   Section        0  oled.o(i.OLED_Init)
    i.OLED_Refresh                           0x08003084   Section        0  oled.o(i.OLED_Refresh)
    i.OLED_SetCursor                         0x080030c4   Section        0  oled.o(i.OLED_SetCursor)
    i.OLED_SetPos1                           0x080030e6   Section        0  dinooled.o(i.OLED_SetPos1)
    i.OLED_ShowChar                          0x08003110   Section        0  oled.o(i.OLED_ShowChar)
    i.OLED_ShowChar1                         0x08003178   Section        0  dinooled.o(i.OLED_ShowChar1)
    i.OLED_ShowNum1                          0x08003200   Section        0  dinooled.o(i.OLED_ShowNum1)
    i.OLED_ShowPicture                       0x0800326a   Section        0  oled.o(i.OLED_ShowPicture)
    i.OLED_ShowString                        0x08003306   Section        0  oled.o(i.OLED_ShowString)
    i.OLED_ShowString1                       0x0800332c   Section        0  dinooled.o(i.OLED_ShowString1)
    i.OLED_WR_Byte1                          0x08003362   Section        0  dinooled.o(i.OLED_WR_Byte1)
    i.OLED_WriteCommand                      0x0800336e   Section        0  oled.o(i.OLED_WriteCommand)
    i.OLED_WriteData                         0x08003390   Section        0  oled.o(i.OLED_WriteData)
    i.PendSV_Handler                         0x080033b2   Section        0  stm32f1xx_it.o(i.PendSV_Handler)
    i.Play                                   0x080033b4   Section        0  menu.o(i.Play)
    i.Play1                                  0x080033b8   Section        0  menu.o(i.Play1)
    i.RTC_Bcd2ToByte                         0x080033bc   Section        0  stm32f1xx_hal_rtc.o(i.RTC_Bcd2ToByte)
    RTC_Bcd2ToByte                           0x080033bd   Thumb Code    18  stm32f1xx_hal_rtc.o(i.RTC_Bcd2ToByte)
    i.RTC_ByteToBcd2                         0x080033ce   Section        0  stm32f1xx_hal_rtc.o(i.RTC_ByteToBcd2)
    RTC_ByteToBcd2                           0x080033cf   Thumb Code    22  stm32f1xx_hal_rtc.o(i.RTC_ByteToBcd2)
    i.RTC_DateUpdate                         0x080033e4   Section        0  stm32f1xx_hal_rtc.o(i.RTC_DateUpdate)
    RTC_DateUpdate                           0x080033e5   Thumb Code   174  stm32f1xx_hal_rtc.o(i.RTC_DateUpdate)
    i.RTC_EnterInitMode                      0x08003492   Section        0  stm32f1xx_hal_rtc.o(i.RTC_EnterInitMode)
    RTC_EnterInitMode                        0x08003493   Thumb Code    52  stm32f1xx_hal_rtc.o(i.RTC_EnterInitMode)
    i.RTC_ExitInitMode                       0x080034c8   Section        0  stm32f1xx_hal_rtc.o(i.RTC_ExitInitMode)
    RTC_ExitInitMode                         0x080034c9   Thumb Code    54  stm32f1xx_hal_rtc.o(i.RTC_ExitInitMode)
    i.RTC_ReadAlarmCounter                   0x080034fe   Section        0  stm32f1xx_hal_rtc.o(i.RTC_ReadAlarmCounter)
    RTC_ReadAlarmCounter                     0x080034ff   Thumb Code    14  stm32f1xx_hal_rtc.o(i.RTC_ReadAlarmCounter)
    i.RTC_ReadTimeCounter                    0x0800350c   Section        0  stm32f1xx_hal_rtc.o(i.RTC_ReadTimeCounter)
    RTC_ReadTimeCounter                      0x0800350d   Thumb Code    32  stm32f1xx_hal_rtc.o(i.RTC_ReadTimeCounter)
    i.RTC_WeekDayNum                         0x0800352c   Section        0  stm32f1xx_hal_rtc.o(i.RTC_WeekDayNum)
    RTC_WeekDayNum                           0x0800352d   Thumb Code    86  stm32f1xx_hal_rtc.o(i.RTC_WeekDayNum)
    i.RTC_WriteAlarmCounter                  0x08003582   Section        0  stm32f1xx_hal_rtc.o(i.RTC_WriteAlarmCounter)
    RTC_WriteAlarmCounter                    0x08003583   Thumb Code    40  stm32f1xx_hal_rtc.o(i.RTC_WriteAlarmCounter)
    i.RTC_WriteTimeCounter                   0x080035aa   Section        0  stm32f1xx_hal_rtc.o(i.RTC_WriteTimeCounter)
    RTC_WriteTimeCounter                     0x080035ab   Thumb Code    40  stm32f1xx_hal_rtc.o(i.RTC_WriteTimeCounter)
    i.SVC_Handler                            0x080035d2   Section        0  stm32f1xx_it.o(i.SVC_Handler)
    i.SysTick_Handler                        0x080035d4   Section        0  stm32f1xx_it.o(i.SysTick_Handler)
    i.SystemClock_Config                     0x080035d8   Section        0  main.o(i.SystemClock_Config)
    i.SystemInit                             0x08003658   Section        0  system_stm32f1xx.o(i.SystemInit)
    i.TSL2561_Init                           0x0800365a   Section        0  tsl2561.o(i.TSL2561_Init)
    i.TSL2561_LED_on                         0x08003678   Section        0  tsl2561.o(i.TSL2561_LED_on)
    i.TSL2561_ReadData                       0x08003688   Section        0  tsl2561.o(i.TSL2561_ReadData)
    i.TSL2561_off                            0x080036ac   Section        0  tsl2561.o(i.TSL2561_off)
    i.TSL2561_on                             0x080036bc   Section        0  tsl2561.o(i.TSL2561_on)
    i.Time                                   0x080036cc   Section        0  menu.o(i.Time)
    i.Timeshow                               0x080036d2   Section        0  menu.o(i.Timeshow)
    i.UsageFault_Handler                     0x080036d6   Section        0  stm32f1xx_it.o(i.UsageFault_Handler)
    i.User_Askfordelete                      0x080036d8   Section        0  user_oled.o(i.User_Askfordelete)
    i.User_Data                              0x0800370c   Section        0  user_oled.o(i.User_Data)
    i.User_DataChoice_Show                   0x080037a0   Section        0  user_lightdata.o(i.User_DataChoice_Show)
    i.User_Data_Show                         0x08003998   Section        0  user_lightdata.o(i.User_Data_Show)
    i.User_DeleteData                        0x08003b10   Section        0  user_lightdata.o(i.User_DeleteData)
    i.User_Detect_Show                       0x08003b50   Section        0  user_lightdata.o(i.User_Detect_Show)
    i.User_Home                              0x08003b8c   Section        0  user_oled.o(i.User_Home)
    i.User_LOG                               0x08003ba8   Section        0  user_oled.o(i.User_LOG)
    i.User_LOG1                              0x08003c3c   Section        0  user_oled.o(i.User_LOG1)
    i.User_PIC_Show                          0x08003cd4   Section        0  user_oled.o(i.User_PIC_Show)
    i.User_Play                              0x08003de0   Section        0  user_oled.o(i.User_Play)
    i.User_Play1                             0x08003e74   Section        0  user_oled.o(i.User_Play1)
    i.User_Time                              0x08003f10   Section        0  user_oled.o(i.User_Time)
    i.User_huizhang_Show                     0x08003fa4   Section        0  user_oled.o(i.User_huizhang_Show)
    i.__ARM_fpclassify                       0x08003fe0   Section        0  fpclassify.o(i.__ARM_fpclassify)
    i.__NVIC_SetPriority                     0x08004008   Section        0  stm32f1xx_hal_cortex.o(i.__NVIC_SetPriority)
    __NVIC_SetPriority                       0x08004009   Thumb Code    32  stm32f1xx_hal_cortex.o(i.__NVIC_SetPriority)
    i._is_digit                              0x08004028   Section        0  __printf_wp.o(i._is_digit)
    i.get_key                                0x08004038   Section        0  control.o(i.get_key)
    i.home                                   0x080040a8   Section        0  menu.o(i.home)
    i.lightdata_askfordelete                 0x080040ac   Section        0  user_lightdata.o(i.lightdata_askfordelete)
    i.lightdata_delete                       0x08004134   Section        0  user_lightdata.o(i.lightdata_delete)
    i.lightdata_detect                       0x08004168   Section        0  user_lightdata.o(i.lightdata_detect)
    i.lightdata_down                         0x080041a4   Section        0  user_lightdata.o(i.lightdata_down)
    i.lightdata_show                         0x080041dc   Section        0  user_lightdata.o(i.lightdata_show)
    i.lightdata_up                           0x080041e8   Section        0  user_lightdata.o(i.lightdata_up)
    i.main                                   0x08004220   Section        0  main.o(i.main)
    i.oled_drawbmp_block_clear               0x0800424e   Section        0  dinogame.o(i.oled_drawbmp_block_clear)
    i.oled_pow1                              0x08004296   Section        0  dinooled.o(i.oled_pow1)
    locale$$code                             0x080042a8   Section       44  lc_numeric_c.o(locale$$code)
    x$fpl$dretinf                            0x080042d4   Section       12  dretinf.o(x$fpl$dretinf)
    x$fpl$f2d                                0x080042e0   Section       86  f2d.o(x$fpl$f2d)
    x$fpl$ffltu                              0x08004338   Section       38  fflt_clz.o(x$fpl$ffltu)
    x$fpl$fnaninf                            0x0800435e   Section      140  fnaninf.o(x$fpl$fnaninf)
    x$fpl$printf1                            0x080043ea   Section        4  printf1.o(x$fpl$printf1)
    .constdata                               0x080043ee   Section       18  stm32f1xx_hal_rcc.o(.constdata)
    x$fpl$usenofp                            0x080043ee   Section        0  usenofp.o(x$fpl$usenofp)
    aPredivFactorTable                       0x080043ee   Data           2  stm32f1xx_hal_rcc.o(.constdata)
    aPLLMULFactorTable                       0x080043f0   Data          16  stm32f1xx_hal_rcc.o(.constdata)
    .constdata                               0x08004400   Section       18  stm32f1xx_hal_rcc_ex.o(.constdata)
    aPredivFactorTable                       0x08004400   Data           2  stm32f1xx_hal_rcc_ex.o(.constdata)
    aPLLMULFactorTable                       0x08004402   Data          16  stm32f1xx_hal_rcc_ex.o(.constdata)
    .constdata                               0x08004412   Section       16  system_stm32f1xx.o(.constdata)
    .constdata                               0x08004422   Section        8  system_stm32f1xx.o(.constdata)
    .constdata                               0x0800442a   Section     2496  oled.o(.constdata)
    .constdata                               0x08004dec   Section      120  user_lightdata.o(.constdata)
    .constdata                               0x08004e64   Section     2309  dinogame.o(.constdata)
    .constdata                               0x08005769   Section     2072  dinooled.o(.constdata)
    .constdata                               0x08005f81   Section       17  __printf_flags_wp.o(.constdata)
    maptable                                 0x08005f81   Data          17  __printf_flags_wp.o(.constdata)
    .constdata                               0x08005f94   Section      148  bigflt0.o(.constdata)
    tenpwrs_x                                0x08005f94   Data          60  bigflt0.o(.constdata)
    tenpwrs_i                                0x08005fd0   Data          64  bigflt0.o(.constdata)
    locale$$data                             0x08006048   Section       28  lc_numeric_c.o(locale$$data)
    __lcnum_c_name                           0x0800604c   Data           2  lc_numeric_c.o(locale$$data)
    __lcnum_c_start                          0x08006054   Data           0  lc_numeric_c.o(locale$$data)
    __lcnum_c_point                          0x08006060   Data           0  lc_numeric_c.o(locale$$data)
    __lcnum_c_thousands                      0x08006062   Data           0  lc_numeric_c.o(locale$$data)
    __lcnum_c_grouping                       0x08006063   Data           0  lc_numeric_c.o(locale$$data)
    __lcnum_c_end                            0x08006064   Data           0  lc_numeric_c.o(locale$$data)
    .data                                    0x20000000   Section       12  stm32f1xx_hal.o(.data)
    .data                                    0x2000000c   Section        4  system_stm32f1xx.o(.data)
    .data                                    0x20000010   Section     1024  oled.o(.data)
    .data                                    0x20000410   Section     2104  user_oled.o(.data)
    .data                                    0x20000c48   Section        4  user_key.o(.data)
    .data                                    0x20000c4c   Section        4  user_lightdata.o(.data)
    .data                                    0x20000c50   Section      368  menu.o(.data)
    .data                                    0x20000dc0   Section       24  dinogame.o(.data)
    height                                   0x20000dc0   Data           1  dinogame.o(.data)
    dino_dir                                 0x20000dc1   Data           1  dinogame.o(.data)
    speed_idx                                0x20000dc2   Data           1  dinogame.o(.data)
    dir                                      0x20000dc3   Data           1  dinogame.o(.data)
    pos                                      0x20000dc4   Data           4  dinogame.o(.data)
    pos                                      0x20000dc8   Data           4  dinogame.o(.data)
    pos                                      0x20000dcc   Data           4  dinogame.o(.data)
    pos                                      0x20000dd0   Data           4  dinogame.o(.data)
    height                                   0x20000dd4   Data           4  dinogame.o(.data)
    .bss                                     0x20000dd8   Section       20  rtc.o(.bss)
    .bss                                     0x20000dec   Section     1024  oled.o(.bss)
    .bss                                     0x200011ec   Section       20  user_key.o(.bss)
    .bss                                     0x20001200   Section      396  user_lightdata.o(.bss)
    .bss                                     0x2000138c   Section      228  rand.o(.bss)
    .bss                                     0x20001470   Section       96  libspace.o(.bss)
    HEAP                                     0x200014d0   Section      512  startup_stm32f103xb.o(HEAP)
    Heap_Mem                                 0x200014d0   Data         512  startup_stm32f103xb.o(HEAP)
    STACK                                    0x200016d0   Section     1024  startup_stm32f103xb.o(STACK)
    Stack_Mem                                0x200016d0   Data        1024  startup_stm32f103xb.o(STACK)
    __initial_sp                             0x20001ad0   Data           0  startup_stm32f103xb.o(STACK)

    Global Symbols

    Symbol Name                              Value     Ov Type        Size  Object(Section)

    BuildAttributes$$THM_ISAv4$P$D$K$B$S$PE$A:L22UL41UL21$X:L11$S22US41US21$IEEE1$IW$USESV6$~STKCKD$USESV7$~SHL$OTIME$ROPI$IEEEJ$EBA8$UX$STANDARDLIB$REQ8$PRES8$EABIv2 0x00000000   Number         0  anon$$obj.o ABSOLUTE
    __ARM_use_no_argv                        0x00000000   Number         0  main.o ABSOLUTE
    _printf_flags                            0x00000000   Number         0  printf_stubs.o ABSOLUTE
    _printf_return_value                     0x00000000   Number         0  printf_stubs.o ABSOLUTE
    _printf_sizespec                         0x00000000   Number         0  printf_stubs.o ABSOLUTE
    _printf_widthprec                        0x00000000   Number         0  printf_stubs.o ABSOLUTE
    __ARM_exceptions_init                     - Undefined Weak Reference
    __alloca_initialize                       - Undefined Weak Reference
    __arm_fini_                               - Undefined Weak Reference
    __arm_preinit_                            - Undefined Weak Reference
    __cpp_initialize__aeabi_                  - Undefined Weak Reference
    __cxa_finalize                            - Undefined Weak Reference
    __sigvec_lookup                           - Undefined Weak Reference
    _atexit_init                              - Undefined Weak Reference
    _call_atexit_fns                          - Undefined Weak Reference
    _clock_init                               - Undefined Weak Reference
    _fp_trap_init                             - Undefined Weak Reference
    _fp_trap_shutdown                         - Undefined Weak Reference
    _get_lc_collate                           - Undefined Weak Reference
    _get_lc_ctype                             - Undefined Weak Reference
    _get_lc_monetary                          - Undefined Weak Reference
    _get_lc_time                              - Undefined Weak Reference
    _getenv_init                              - Undefined Weak Reference
    _handle_redirection                       - Undefined Weak Reference
    _init_alloc                               - Undefined Weak Reference
    _init_user_alloc                          - Undefined Weak Reference
    _initio                                   - Undefined Weak Reference
    _printf_truncate_signed                   - Undefined Weak Reference
    _printf_truncate_unsigned                 - Undefined Weak Reference
    _signal_finish                            - Undefined Weak Reference
    _signal_init                              - Undefined Weak Reference
    _terminate_alloc                          - Undefined Weak Reference
    _terminate_user_alloc                     - Undefined Weak Reference
    _terminateio                              - Undefined Weak Reference
    __Vectors_Size                           0x000000ec   Number         0  startup_stm32f103xb.o ABSOLUTE
    __Vectors                                0x08000000   Data           4  startup_stm32f103xb.o(RESET)
    __Vectors_End                            0x080000ec   Data           0  startup_stm32f103xb.o(RESET)
    __main                                   0x080000ed   Thumb Code     8  __main.o(!!!main)
    __scatterload                            0x080000f5   Thumb Code     0  __scatter.o(!!!scatter)
    __scatterload_rt2                        0x080000f5   Thumb Code    44  __scatter.o(!!!scatter)
    __scatterload_rt2_thumb_only             0x080000f5   Thumb Code     0  __scatter.o(!!!scatter)
    __scatterload_null                       0x08000103   Thumb Code     0  __scatter.o(!!!scatter)
    __decompress                             0x08000129   Thumb Code    90  __dczerorl2.o(!!dczerorl2)
    __decompress1                            0x08000129   Thumb Code     0  __dczerorl2.o(!!dczerorl2)
    __scatterload_zeroinit                   0x08000185   Thumb Code    28  __scatter_zi.o(!!handler_zi)
    _printf_f                                0x080001a1   Thumb Code     0  _printf_f.o(.ARM.Collect$$_printf_percent$$00000003)
    _printf_percent                          0x080001a1   Thumb Code     0  _printf_percent.o(.ARM.Collect$$_printf_percent$$00000000)
    _printf_d                                0x080001a7   Thumb Code     0  _printf_d.o(.ARM.Collect$$_printf_percent$$00000009)
    _printf_percent_end                      0x080001ad   Thumb Code     0  _printf_percent_end.o(.ARM.Collect$$_printf_percent$$00000017)
    __rt_lib_init                            0x080001b1   Thumb Code     0  libinit.o(.ARM.Collect$$libinit$$00000000)
    __rt_lib_init_fp_1                       0x080001b3   Thumb Code     0  libinit2.o(.ARM.Collect$$libinit$$00000002)
    __rt_lib_init_heap_1                     0x080001b3   Thumb Code     0  libinit2.o(.ARM.Collect$$libinit$$0000000A)
    __rt_lib_init_preinit_1                  0x080001b3   Thumb Code     0  libinit2.o(.ARM.Collect$$libinit$$00000004)
    __rt_lib_init_rand_2                     0x080001b3   Thumb Code     0  libinit2.o(.ARM.Collect$$libinit$$0000000D)
    __rt_lib_init_user_alloc_1               0x080001b3   Thumb Code     0  libinit2.o(.ARM.Collect$$libinit$$0000000C)
    __rt_lib_init_lc_common                  0x080001b7   Thumb Code     0  libinit2.o(.ARM.Collect$$libinit$$0000000F)
    __rt_lib_init_rand_1                     0x080001b7   Thumb Code     0  libinit2.o(.ARM.Collect$$libinit$$0000000E)
    __rt_lib_init_lc_collate_1               0x080001bd   Thumb Code     0  libinit2.o(.ARM.Collect$$libinit$$00000011)
    __rt_lib_init_lc_ctype_1                 0x080001bd   Thumb Code     0  libinit2.o(.ARM.Collect$$libinit$$00000013)
    __rt_lib_init_lc_monetary_1              0x080001bd   Thumb Code     0  libinit2.o(.ARM.Collect$$libinit$$00000015)
    __rt_lib_init_lc_numeric_2               0x080001bd   Thumb Code     0  libinit2.o(.ARM.Collect$$libinit$$00000016)
    __rt_lib_init_alloca_1                   0x080001c7   Thumb Code     0  libinit2.o(.ARM.Collect$$libinit$$0000002E)
    __rt_lib_init_argv_1                     0x080001c7   Thumb Code     0  libinit2.o(.ARM.Collect$$libinit$$0000002C)
    __rt_lib_init_atexit_1                   0x080001c7   Thumb Code     0  libinit2.o(.ARM.Collect$$libinit$$0000001B)
    __rt_lib_init_clock_1                    0x080001c7   Thumb Code     0  libinit2.o(.ARM.Collect$$libinit$$00000021)
    __rt_lib_init_cpp_1                      0x080001c7   Thumb Code     0  libinit2.o(.ARM.Collect$$libinit$$00000032)
    __rt_lib_init_exceptions_1               0x080001c7   Thumb Code     0  libinit2.o(.ARM.Collect$$libinit$$00000030)
    __rt_lib_init_fp_trap_1                  0x080001c7   Thumb Code     0  libinit2.o(.ARM.Collect$$libinit$$0000001F)
    __rt_lib_init_getenv_1                   0x080001c7   Thumb Code     0  libinit2.o(.ARM.Collect$$libinit$$00000023)
    __rt_lib_init_lc_numeric_1               0x080001c7   Thumb Code     0  libinit2.o(.ARM.Collect$$libinit$$00000017)
    __rt_lib_init_lc_time_1                  0x080001c7   Thumb Code     0  libinit2.o(.ARM.Collect$$libinit$$00000019)
    __rt_lib_init_return                     0x080001c7   Thumb Code     0  libinit2.o(.ARM.Collect$$libinit$$00000033)
    __rt_lib_init_signal_1                   0x080001c7   Thumb Code     0  libinit2.o(.ARM.Collect$$libinit$$0000001D)
    __rt_lib_init_stdio_1                    0x080001c7   Thumb Code     0  libinit2.o(.ARM.Collect$$libinit$$00000025)
    __rt_lib_shutdown                        0x080001c9   Thumb Code     0  libshutdown.o(.ARM.Collect$$libshutdown$$00000000)
    __rt_lib_shutdown_cpp_1                  0x080001cb   Thumb Code     0  libshutdown2.o(.ARM.Collect$$libshutdown$$00000004)
    __rt_lib_shutdown_fini_1                 0x080001cb   Thumb Code     0  libshutdown2.o(.ARM.Collect$$libshutdown$$00000002)
    __rt_lib_shutdown_fp_trap_1              0x080001cb   Thumb Code     0  libshutdown2.o(.ARM.Collect$$libshutdown$$00000009)
    __rt_lib_shutdown_heap_1                 0x080001cb   Thumb Code     0  libshutdown2.o(.ARM.Collect$$libshutdown$$00000011)
    __rt_lib_shutdown_return                 0x080001cb   Thumb Code     0  libshutdown2.o(.ARM.Collect$$libshutdown$$00000012)
    __rt_lib_shutdown_signal_1               0x080001cb   Thumb Code     0  libshutdown2.o(.ARM.Collect$$libshutdown$$0000000C)
    __rt_lib_shutdown_stdio_1                0x080001cb   Thumb Code     0  libshutdown2.o(.ARM.Collect$$libshutdown$$00000006)
    __rt_lib_shutdown_user_alloc_1           0x080001cb   Thumb Code     0  libshutdown2.o(.ARM.Collect$$libshutdown$$0000000E)
    __rt_entry                               0x080001cd   Thumb Code     0  __rtentry.o(.ARM.Collect$$rtentry$$00000000)
    __rt_entry_presh_1                       0x080001cd   Thumb Code     0  __rtentry2.o(.ARM.Collect$$rtentry$$00000002)
    __rt_entry_sh                            0x080001cd   Thumb Code     0  __rtentry4.o(.ARM.Collect$$rtentry$$00000004)
    __rt_entry_li                            0x080001d3   Thumb Code     0  __rtentry2.o(.ARM.Collect$$rtentry$$0000000A)
    __rt_entry_postsh_1                      0x080001d3   Thumb Code     0  __rtentry2.o(.ARM.Collect$$rtentry$$00000009)
    __rt_entry_main                          0x080001d7   Thumb Code     0  __rtentry2.o(.ARM.Collect$$rtentry$$0000000D)
    __rt_entry_postli_1                      0x080001d7   Thumb Code     0  __rtentry2.o(.ARM.Collect$$rtentry$$0000000C)
    __rt_exit                                0x080001df   Thumb Code     0  rtexit.o(.ARM.Collect$$rtexit$$00000000)
    __rt_exit_ls                             0x080001e1   Thumb Code     0  rtexit2.o(.ARM.Collect$$rtexit$$00000003)
    __rt_exit_prels_1                        0x080001e1   Thumb Code     0  rtexit2.o(.ARM.Collect$$rtexit$$00000002)
    __rt_exit_exit                           0x080001e5   Thumb Code     0  rtexit2.o(.ARM.Collect$$rtexit$$00000004)
    rand                                     0x080001ed   Thumb Code    48  rand.o(.emb_text)
    Reset_Handler                            0x08000221   Thumb Code     8  startup_stm32f103xb.o(.text)
    ADC1_2_IRQHandler                        0x0800023b   Thumb Code     0  startup_stm32f103xb.o(.text)
    CAN1_RX1_IRQHandler                      0x0800023b   Thumb Code     0  startup_stm32f103xb.o(.text)
    CAN1_SCE_IRQHandler                      0x0800023b   Thumb Code     0  startup_stm32f103xb.o(.text)
    DMA1_Channel1_IRQHandler                 0x0800023b   Thumb Code     0  startup_stm32f103xb.o(.text)
    DMA1_Channel2_IRQHandler                 0x0800023b   Thumb Code     0  startup_stm32f103xb.o(.text)
    DMA1_Channel3_IRQHandler                 0x0800023b   Thumb Code     0  startup_stm32f103xb.o(.text)
    DMA1_Channel4_IRQHandler                 0x0800023b   Thumb Code     0  startup_stm32f103xb.o(.text)
    DMA1_Channel5_IRQHandler                 0x0800023b   Thumb Code     0  startup_stm32f103xb.o(.text)
    DMA1_Channel6_IRQHandler                 0x0800023b   Thumb Code     0  startup_stm32f103xb.o(.text)
    DMA1_Channel7_IRQHandler                 0x0800023b   Thumb Code     0  startup_stm32f103xb.o(.text)
    EXTI15_10_IRQHandler                     0x0800023b   Thumb Code     0  startup_stm32f103xb.o(.text)
    EXTI9_5_IRQHandler                       0x0800023b   Thumb Code     0  startup_stm32f103xb.o(.text)
    FLASH_IRQHandler                         0x0800023b   Thumb Code     0  startup_stm32f103xb.o(.text)
    I2C1_ER_IRQHandler                       0x0800023b   Thumb Code     0  startup_stm32f103xb.o(.text)
    I2C1_EV_IRQHandler                       0x0800023b   Thumb Code     0  startup_stm32f103xb.o(.text)
    I2C2_ER_IRQHandler                       0x0800023b   Thumb Code     0  startup_stm32f103xb.o(.text)
    I2C2_EV_IRQHandler                       0x0800023b   Thumb Code     0  startup_stm32f103xb.o(.text)
    PVD_IRQHandler                           0x0800023b   Thumb Code     0  startup_stm32f103xb.o(.text)
    RCC_IRQHandler                           0x0800023b   Thumb Code     0  startup_stm32f103xb.o(.text)
    RTC_Alarm_IRQHandler                     0x0800023b   Thumb Code     0  startup_stm32f103xb.o(.text)
    RTC_IRQHandler                           0x0800023b   Thumb Code     0  startup_stm32f103xb.o(.text)
    SPI1_IRQHandler                          0x0800023b   Thumb Code     0  startup_stm32f103xb.o(.text)
    SPI2_IRQHandler                          0x0800023b   Thumb Code     0  startup_stm32f103xb.o(.text)
    TAMPER_IRQHandler                        0x0800023b   Thumb Code     0  startup_stm32f103xb.o(.text)
    TIM1_BRK_IRQHandler                      0x0800023b   Thumb Code     0  startup_stm32f103xb.o(.text)
    TIM1_CC_IRQHandler                       0x0800023b   Thumb Code     0  startup_stm32f103xb.o(.text)
    TIM1_TRG_COM_IRQHandler                  0x0800023b   Thumb Code     0  startup_stm32f103xb.o(.text)
    TIM1_UP_IRQHandler                       0x0800023b   Thumb Code     0  startup_stm32f103xb.o(.text)
    TIM2_IRQHandler                          0x0800023b   Thumb Code     0  startup_stm32f103xb.o(.text)
    TIM3_IRQHandler                          0x0800023b   Thumb Code     0  startup_stm32f103xb.o(.text)
    TIM4_IRQHandler                          0x0800023b   Thumb Code     0  startup_stm32f103xb.o(.text)
    USART1_IRQHandler                        0x0800023b   Thumb Code     0  startup_stm32f103xb.o(.text)
    USART2_IRQHandler                        0x0800023b   Thumb Code     0  startup_stm32f103xb.o(.text)
    USART3_IRQHandler                        0x0800023b   Thumb Code     0  startup_stm32f103xb.o(.text)
    USBWakeUp_IRQHandler                     0x0800023b   Thumb Code     0  startup_stm32f103xb.o(.text)
    USB_HP_CAN1_TX_IRQHandler                0x0800023b   Thumb Code     0  startup_stm32f103xb.o(.text)
    USB_LP_CAN1_RX0_IRQHandler               0x0800023b   Thumb Code     0  startup_stm32f103xb.o(.text)
    WWDG_IRQHandler                          0x0800023b   Thumb Code     0  startup_stm32f103xb.o(.text)
    __user_initial_stackheap                 0x0800023d   Thumb Code     0  startup_stm32f103xb.o(.text)
    __2sprintf                               0x08000261   Thumb Code    34  noretval__2sprintf.o(.text)
    _printf_pre_padding                      0x08000289   Thumb Code    44  _printf_pad.o(.text)
    _printf_post_padding                     0x080002b5   Thumb Code    34  _printf_pad.o(.text)
    _printf_int_dec                          0x080002d9   Thumb Code   104  _printf_dec.o(.text)
    __printf                                 0x08000351   Thumb Code   308  __printf_flags_wp.o(.text)
    srand                                    0x08000489   Thumb Code    42  rand.o(.text)
    _rand_init                               0x080004b3   Thumb Code     4  rand.o(.text)
    __aeabi_memcpy4                          0x080004c5   Thumb Code     0  rt_memcpy_w.o(.text)
    __aeabi_memcpy8                          0x080004c5   Thumb Code     0  rt_memcpy_w.o(.text)
    __rt_memcpy_w                            0x080004c5   Thumb Code   100  rt_memcpy_w.o(.text)
    _memcpy_lastbytes_aligned                0x0800050d   Thumb Code     0  rt_memcpy_w.o(.text)
    __aeabi_memclr4                          0x08000529   Thumb Code     0  rt_memclr_w.o(.text)
    __aeabi_memclr8                          0x08000529   Thumb Code     0  rt_memclr_w.o(.text)
    __rt_memclr_w                            0x08000529   Thumb Code    78  rt_memclr_w.o(.text)
    _memset_w                                0x0800052d   Thumb Code     0  rt_memclr_w.o(.text)
    __use_two_region_memory                  0x08000577   Thumb Code     2  heapauxi.o(.text)
    __rt_heap_escrow$2region                 0x08000579   Thumb Code     2  heapauxi.o(.text)
    __rt_heap_expand$2region                 0x0800057b   Thumb Code     2  heapauxi.o(.text)
    _printf_int_common                       0x0800057d   Thumb Code   178  _printf_intcommon.o(.text)
    __lib_sel_fp_printf                      0x0800062f   Thumb Code     2  _printf_fp_dec.o(.text)
    _printf_fp_dec_real                      0x080007e1   Thumb Code   620  _printf_fp_dec.o(.text)
    _printf_char_common                      0x08000a57   Thumb Code    32  _printf_char_common.o(.text)
    _sputc                                   0x08000a7d   Thumb Code    10  _sputc.o(.text)
    __rt_locale                              0x08000a89   Thumb Code     8  rt_locale_intlibspace.o(.text)
    _ll_udiv10                               0x08000a91   Thumb Code   138  lludiv10.o(.text)
    _printf_fp_infnan                        0x08000b1d   Thumb Code   112  _printf_fp_infnan.o(.text)
    _btod_etento                             0x08000b9d   Thumb Code   224  bigflt0.o(.text)
    __user_libspace                          0x08000c81   Thumb Code     8  libspace.o(.text)
    __user_perproc_libspace                  0x08000c81   Thumb Code     0  libspace.o(.text)
    __user_perthread_libspace                0x08000c81   Thumb Code     0  libspace.o(.text)
    __user_setup_stackheap                   0x08000c89   Thumb Code    74  sys_stackheap_outer.o(.text)
    exit                                     0x08000cd3   Thumb Code    18  exit.o(.text)
    strcmp                                   0x08000ce5   Thumb Code   128  strcmpv7m.o(.text)
    __I$use$semihosting                      0x08000d65   Thumb Code     0  use_no_semi.o(.text)
    __use_no_semihosting_swi                 0x08000d65   Thumb Code     2  use_no_semi.o(.text)
    __semihosting_library_function           0x08000d67   Thumb Code     0  indicate_semi.o(.text)
    _sys_exit                                0x08000d69   Thumb Code     8  sys_exit.o(.text)
    _btod_d2e                                0x08000d75   Thumb Code    62  btod.o(CL$$btod_d2e)
    _d2e_denorm_low                          0x08000db3   Thumb Code    70  btod.o(CL$$btod_d2e_denorm_low)
    _d2e_norm_op1                            0x08000df9   Thumb Code    96  btod.o(CL$$btod_d2e_norm_op1)
    __btod_div_common                        0x08000e59   Thumb Code   696  btod.o(CL$$btod_div_common)
    _e2e                                     0x08001191   Thumb Code   220  btod.o(CL$$btod_e2e)
    _btod_ediv                               0x0800126d   Thumb Code    42  btod.o(CL$$btod_ediv)
    _btod_emul                               0x08001297   Thumb Code    42  btod.o(CL$$btod_emul)
    __btod_mult_common                       0x080012c1   Thumb Code   580  btod.o(CL$$btod_mult_common)
    BusFault_Handler                         0x08001505   Thumb Code     2  stm32f1xx_it.o(i.BusFault_Handler)
    CalWeek                                  0x08001509   Thumb Code   122  user_oled.o(i.CalWeek)
    Data                                     0x080015c9   Thumb Code     4  menu.o(i.Data)
    DebugMon_Handler                         0x080015cd   Thumb Code     2  stm32f1xx_it.o(i.DebugMon_Handler)
    EXTI0_IRQHandler                         0x080015cf   Thumb Code     6  stm32f1xx_it.o(i.EXTI0_IRQHandler)
    EXTI1_IRQHandler                         0x080015d5   Thumb Code     6  stm32f1xx_it.o(i.EXTI1_IRQHandler)
    EXTI2_IRQHandler                         0x080015db   Thumb Code     6  stm32f1xx_it.o(i.EXTI2_IRQHandler)
    EXTI3_IRQHandler                         0x080015e1   Thumb Code     6  stm32f1xx_it.o(i.EXTI3_IRQHandler)
    EXTI4_IRQHandler                         0x080015e7   Thumb Code     6  stm32f1xx_it.o(i.EXTI4_IRQHandler)
    Error_Handler                            0x080015ed   Thumb Code     4  main.o(i.Error_Handler)
    Game_control                             0x080015f1   Thumb Code   150  control.o(i.Game_control)
    HAL_Delay                                0x0800168d   Thumb Code    32  stm32f1xx_hal.o(i.HAL_Delay)
    HAL_GPIO_EXTI_Callback                   0x080016b1   Thumb Code   236  user_key.o(i.HAL_GPIO_EXTI_Callback)
    HAL_GPIO_EXTI_IRQHandler                 0x080017a5   Thumb Code    18  stm32f1xx_hal_gpio.o(i.HAL_GPIO_EXTI_IRQHandler)
    HAL_GPIO_Init                            0x080017bd   Thumb Code   446  stm32f1xx_hal_gpio.o(i.HAL_GPIO_Init)
    HAL_GPIO_ReadPin                         0x0800199d   Thumb Code    10  stm32f1xx_hal_gpio.o(i.HAL_GPIO_ReadPin)
    HAL_GPIO_WritePin                        0x080019a7   Thumb Code    10  stm32f1xx_hal_gpio.o(i.HAL_GPIO_WritePin)
    HAL_GetTick                              0x080019b1   Thumb Code     6  stm32f1xx_hal.o(i.HAL_GetTick)
    HAL_IncTick                              0x080019bd   Thumb Code    12  stm32f1xx_hal.o(i.HAL_IncTick)
    HAL_Init                                 0x080019cd   Thumb Code    32  stm32f1xx_hal.o(i.HAL_Init)
    HAL_InitTick                             0x080019f1   Thumb Code    54  stm32f1xx_hal.o(i.HAL_InitTick)
    HAL_MspInit                              0x08001a31   Thumb Code    52  stm32f1xx_hal_msp.o(i.HAL_MspInit)
    HAL_NVIC_EnableIRQ                       0x08001a6d   Thumb Code    26  stm32f1xx_hal_cortex.o(i.HAL_NVIC_EnableIRQ)
    HAL_NVIC_SetPriority                     0x08001a89   Thumb Code    60  stm32f1xx_hal_cortex.o(i.HAL_NVIC_SetPriority)
    HAL_NVIC_SetPriorityGrouping             0x08001ac9   Thumb Code    26  stm32f1xx_hal_cortex.o(i.HAL_NVIC_SetPriorityGrouping)
    HAL_PWR_EnableBkUpAccess                 0x08001aed   Thumb Code     8  stm32f1xx_hal_pwr.o(i.HAL_PWR_EnableBkUpAccess)
    HAL_RCCEx_GetPeriphCLKFreq               0x08001af9   Thumb Code   148  stm32f1xx_hal_rcc_ex.o(i.HAL_RCCEx_GetPeriphCLKFreq)
    HAL_RCCEx_PeriphCLKConfig                0x08001b9d   Thumb Code   224  stm32f1xx_hal_rcc_ex.o(i.HAL_RCCEx_PeriphCLKConfig)
    HAL_RCC_ClockConfig                      0x08001c89   Thumb Code   280  stm32f1xx_hal_rcc.o(i.HAL_RCC_ClockConfig)
    HAL_RCC_GetPCLK2Freq                     0x08001db5   Thumb Code    20  stm32f1xx_hal_rcc.o(i.HAL_RCC_GetPCLK2Freq)
    HAL_RCC_GetSysClockFreq                  0x08001dd5   Thumb Code    58  stm32f1xx_hal_rcc.o(i.HAL_RCC_GetSysClockFreq)
    HAL_RCC_OscConfig                        0x08001e21   Thumb Code   778  stm32f1xx_hal_rcc.o(i.HAL_RCC_OscConfig)
    HAL_RTC_GetDate                          0x08002141   Thumb Code    78  stm32f1xx_hal_rtc.o(i.HAL_RTC_GetDate)
    HAL_RTC_GetTime                          0x0800218f   Thumb Code   216  stm32f1xx_hal_rtc.o(i.HAL_RTC_GetTime)
    HAL_RTC_Init                             0x08002269   Thumb Code   144  stm32f1xx_hal_rtc.o(i.HAL_RTC_Init)
    HAL_RTC_MspInit                          0x080022fd   Thumb Code    40  rtc.o(i.HAL_RTC_MspInit)
    HAL_RTC_SetDate                          0x08002331   Thumb Code   192  stm32f1xx_hal_rtc.o(i.HAL_RTC_SetDate)
    HAL_RTC_SetTime                          0x080023f5   Thumb Code   168  stm32f1xx_hal_rtc.o(i.HAL_RTC_SetTime)
    HAL_RTC_WaitForSynchro                   0x080024a1   Thumb Code    58  stm32f1xx_hal_rtc.o(i.HAL_RTC_WaitForSynchro)
    HAL_SYSTICK_Config                       0x080024db   Thumb Code    40  stm32f1xx_hal_cortex.o(i.HAL_SYSTICK_Config)
    HardFault_Handler                        0x08002503   Thumb Code     2  stm32f1xx_it.o(i.HardFault_Handler)
    I2C_Delay                                0x08002505   Thumb Code     8  user_i2c.o(i.I2C_Delay)
    I2C_End                                  0x0800250d   Thumb Code    32  user_i2c.o(i.I2C_End)
    I2C_Get_ACK                              0x0800252d   Thumb Code    38  user_i2c.o(i.I2C_Get_ACK)
    I2C_ReadByte                             0x08002553   Thumb Code    64  user_i2c.o(i.I2C_ReadByte)
    I2C_Read_Len                             0x08002595   Thumb Code    72  user_i2c.o(i.I2C_Read_Len)
    I2C_Read_SDA                             0x080025dd   Thumb Code    10  user_i2c.o(i.I2C_Read_SDA)
    I2C_SendByte                             0x080025ed   Thumb Code    58  user_i2c.o(i.I2C_SendByte)
    I2C_Send_ACK                             0x08002627   Thumb Code    36  user_i2c.o(i.I2C_Send_ACK)
    I2C_Start                                0x0800264b   Thumb Code    38  user_i2c.o(i.I2C_Start)
    I2C_Write_Len                            0x08002671   Thumb Code    50  user_i2c.o(i.I2C_Write_Len)
    I2C_Write_SCL                            0x080026a5   Thumb Code    12  user_i2c.o(i.I2C_Write_SCL)
    I2C_Write_SDA                            0x080026b5   Thumb Code    12  user_i2c.o(i.I2C_Write_SDA)
    IIC_Start                                0x080026c5   Thumb Code    48  dinooled.o(i.IIC_Start)
    IIC_Stop                                 0x080026f9   Thumb Code    38  dinooled.o(i.IIC_Stop)
    IIC_WaitAck                              0x08002725   Thumb Code    28  dinooled.o(i.IIC_WaitAck)
    IIC_WriteByte                            0x08002745   Thumb Code    76  dinooled.o(i.IIC_WriteByte)
    IIC_WriteCommand                         0x08002795   Thumb Code    46  dinooled.o(i.IIC_WriteCommand)
    IIC_WriteData                            0x080027c3   Thumb Code    46  dinooled.o(i.IIC_WriteData)
    LOG                                      0x080027f1   Thumb Code     4  menu.o(i.LOG)
    LOG1                                     0x080027f5   Thumb Code     4  menu.o(i.LOG1)
    LOGshow                                  0x080027f9   Thumb Code     4  menu.o(i.LOGshow)
    MX_GPIO_Init                             0x080027fd   Thumb Code   274  gpio.o(i.MX_GPIO_Init)
    MX_RTC_Init                              0x08002921   Thumb Code   110  rtc.o(i.MX_RTC_Init)
    MemManage_Handler                        0x08002999   Thumb Code     2  stm32f1xx_it.o(i.MemManage_Handler)
    Menu_key_set                             0x0800299d   Thumb Code    98  menu.o(i.Menu_key_set)
    NMI_Handler                              0x08002a05   Thumb Code     2  stm32f1xx_it.o(i.NMI_Handler)
    OLED_Chinese                             0x08002a09   Thumb Code    84  oled.o(i.OLED_Chinese)
    OLED_Chinese16                           0x08002a61   Thumb Code    84  oled.o(i.OLED_Chinese16)
    OLED_Clear                               0x08002ab9   Thumb Code    38  oled.o(i.OLED_Clear)
    OLED_Clear0                              0x08002ae1   Thumb Code    62  oled.o(i.OLED_Clear0)
    OLED_DrawCactusRandom                    0x08002b25   Thumb Code   242  dinogame.o(i.OLED_DrawCactusRandom)
    OLED_DrawCloud                           0x08002c21   Thumb Code   162  dinogame.o(i.OLED_DrawCloud)
    OLED_DrawDino                            0x08002ccd   Thumb Code   100  dinogame.o(i.OLED_DrawDino)
    OLED_DrawDinoJump                        0x08002d39   Thumb Code   286  dinogame.o(i.OLED_DrawDinoJump)
    OLED_DrawGround                          0x08002e6d   Thumb Code    96  dinogame.o(i.OLED_DrawGround)
    OLED_DrawPoint                           0x08002ed5   Thumb Code    44  oled.o(i.OLED_DrawPoint)
    OLED_I2C_Init                            0x08002f05   Thumb Code    28  oled.o(i.OLED_I2C_Init)
    OLED_I2C_SendByte                        0x08002f25   Thumb Code    78  oled.o(i.OLED_I2C_SendByte)
    OLED_I2C_Start                           0x08002f79   Thumb Code    48  oled.o(i.OLED_I2C_Start)
    OLED_I2C_Stop                            0x08002fad   Thumb Code    38  oled.o(i.OLED_I2C_Stop)
    OLED_Init                                0x08002fd9   Thumb Code   172  oled.o(i.OLED_Init)
    OLED_Refresh                             0x08003085   Thumb Code    60  oled.o(i.OLED_Refresh)
    OLED_SetCursor                           0x080030c5   Thumb Code    34  oled.o(i.OLED_SetCursor)
    OLED_SetPos1                             0x080030e7   Thumb Code    42  dinooled.o(i.OLED_SetPos1)
    OLED_ShowChar                            0x08003111   Thumb Code    98  oled.o(i.OLED_ShowChar)
    OLED_ShowChar1                           0x08003179   Thumb Code   128  dinooled.o(i.OLED_ShowChar1)
    OLED_ShowNum1                            0x08003201   Thumb Code   106  dinooled.o(i.OLED_ShowNum1)
    OLED_ShowPicture                         0x0800326b   Thumb Code   156  oled.o(i.OLED_ShowPicture)
    OLED_ShowString                          0x08003307   Thumb Code    38  oled.o(i.OLED_ShowString)
    OLED_ShowString1                         0x0800332d   Thumb Code    54  dinooled.o(i.OLED_ShowString1)
    OLED_WR_Byte1                            0x08003363   Thumb Code    12  dinooled.o(i.OLED_WR_Byte1)
    OLED_WriteCommand                        0x0800336f   Thumb Code    34  oled.o(i.OLED_WriteCommand)
    OLED_WriteData                           0x08003391   Thumb Code    34  oled.o(i.OLED_WriteData)
    PendSV_Handler                           0x080033b3   Thumb Code     2  stm32f1xx_it.o(i.PendSV_Handler)
    Play                                     0x080033b5   Thumb Code     4  menu.o(i.Play)
    Play1                                    0x080033b9   Thumb Code     4  menu.o(i.Play1)
    SVC_Handler                              0x080035d3   Thumb Code     2  stm32f1xx_it.o(i.SVC_Handler)
    SysTick_Handler                          0x080035d5   Thumb Code     4  stm32f1xx_it.o(i.SysTick_Handler)
    SystemClock_Config                       0x080035d9   Thumb Code   128  main.o(i.SystemClock_Config)
    SystemInit                               0x08003659   Thumb Code     2  system_stm32f1xx.o(i.SystemInit)
    TSL2561_Init                             0x0800365b   Thumb Code    30  tsl2561.o(i.TSL2561_Init)
    TSL2561_LED_on                           0x08003679   Thumb Code    10  tsl2561.o(i.TSL2561_LED_on)
    TSL2561_ReadData                         0x08003689   Thumb Code    34  tsl2561.o(i.TSL2561_ReadData)
    TSL2561_off                              0x080036ad   Thumb Code    12  tsl2561.o(i.TSL2561_off)
    TSL2561_on                               0x080036bd   Thumb Code    10  tsl2561.o(i.TSL2561_on)
    Time                                     0x080036cd   Thumb Code     6  menu.o(i.Time)
    Timeshow                                 0x080036d3   Thumb Code     4  menu.o(i.Timeshow)
    UsageFault_Handler                       0x080036d7   Thumb Code     2  stm32f1xx_it.o(i.UsageFault_Handler)
    User_Askfordelete                        0x080036d9   Thumb Code    50  user_oled.o(i.User_Askfordelete)
    User_Data                                0x0800370d   Thumb Code   136  user_oled.o(i.User_Data)
    User_DataChoice_Show                     0x080037a1   Thumb Code   456  user_lightdata.o(i.User_DataChoice_Show)
    User_Data_Show                           0x08003999   Thumb Code   322  user_lightdata.o(i.User_Data_Show)
    User_DeleteData                          0x08003b11   Thumb Code    54  user_lightdata.o(i.User_DeleteData)
    User_Detect_Show                         0x08003b51   Thumb Code    54  user_lightdata.o(i.User_Detect_Show)
    User_Home                                0x08003b8d   Thumb Code    26  user_oled.o(i.User_Home)
    User_LOG                                 0x08003ba9   Thumb Code   136  user_oled.o(i.User_LOG)
    User_LOG1                                0x08003c3d   Thumb Code   140  user_oled.o(i.User_LOG1)
    User_PIC_Show                            0x08003cd5   Thumb Code   196  user_oled.o(i.User_PIC_Show)
    User_Play                                0x08003de1   Thumb Code   136  user_oled.o(i.User_Play)
    User_Play1                               0x08003e75   Thumb Code   144  user_oled.o(i.User_Play1)
    User_Time                                0x08003f11   Thumb Code   136  user_oled.o(i.User_Time)
    User_huizhang_Show                       0x08003fa5   Thumb Code    52  user_oled.o(i.User_huizhang_Show)
    __ARM_fpclassify                         0x08003fe1   Thumb Code    40  fpclassify.o(i.__ARM_fpclassify)
    _is_digit                                0x08004029   Thumb Code    14  __printf_wp.o(i._is_digit)
    get_key                                  0x08004039   Thumb Code   108  control.o(i.get_key)
    home                                     0x080040a9   Thumb Code     4  menu.o(i.home)
    lightdata_askfordelete                   0x080040ad   Thumb Code    86  user_lightdata.o(i.lightdata_askfordelete)
    lightdata_delete                         0x08004135   Thumb Code    44  user_lightdata.o(i.lightdata_delete)
    lightdata_detect                         0x08004169   Thumb Code    46  user_lightdata.o(i.lightdata_detect)
    lightdata_down                           0x080041a5   Thumb Code    44  user_lightdata.o(i.lightdata_down)
    lightdata_show                           0x080041dd   Thumb Code     8  user_lightdata.o(i.lightdata_show)
    lightdata_up                             0x080041e9   Thumb Code    44  user_lightdata.o(i.lightdata_up)
    main                                     0x08004221   Thumb Code    46  main.o(i.main)
    oled_drawbmp_block_clear                 0x0800424f   Thumb Code    72  dinogame.o(i.oled_drawbmp_block_clear)
    oled_pow1                                0x08004297   Thumb Code    16  dinooled.o(i.oled_pow1)
    _get_lc_numeric                          0x080042a9   Thumb Code    44  lc_numeric_c.o(locale$$code)
    __fpl_dretinf                            0x080042d5   Thumb Code    12  dretinf.o(x$fpl$dretinf)
    __aeabi_f2d                              0x080042e1   Thumb Code     0  f2d.o(x$fpl$f2d)
    _f2d                                     0x080042e1   Thumb Code    86  f2d.o(x$fpl$f2d)
    __aeabi_ui2f                             0x08004339   Thumb Code     0  fflt_clz.o(x$fpl$ffltu)
    _ffltu                                   0x08004339   Thumb Code    38  fflt_clz.o(x$fpl$ffltu)
    __fpl_fnaninf                            0x0800435f   Thumb Code   140  fnaninf.o(x$fpl$fnaninf)
    _printf_fp_dec                           0x080043eb   Thumb Code     4  printf1.o(x$fpl$printf1)
    __I$use$fp                               0x080043ee   Number         0  usenofp.o(x$fpl$usenofp)
    AHBPrescTable                            0x08004412   Data          16  system_stm32f1xx.o(.constdata)
    APBPrescTable                            0x08004422   Data           8  system_stm32f1xx.o(.constdata)
    OLED_F8x16                               0x0800442a   Data        1600  oled.o(.constdata)
    OLED_F16x16                              0x08004a6a   Data         896  oled.o(.constdata)
    GROUND                                   0x08004e64   Data         597  dinogame.o(.constdata)
    CLOUD                                    0x080050b9   Data          24  dinogame.o(.constdata)
    DINO                                     0x080050d1   Data          64  dinogame.o(.constdata)
    DINO_JUMP                                0x08005111   Data         384  dinogame.o(.constdata)
    CACTUS_1                                 0x08005291   Data          16  dinogame.o(.constdata)
    CACTUS_2                                 0x080052a1   Data          32  dinogame.o(.constdata)
    CACTUS_3                                 0x080052c1   Data          48  dinogame.o(.constdata)
    CACTUS_4                                 0x080052f1   Data          48  dinogame.o(.constdata)
    RESTART                                  0x08005321   Data          72  dinogame.o(.constdata)
    COVER                                    0x08005369   Data        1024  dinogame.o(.constdata)
    F6x8                                     0x08005769   Data         552  dinooled.o(.constdata)
    F8X16                                    0x08005991   Data        1520  dinooled.o(.constdata)
    Region$$Table$$Base                      0x08006028   Number         0  anon$$obj.o(Region$$Table)
    Region$$Table$$Limit                     0x08006048   Number         0  anon$$obj.o(Region$$Table)
    uwTickFreq                               0x20000000   Data           1  stm32f1xx_hal.o(.data)
    uwTickPrio                               0x20000004   Data           4  stm32f1xx_hal.o(.data)
    uwTick                                   0x20000008   Data           4  stm32f1xx_hal.o(.data)
    SystemCoreClock                          0x2000000c   Data           4  system_stm32f1xx.o(.data)
    BMP_0                                    0x20000010   Data        1024  oled.o(.data)
    myBMP                                    0x20000410   Data         512  user_oled.o(.data)
    myBMP1                                   0x20000610   Data         504  user_oled.o(.data)
    xiaohui                                  0x20000808   Data         576  user_oled.o(.data)
    yuanhui                                  0x20000a48   Data         512  user_oled.o(.data)
    choice                                   0x20000c48   Data           4  user_key.o(.data)
    data_num                                 0x20000c4c   Data           4  user_lightdata.o(.data)
    func_index                               0x20000c50   Data           1  menu.o(.data)
    current_operation_index                  0x20000c54   Data           4  menu.o(.data)
    table                                    0x20000c58   Data         360  menu.o(.data)
    hrtc                                     0x20000dd8   Data          20  rtc.o(.bss)
    OLED_GRAM                                0x20000dec   Data        1024  oled.o(.bss)
    user_key                                 0x200011ec   Data          20  user_key.o(.bss)
    lightdata                                0x20001200   Data         396  user_lightdata.o(.bss)
    _random_number_data                      0x2000138c   Data         228  rand.o(.bss)
    __libspace_start                         0x20001470   Data          96  libspace.o(.bss)
    __temporary_stack_top$libspace           0x200014d0   Data           0  libspace.o(.bss)



==============================================================================

Memory Map of the image

  Image Entry point : 0x080000ed

  Load Region LR_IROM1 (Base: 0x08000000, Size: 0x00006e3c, Max: 0x00010000, ABSOLUTE, COMPRESSED[0x000066b4])

    Execution Region ER_IROM1 (Exec base: 0x08000000, Load base: 0x08000000, Size: 0x00006064, Max: 0x00010000, ABSOLUTE)

    Exec Addr    Load Addr    Size         Type   Attr      Idx    E Section Name        Object

    0x08000000   0x08000000   0x000000ec   Data   RO            3    RESET               startup_stm32f103xb.o
    0x080000ec   0x080000ec   0x00000008   Code   RO         2988  * !!!main             c_w.l(__main.o)
    0x080000f4   0x080000f4   0x00000034   Code   RO         3226    !!!scatter          c_w.l(__scatter.o)
    0x08000128   0x08000128   0x0000005a   Code   RO         3224    !!dczerorl2         c_w.l(__dczerorl2.o)
    0x08000182   0x08000182   0x00000002   PAD
    0x08000184   0x08000184   0x0000001c   Code   RO         3228    !!handler_zi        c_w.l(__scatter_zi.o)
    0x080001a0   0x080001a0   0x00000000   Code   RO         2976    .ARM.Collect$$_printf_percent$$00000000  c_w.l(_printf_percent.o)
    0x080001a0   0x080001a0   0x00000006   Code   RO         2975    .ARM.Collect$$_printf_percent$$00000003  c_w.l(_printf_f.o)
    0x080001a6   0x080001a6   0x00000006   Code   RO         2974    .ARM.Collect$$_printf_percent$$00000009  c_w.l(_printf_d.o)
    0x080001ac   0x080001ac   0x00000004   Code   RO         3015    .ARM.Collect$$_printf_percent$$00000017  c_w.l(_printf_percent_end.o)
    0x080001b0   0x080001b0   0x00000002   Code   RO         3148    .ARM.Collect$$libinit$$00000000  c_w.l(libinit.o)
    0x080001b2   0x080001b2   0x00000000   Code   RO         3017    .ARM.Collect$$libinit$$00000002  c_w.l(libinit2.o)
    0x080001b2   0x080001b2   0x00000000   Code   RO         3019    .ARM.Collect$$libinit$$00000004  c_w.l(libinit2.o)
    0x080001b2   0x080001b2   0x00000000   Code   RO         3022    .ARM.Collect$$libinit$$0000000A  c_w.l(libinit2.o)
    0x080001b2   0x080001b2   0x00000000   Code   RO         3024    .ARM.Collect$$libinit$$0000000C  c_w.l(libinit2.o)
    0x080001b2   0x080001b2   0x00000004   Code   RO         3025    .ARM.Collect$$libinit$$0000000D  c_w.l(libinit2.o)
    0x080001b6   0x080001b6   0x00000000   Code   RO         3026    .ARM.Collect$$libinit$$0000000E  c_w.l(libinit2.o)
    0x080001b6   0x080001b6   0x00000006   Code   RO         3027    .ARM.Collect$$libinit$$0000000F  c_w.l(libinit2.o)
    0x080001bc   0x080001bc   0x00000000   Code   RO         3029    .ARM.Collect$$libinit$$00000011  c_w.l(libinit2.o)
    0x080001bc   0x080001bc   0x00000000   Code   RO         3031    .ARM.Collect$$libinit$$00000013  c_w.l(libinit2.o)
    0x080001bc   0x080001bc   0x00000000   Code   RO         3033    .ARM.Collect$$libinit$$00000015  c_w.l(libinit2.o)
    0x080001bc   0x080001bc   0x0000000a   Code   RO         3034    .ARM.Collect$$libinit$$00000016  c_w.l(libinit2.o)
    0x080001c6   0x080001c6   0x00000000   Code   RO         3035    .ARM.Collect$$libinit$$00000017  c_w.l(libinit2.o)
    0x080001c6   0x080001c6   0x00000000   Code   RO         3037    .ARM.Collect$$libinit$$00000019  c_w.l(libinit2.o)
    0x080001c6   0x080001c6   0x00000000   Code   RO         3039    .ARM.Collect$$libinit$$0000001B  c_w.l(libinit2.o)
    0x080001c6   0x080001c6   0x00000000   Code   RO         3041    .ARM.Collect$$libinit$$0000001D  c_w.l(libinit2.o)
    0x080001c6   0x080001c6   0x00000000   Code   RO         3043    .ARM.Collect$$libinit$$0000001F  c_w.l(libinit2.o)
    0x080001c6   0x080001c6   0x00000000   Code   RO         3045    .ARM.Collect$$libinit$$00000021  c_w.l(libinit2.o)
    0x080001c6   0x080001c6   0x00000000   Code   RO         3047    .ARM.Collect$$libinit$$00000023  c_w.l(libinit2.o)
    0x080001c6   0x080001c6   0x00000000   Code   RO         3049    .ARM.Collect$$libinit$$00000025  c_w.l(libinit2.o)
    0x080001c6   0x080001c6   0x00000000   Code   RO         3053    .ARM.Collect$$libinit$$0000002C  c_w.l(libinit2.o)
    0x080001c6   0x080001c6   0x00000000   Code   RO         3055    .ARM.Collect$$libinit$$0000002E  c_w.l(libinit2.o)
    0x080001c6   0x080001c6   0x00000000   Code   RO         3057    .ARM.Collect$$libinit$$00000030  c_w.l(libinit2.o)
    0x080001c6   0x080001c6   0x00000000   Code   RO         3059    .ARM.Collect$$libinit$$00000032  c_w.l(libinit2.o)
    0x080001c6   0x080001c6   0x00000002   Code   RO         3060    .ARM.Collect$$libinit$$00000033  c_w.l(libinit2.o)
    0x080001c8   0x080001c8   0x00000002   Code   RO         3183    .ARM.Collect$$libshutdown$$00000000  c_w.l(libshutdown.o)
    0x080001ca   0x080001ca   0x00000000   Code   RO         3189    .ARM.Collect$$libshutdown$$00000002  c_w.l(libshutdown2.o)
    0x080001ca   0x080001ca   0x00000000   Code   RO         3191    .ARM.Collect$$libshutdown$$00000004  c_w.l(libshutdown2.o)
    0x080001ca   0x080001ca   0x00000000   Code   RO         3193    .ARM.Collect$$libshutdown$$00000006  c_w.l(libshutdown2.o)
    0x080001ca   0x080001ca   0x00000000   Code   RO         3196    .ARM.Collect$$libshutdown$$00000009  c_w.l(libshutdown2.o)
    0x080001ca   0x080001ca   0x00000000   Code   RO         3199    .ARM.Collect$$libshutdown$$0000000C  c_w.l(libshutdown2.o)
    0x080001ca   0x080001ca   0x00000000   Code   RO         3201    .ARM.Collect$$libshutdown$$0000000E  c_w.l(libshutdown2.o)
    0x080001ca   0x080001ca   0x00000000   Code   RO         3204    .ARM.Collect$$libshutdown$$00000011  c_w.l(libshutdown2.o)
    0x080001ca   0x080001ca   0x00000002   Code   RO         3205    .ARM.Collect$$libshutdown$$00000012  c_w.l(libshutdown2.o)
    0x080001cc   0x080001cc   0x00000000   Code   RO         3006    .ARM.Collect$$rtentry$$00000000  c_w.l(__rtentry.o)
    0x080001cc   0x080001cc   0x00000000   Code   RO         3069    .ARM.Collect$$rtentry$$00000002  c_w.l(__rtentry2.o)
    0x080001cc   0x080001cc   0x00000006   Code   RO         3081    .ARM.Collect$$rtentry$$00000004  c_w.l(__rtentry4.o)
    0x080001d2   0x080001d2   0x00000000   Code   RO         3071    .ARM.Collect$$rtentry$$00000009  c_w.l(__rtentry2.o)
    0x080001d2   0x080001d2   0x00000004   Code   RO         3072    .ARM.Collect$$rtentry$$0000000A  c_w.l(__rtentry2.o)
    0x080001d6   0x080001d6   0x00000000   Code   RO         3074    .ARM.Collect$$rtentry$$0000000C  c_w.l(__rtentry2.o)
    0x080001d6   0x080001d6   0x00000008   Code   RO         3075    .ARM.Collect$$rtentry$$0000000D  c_w.l(__rtentry2.o)
    0x080001de   0x080001de   0x00000002   Code   RO         3151    .ARM.Collect$$rtexit$$00000000  c_w.l(rtexit.o)
    0x080001e0   0x080001e0   0x00000000   Code   RO         3163    .ARM.Collect$$rtexit$$00000002  c_w.l(rtexit2.o)
    0x080001e0   0x080001e0   0x00000004   Code   RO         3164    .ARM.Collect$$rtexit$$00000003  c_w.l(rtexit2.o)
    0x080001e4   0x080001e4   0x00000006   Code   RO         3165    .ARM.Collect$$rtexit$$00000004  c_w.l(rtexit2.o)
    0x080001ea   0x080001ea   0x00000002   PAD
    0x080001ec   0x080001ec   0x00000034   Code   RO         2977    .emb_text           c_w.l(rand.o)
    0x08000220   0x08000220   0x00000040   Code   RO            4    .text               startup_stm32f103xb.o
    0x08000260   0x08000260   0x00000028   Code   RO         2946    .text               c_w.l(noretval__2sprintf.o)
    0x08000288   0x08000288   0x0000004e   Code   RO         2950    .text               c_w.l(_printf_pad.o)
    0x080002d6   0x080002d6   0x00000002   PAD
    0x080002d8   0x080002d8   0x00000078   Code   RO         2952    .text               c_w.l(_printf_dec.o)
    0x08000350   0x08000350   0x00000138   Code   RO         2966    .text               c_w.l(__printf_flags_wp.o)
    0x08000488   0x08000488   0x0000003c   Code   RO         2978    .text               c_w.l(rand.o)
    0x080004c4   0x080004c4   0x00000064   Code   RO         2982    .text               c_w.l(rt_memcpy_w.o)
    0x08000528   0x08000528   0x0000004e   Code   RO         2984    .text               c_w.l(rt_memclr_w.o)
    0x08000576   0x08000576   0x00000006   Code   RO         2986    .text               c_w.l(heapauxi.o)
    0x0800057c   0x0800057c   0x000000b2   Code   RO         3007    .text               c_w.l(_printf_intcommon.o)
    0x0800062e   0x0800062e   0x0000041e   Code   RO         3009    .text               c_w.l(_printf_fp_dec.o)
    0x08000a4c   0x08000a4c   0x00000030   Code   RO         3011    .text               c_w.l(_printf_char_common.o)
    0x08000a7c   0x08000a7c   0x0000000a   Code   RO         3013    .text               c_w.l(_sputc.o)
    0x08000a86   0x08000a86   0x00000002   PAD
    0x08000a88   0x08000a88   0x00000008   Code   RO         3086    .text               c_w.l(rt_locale_intlibspace.o)
    0x08000a90   0x08000a90   0x0000008a   Code   RO         3088    .text               c_w.l(lludiv10.o)
    0x08000b1a   0x08000b1a   0x00000002   PAD
    0x08000b1c   0x08000b1c   0x00000080   Code   RO         3090    .text               c_w.l(_printf_fp_infnan.o)
    0x08000b9c   0x08000b9c   0x000000e4   Code   RO         3094    .text               c_w.l(bigflt0.o)
    0x08000c80   0x08000c80   0x00000008   Code   RO         3130    .text               c_w.l(libspace.o)
    0x08000c88   0x08000c88   0x0000004a   Code   RO         3133    .text               c_w.l(sys_stackheap_outer.o)
    0x08000cd2   0x08000cd2   0x00000012   Code   RO         3135    .text               c_w.l(exit.o)
    0x08000ce4   0x08000ce4   0x00000080   Code   RO         3137    .text               c_w.l(strcmpv7m.o)
    0x08000d64   0x08000d64   0x00000002   Code   RO         3159    .text               c_w.l(use_no_semi.o)
    0x08000d66   0x08000d66   0x00000000   Code   RO         3161    .text               c_w.l(indicate_semi.o)
    0x08000d66   0x08000d66   0x00000002   PAD
    0x08000d68   0x08000d68   0x0000000c   Code   RO         3175    .text               c_w.l(sys_exit.o)
    0x08000d74   0x08000d74   0x0000003e   Code   RO         3097    CL$$btod_d2e        c_w.l(btod.o)
    0x08000db2   0x08000db2   0x00000046   Code   RO         3099    CL$$btod_d2e_denorm_low  c_w.l(btod.o)
    0x08000df8   0x08000df8   0x00000060   Code   RO         3098    CL$$btod_d2e_norm_op1  c_w.l(btod.o)
    0x08000e58   0x08000e58   0x00000338   Code   RO         3107    CL$$btod_div_common  c_w.l(btod.o)
    0x08001190   0x08001190   0x000000dc   Code   RO         3104    CL$$btod_e2e        c_w.l(btod.o)
    0x0800126c   0x0800126c   0x0000002a   Code   RO         3101    CL$$btod_ediv       c_w.l(btod.o)
    0x08001296   0x08001296   0x0000002a   Code   RO         3100    CL$$btod_emul       c_w.l(btod.o)
    0x080012c0   0x080012c0   0x00000244   Code   RO         3106    CL$$btod_mult_common  c_w.l(btod.o)
    0x08001504   0x08001504   0x00000002   Code   RO          222    i.BusFault_Handler  stm32f1xx_it.o
    0x08001506   0x08001506   0x00000002   PAD
    0x08001508   0x08001508   0x000000c0   Code   RO         1883    i.CalWeek           user_oled.o
    0x080015c8   0x080015c8   0x00000004   Code   RO         2378    i.Data              menu.o
    0x080015cc   0x080015cc   0x00000002   Code   RO          223    i.DebugMon_Handler  stm32f1xx_it.o
    0x080015ce   0x080015ce   0x00000006   Code   RO          224    i.EXTI0_IRQHandler  stm32f1xx_it.o
    0x080015d4   0x080015d4   0x00000006   Code   RO          225    i.EXTI1_IRQHandler  stm32f1xx_it.o
    0x080015da   0x080015da   0x00000006   Code   RO          226    i.EXTI2_IRQHandler  stm32f1xx_it.o
    0x080015e0   0x080015e0   0x00000006   Code   RO          227    i.EXTI3_IRQHandler  stm32f1xx_it.o
    0x080015e6   0x080015e6   0x00000006   Code   RO          228    i.EXTI4_IRQHandler  stm32f1xx_it.o
    0x080015ec   0x080015ec   0x00000004   Code   RO           13    i.Error_Handler     main.o
    0x080015f0   0x080015f0   0x0000009c   Code   RO         2674    i.Game_control      control.o
    0x0800168c   0x0800168c   0x00000024   Code   RO          666    i.HAL_Delay         stm32f1xx_hal.o
    0x080016b0   0x080016b0   0x000000f4   Code   RO         2198    i.HAL_GPIO_EXTI_Callback  user_key.o
    0x080017a4   0x080017a4   0x00000018   Code   RO          975    i.HAL_GPIO_EXTI_IRQHandler  stm32f1xx_hal_gpio.o
    0x080017bc   0x080017bc   0x000001e0   Code   RO          976    i.HAL_GPIO_Init     stm32f1xx_hal_gpio.o
    0x0800199c   0x0800199c   0x0000000a   Code   RO          978    i.HAL_GPIO_ReadPin  stm32f1xx_hal_gpio.o
    0x080019a6   0x080019a6   0x0000000a   Code   RO          980    i.HAL_GPIO_WritePin  stm32f1xx_hal_gpio.o
    0x080019b0   0x080019b0   0x0000000c   Code   RO          670    i.HAL_GetTick       stm32f1xx_hal.o
    0x080019bc   0x080019bc   0x00000010   Code   RO          676    i.HAL_IncTick       stm32f1xx_hal.o
    0x080019cc   0x080019cc   0x00000024   Code   RO          677    i.HAL_Init          stm32f1xx_hal.o
    0x080019f0   0x080019f0   0x00000040   Code   RO          678    i.HAL_InitTick      stm32f1xx_hal.o
    0x08001a30   0x08001a30   0x0000003c   Code   RO          327    i.HAL_MspInit       stm32f1xx_hal_msp.o
    0x08001a6c   0x08001a6c   0x0000001a   Code   RO         1136    i.HAL_NVIC_EnableIRQ  stm32f1xx_hal_cortex.o
    0x08001a86   0x08001a86   0x00000002   PAD
    0x08001a88   0x08001a88   0x00000040   Code   RO         1142    i.HAL_NVIC_SetPriority  stm32f1xx_hal_cortex.o
    0x08001ac8   0x08001ac8   0x00000024   Code   RO         1143    i.HAL_NVIC_SetPriorityGrouping  stm32f1xx_hal_cortex.o
    0x08001aec   0x08001aec   0x0000000c   Code   RO         1258    i.HAL_PWR_EnableBkUpAccess  stm32f1xx_hal_pwr.o
    0x08001af8   0x08001af8   0x000000a4   Code   RO          937    i.HAL_RCCEx_GetPeriphCLKFreq  stm32f1xx_hal_rcc_ex.o
    0x08001b9c   0x08001b9c   0x000000ec   Code   RO          938    i.HAL_RCCEx_PeriphCLKConfig  stm32f1xx_hal_rcc_ex.o
    0x08001c88   0x08001c88   0x0000012c   Code   RO          834    i.HAL_RCC_ClockConfig  stm32f1xx_hal_rcc.o
    0x08001db4   0x08001db4   0x00000020   Code   RO          842    i.HAL_RCC_GetPCLK2Freq  stm32f1xx_hal_rcc.o
    0x08001dd4   0x08001dd4   0x0000004c   Code   RO          843    i.HAL_RCC_GetSysClockFreq  stm32f1xx_hal_rcc.o
    0x08001e20   0x08001e20   0x00000320   Code   RO          846    i.HAL_RCC_OscConfig  stm32f1xx_hal_rcc.o
    0x08002140   0x08002140   0x0000004e   Code   RO          392    i.HAL_RTC_GetDate   stm32f1xx_hal_rtc.o
    0x0800218e   0x0800218e   0x000000d8   Code   RO          394    i.HAL_RTC_GetTime   stm32f1xx_hal_rtc.o
    0x08002266   0x08002266   0x00000002   PAD
    0x08002268   0x08002268   0x00000094   Code   RO          395    i.HAL_RTC_Init      stm32f1xx_hal_rtc.o
    0x080022fc   0x080022fc   0x00000034   Code   RO          181    i.HAL_RTC_MspInit   rtc.o
    0x08002330   0x08002330   0x000000c4   Code   RO          401    i.HAL_RTC_SetDate   stm32f1xx_hal_rtc.o
    0x080023f4   0x080023f4   0x000000ac   Code   RO          402    i.HAL_RTC_SetTime   stm32f1xx_hal_rtc.o
    0x080024a0   0x080024a0   0x0000003a   Code   RO          403    i.HAL_RTC_WaitForSynchro  stm32f1xx_hal_rtc.o
    0x080024da   0x080024da   0x00000028   Code   RO         1147    i.HAL_SYSTICK_Config  stm32f1xx_hal_cortex.o
    0x08002502   0x08002502   0x00000002   Code   RO          229    i.HardFault_Handler  stm32f1xx_it.o
    0x08002504   0x08002504   0x00000008   Code   RO         2092    i.I2C_Delay         user_i2c.o
    0x0800250c   0x0800250c   0x00000020   Code   RO         2093    i.I2C_End           user_i2c.o
    0x0800252c   0x0800252c   0x00000026   Code   RO         2094    i.I2C_Get_ACK       user_i2c.o
    0x08002552   0x08002552   0x00000040   Code   RO         2095    i.I2C_ReadByte      user_i2c.o
    0x08002592   0x08002592   0x00000002   PAD
    0x08002594   0x08002594   0x00000048   Code   RO         2096    i.I2C_Read_Len      user_i2c.o
    0x080025dc   0x080025dc   0x00000010   Code   RO         2099    i.I2C_Read_SDA      user_i2c.o
    0x080025ec   0x080025ec   0x0000003a   Code   RO         2100    i.I2C_SendByte      user_i2c.o
    0x08002626   0x08002626   0x00000024   Code   RO         2101    i.I2C_Send_ACK      user_i2c.o
    0x0800264a   0x0800264a   0x00000026   Code   RO         2102    i.I2C_Start         user_i2c.o
    0x08002670   0x08002670   0x00000032   Code   RO         2103    i.I2C_Write_Len     user_i2c.o
    0x080026a2   0x080026a2   0x00000002   PAD
    0x080026a4   0x080026a4   0x00000010   Code   RO         2105    i.I2C_Write_SCL     user_i2c.o
    0x080026b4   0x080026b4   0x00000010   Code   RO         2106    i.I2C_Write_SDA     user_i2c.o
    0x080026c4   0x080026c4   0x00000034   Code   RO         2814    i.IIC_Start         dinooled.o
    0x080026f8   0x080026f8   0x0000002c   Code   RO         2815    i.IIC_Stop          dinooled.o
    0x08002724   0x08002724   0x00000020   Code   RO         2816    i.IIC_WaitAck       dinooled.o
    0x08002744   0x08002744   0x00000050   Code   RO         2817    i.IIC_WriteByte     dinooled.o
    0x08002794   0x08002794   0x0000002e   Code   RO         2818    i.IIC_WriteCommand  dinooled.o
    0x080027c2   0x080027c2   0x0000002e   Code   RO         2819    i.IIC_WriteData     dinooled.o
    0x080027f0   0x080027f0   0x00000004   Code   RO         2381    i.LOG               menu.o
    0x080027f4   0x080027f4   0x00000004   Code   RO         2382    i.LOG1              menu.o
    0x080027f8   0x080027f8   0x00000004   Code   RO         2383    i.LOGshow           menu.o
    0x080027fc   0x080027fc   0x00000124   Code   RO          156    i.MX_GPIO_Init      gpio.o
    0x08002920   0x08002920   0x00000078   Code   RO          182    i.MX_RTC_Init       rtc.o
    0x08002998   0x08002998   0x00000002   Code   RO          230    i.MemManage_Handler  stm32f1xx_it.o
    0x0800299a   0x0800299a   0x00000002   PAD
    0x0800299c   0x0800299c   0x00000068   Code   RO         2384    i.Menu_key_set      menu.o
    0x08002a04   0x08002a04   0x00000002   Code   RO          231    i.NMI_Handler       stm32f1xx_it.o
    0x08002a06   0x08002a06   0x00000002   PAD
    0x08002a08   0x08002a08   0x00000058   Code   RO         1710    i.OLED_Chinese      oled.o
    0x08002a60   0x08002a60   0x00000058   Code   RO         1711    i.OLED_Chinese16    oled.o
    0x08002ab8   0x08002ab8   0x00000026   Code   RO         1712    i.OLED_Clear        oled.o
    0x08002ade   0x08002ade   0x00000002   PAD
    0x08002ae0   0x08002ae0   0x00000044   Code   RO         1713    i.OLED_Clear0       oled.o
    0x08002b24   0x08002b24   0x000000fc   Code   RO         2726    i.OLED_DrawCactusRandom  dinogame.o
    0x08002c20   0x08002c20   0x000000ac   Code   RO         2727    i.OLED_DrawCloud    dinogame.o
    0x08002ccc   0x08002ccc   0x0000006c   Code   RO         2729    i.OLED_DrawDino     dinogame.o
    0x08002d38   0x08002d38   0x00000134   Code   RO         2730    i.OLED_DrawDinoJump  dinogame.o
    0x08002e6c   0x08002e6c   0x00000068   Code   RO         2731    i.OLED_DrawGround   dinogame.o
    0x08002ed4   0x08002ed4   0x00000030   Code   RO         1715    i.OLED_DrawPoint    oled.o
    0x08002f04   0x08002f04   0x00000020   Code   RO         1716    i.OLED_I2C_Init     oled.o
    0x08002f24   0x08002f24   0x00000054   Code   RO         1717    i.OLED_I2C_SendByte  oled.o
    0x08002f78   0x08002f78   0x00000034   Code   RO         1718    i.OLED_I2C_Start    oled.o
    0x08002fac   0x08002fac   0x0000002c   Code   RO         1719    i.OLED_I2C_Stop     oled.o
    0x08002fd8   0x08002fd8   0x000000ac   Code   RO         1721    i.OLED_Init         oled.o
    0x08003084   0x08003084   0x00000040   Code   RO         1723    i.OLED_Refresh      oled.o
    0x080030c4   0x080030c4   0x00000022   Code   RO         1724    i.OLED_SetCursor    oled.o
    0x080030e6   0x080030e6   0x0000002a   Code   RO         2826    i.OLED_SetPos1      dinooled.o
    0x08003110   0x08003110   0x00000068   Code   RO         1726    i.OLED_ShowChar     oled.o
    0x08003178   0x08003178   0x00000088   Code   RO         2827    i.OLED_ShowChar1    dinooled.o
    0x08003200   0x08003200   0x0000006a   Code   RO         2828    i.OLED_ShowNum1     dinooled.o
    0x0800326a   0x0800326a   0x0000009c   Code   RO         1730    i.OLED_ShowPicture  oled.o
    0x08003306   0x08003306   0x00000026   Code   RO         1732    i.OLED_ShowString   oled.o
    0x0800332c   0x0800332c   0x00000036   Code   RO         2829    i.OLED_ShowString1  dinooled.o
    0x08003362   0x08003362   0x0000000c   Code   RO         2830    i.OLED_WR_Byte1     dinooled.o
    0x0800336e   0x0800336e   0x00000022   Code   RO         1733    i.OLED_WriteCommand  oled.o
    0x08003390   0x08003390   0x00000022   Code   RO         1734    i.OLED_WriteData    oled.o
    0x080033b2   0x080033b2   0x00000002   Code   RO          232    i.PendSV_Handler    stm32f1xx_it.o
    0x080033b4   0x080033b4   0x00000004   Code   RO         2386    i.Play              menu.o
    0x080033b8   0x080033b8   0x00000004   Code   RO         2387    i.Play1             menu.o
    0x080033bc   0x080033bc   0x00000012   Code   RO          404    i.RTC_Bcd2ToByte    stm32f1xx_hal_rtc.o
    0x080033ce   0x080033ce   0x00000016   Code   RO          405    i.RTC_ByteToBcd2    stm32f1xx_hal_rtc.o
    0x080033e4   0x080033e4   0x000000ae   Code   RO          406    i.RTC_DateUpdate    stm32f1xx_hal_rtc.o
    0x08003492   0x08003492   0x00000034   Code   RO          407    i.RTC_EnterInitMode  stm32f1xx_hal_rtc.o
    0x080034c6   0x080034c6   0x00000002   PAD
    0x080034c8   0x080034c8   0x00000036   Code   RO          408    i.RTC_ExitInitMode  stm32f1xx_hal_rtc.o
    0x080034fe   0x080034fe   0x0000000e   Code   RO          409    i.RTC_ReadAlarmCounter  stm32f1xx_hal_rtc.o
    0x0800350c   0x0800350c   0x00000020   Code   RO          410    i.RTC_ReadTimeCounter  stm32f1xx_hal_rtc.o
    0x0800352c   0x0800352c   0x00000056   Code   RO          411    i.RTC_WeekDayNum    stm32f1xx_hal_rtc.o
    0x08003582   0x08003582   0x00000028   Code   RO          412    i.RTC_WriteAlarmCounter  stm32f1xx_hal_rtc.o
    0x080035aa   0x080035aa   0x00000028   Code   RO          413    i.RTC_WriteTimeCounter  stm32f1xx_hal_rtc.o
    0x080035d2   0x080035d2   0x00000002   Code   RO          233    i.SVC_Handler       stm32f1xx_it.o
    0x080035d4   0x080035d4   0x00000004   Code   RO          234    i.SysTick_Handler   stm32f1xx_it.o
    0x080035d8   0x080035d8   0x00000080   Code   RO           14    i.SystemClock_Config  main.o
    0x08003658   0x08003658   0x00000002   Code   RO         1673    i.SystemInit        system_stm32f1xx.o
    0x0800365a   0x0800365a   0x0000001e   Code   RO         2242    i.TSL2561_Init      tsl2561.o
    0x08003678   0x08003678   0x00000010   Code   RO         2243    i.TSL2561_LED_on    tsl2561.o
    0x08003688   0x08003688   0x00000022   Code   RO         2244    i.TSL2561_ReadData  tsl2561.o
    0x080036aa   0x080036aa   0x00000002   PAD
    0x080036ac   0x080036ac   0x00000010   Code   RO         2245    i.TSL2561_off       tsl2561.o
    0x080036bc   0x080036bc   0x00000010   Code   RO         2246    i.TSL2561_on        tsl2561.o
    0x080036cc   0x080036cc   0x00000006   Code   RO         2393    i.Time              menu.o
    0x080036d2   0x080036d2   0x00000004   Code   RO         2394    i.Timeshow          menu.o
    0x080036d6   0x080036d6   0x00000002   Code   RO          235    i.UsageFault_Handler  stm32f1xx_it.o
    0x080036d8   0x080036d8   0x00000032   Code   RO         1884    i.User_Askfordelete  user_oled.o
    0x0800370a   0x0800370a   0x00000002   PAD
    0x0800370c   0x0800370c   0x00000094   Code   RO         1885    i.User_Data         user_oled.o
    0x080037a0   0x080037a0   0x000001f8   Code   RO         2290    i.User_DataChoice_Show  user_lightdata.o
    0x08003998   0x08003998   0x00000178   Code   RO         2291    i.User_Data_Show    user_lightdata.o
    0x08003b10   0x08003b10   0x00000040   Code   RO         2292    i.User_DeleteData   user_lightdata.o
    0x08003b50   0x08003b50   0x0000003c   Code   RO         2293    i.User_Detect_Show  user_lightdata.o
    0x08003b8c   0x08003b8c   0x0000001a   Code   RO         1886    i.User_Home         user_oled.o
    0x08003ba6   0x08003ba6   0x00000002   PAD
    0x08003ba8   0x08003ba8   0x00000094   Code   RO         1888    i.User_LOG          user_oled.o
    0x08003c3c   0x08003c3c   0x00000098   Code   RO         1889    i.User_LOG1         user_oled.o
    0x08003cd4   0x08003cd4   0x0000010c   Code   RO         1890    i.User_PIC_Show     user_oled.o
    0x08003de0   0x08003de0   0x00000094   Code   RO         1891    i.User_Play         user_oled.o
    0x08003e74   0x08003e74   0x0000009c   Code   RO         1892    i.User_Play1        user_oled.o
    0x08003f10   0x08003f10   0x00000094   Code   RO         1893    i.User_Time         user_oled.o
    0x08003fa4   0x08003fa4   0x0000003c   Code   RO         1897    i.User_huizhang_Show  user_oled.o
    0x08003fe0   0x08003fe0   0x00000028   Code   RO         3128    i.__ARM_fpclassify  m_ws.l(fpclassify.o)
    0x08004008   0x08004008   0x00000020   Code   RO         1149    i.__NVIC_SetPriority  stm32f1xx_hal_cortex.o
    0x08004028   0x08004028   0x0000000e   Code   RO         2964    i._is_digit         c_w.l(__printf_wp.o)
    0x08004036   0x08004036   0x00000002   PAD
    0x08004038   0x08004038   0x00000070   Code   RO         2675    i.get_key           control.o
    0x080040a8   0x080040a8   0x00000004   Code   RO         2397    i.home              menu.o
    0x080040ac   0x080040ac   0x00000088   Code   RO         2294    i.lightdata_askfordelete  user_lightdata.o
    0x08004134   0x08004134   0x00000034   Code   RO         2295    i.lightdata_delete  user_lightdata.o
    0x08004168   0x08004168   0x0000003c   Code   RO         2296    i.lightdata_detect  user_lightdata.o
    0x080041a4   0x080041a4   0x00000038   Code   RO         2297    i.lightdata_down    user_lightdata.o
    0x080041dc   0x080041dc   0x0000000c   Code   RO         2298    i.lightdata_show    user_lightdata.o
    0x080041e8   0x080041e8   0x00000038   Code   RO         2299    i.lightdata_up      user_lightdata.o
    0x08004220   0x08004220   0x0000002e   Code   RO           15    i.main              main.o
    0x0800424e   0x0800424e   0x00000048   Code   RO         2733    i.oled_drawbmp_block_clear  dinogame.o
    0x08004296   0x08004296   0x00000010   Code   RO         2831    i.oled_pow1         dinooled.o
    0x080042a6   0x080042a6   0x00000002   PAD
    0x080042a8   0x080042a8   0x0000002c   Code   RO         3120    locale$$code        c_w.l(lc_numeric_c.o)
    0x080042d4   0x080042d4   0x0000000c   Code   RO         3061    x$fpl$dretinf       fz_ws.l(dretinf.o)
    0x080042e0   0x080042e0   0x00000056   Code   RO         2990    x$fpl$f2d           fz_ws.l(f2d.o)
    0x08004336   0x08004336   0x00000002   PAD
    0x08004338   0x08004338   0x00000026   Code   RO         2996    x$fpl$ffltu         fz_ws.l(fflt_clz.o)
    0x0800435e   0x0800435e   0x0000008c   Code   RO         3063    x$fpl$fnaninf       fz_ws.l(fnaninf.o)
    0x080043ea   0x080043ea   0x00000004   Code   RO         3004    x$fpl$printf1       fz_ws.l(printf1.o)
    0x080043ee   0x080043ee   0x00000000   Code   RO         3067    x$fpl$usenofp       fz_ws.l(usenofp.o)
    0x080043ee   0x080043ee   0x00000012   Data   RO          847    .constdata          stm32f1xx_hal_rcc.o
    0x08004400   0x08004400   0x00000012   Data   RO          939    .constdata          stm32f1xx_hal_rcc_ex.o
    0x08004412   0x08004412   0x00000010   Data   RO         1674    .constdata          system_stm32f1xx.o
    0x08004422   0x08004422   0x00000008   Data   RO         1675    .constdata          system_stm32f1xx.o
    0x0800442a   0x0800442a   0x000009c0   Data   RO         1736    .constdata          oled.o
    0x08004dea   0x08004dea   0x00000002   PAD
    0x08004dec   0x08004dec   0x00000078   Data   RO         2301    .constdata          user_lightdata.o
    0x08004e64   0x08004e64   0x00000905   Data   RO         2734    .constdata          dinogame.o
    0x08005769   0x08005769   0x00000818   Data   RO         2832    .constdata          dinooled.o
    0x08005f81   0x08005f81   0x00000011   Data   RO         2967    .constdata          c_w.l(__printf_flags_wp.o)
    0x08005f92   0x08005f92   0x00000002   PAD
    0x08005f94   0x08005f94   0x00000094   Data   RO         3095    .constdata          c_w.l(bigflt0.o)
    0x08006028   0x08006028   0x00000020   Data   RO         3222    Region$$Table       anon$$obj.o
    0x08006048   0x08006048   0x0000001c   Data   RO         3119    locale$$data        c_w.l(lc_numeric_c.o)


    Execution Region RW_IRAM1 (Exec base: 0x20000000, Load base: 0x08006064, Size: 0x00001ad0, Max: 0x00005000, ABSOLUTE, COMPRESSED[0x00000650])

    Exec Addr    Load Addr    Size         Type   Attr      Idx    E Section Name        Object

    0x20000000   COMPRESSED   0x0000000c   Data   RW          684    .data               stm32f1xx_hal.o
    0x2000000c   COMPRESSED   0x00000004   Data   RW         1676    .data               system_stm32f1xx.o
    0x20000010   COMPRESSED   0x00000400   Data   RW         1737    .data               oled.o
    0x20000410   COMPRESSED   0x00000838   Data   RW         1898    .data               user_oled.o
    0x20000c48   COMPRESSED   0x00000004   Data   RW         2200    .data               user_key.o
    0x20000c4c   COMPRESSED   0x00000004   Data   RW         2302    .data               user_lightdata.o
    0x20000c50   COMPRESSED   0x00000170   Data   RW         2398    .data               menu.o
    0x20000dc0   COMPRESSED   0x00000018   Data   RW         2735    .data               dinogame.o
    0x20000dd8        -       0x00000014   Zero   RW          183    .bss                rtc.o
    0x20000dec        -       0x00000400   Zero   RW         1735    .bss                oled.o
    0x200011ec        -       0x00000014   Zero   RW         2199    .bss                user_key.o
    0x20001200        -       0x0000018c   Zero   RW         2300    .bss                user_lightdata.o
    0x2000138c        -       0x000000e4   Zero   RW         2979    .bss                c_w.l(rand.o)
    0x20001470        -       0x00000060   Zero   RW         3131    .bss                c_w.l(libspace.o)
    0x200014d0        -       0x00000200   Zero   RW            2    HEAP                startup_stm32f103xb.o
    0x200016d0        -       0x00000400   Zero   RW            1    STACK               startup_stm32f103xb.o


==============================================================================

Image component sizes


      Code (inc. data)   RO Data    RW Data    ZI Data      Debug   Object Name

       268         10          0          0          0       1665   control.o
      1016         58       2309         24          0       6720   dinogame.o
       666         26       2072          0          0       8211   dinooled.o
       292         18          0          0          0       1063   gpio.o
       178          0          0          0          0     387356   main.o
       142          6          0        368          0       5188   menu.o
      1178         48       2496       1024       1024      12019   oled.o
       172         22          0          0         20       1651   rtc.o
        64         26        236          0       1536        828   startup_stm32f103xb.o
       164         28          0         12          0       6037   stm32f1xx_hal.o
       198         14          0          0          0      29043   stm32f1xx_hal_cortex.o
       524         40          0          0          0       4194   stm32f1xx_hal_gpio.o
        60          8          0          0          0        906   stm32f1xx_hal_msp.o
        12          4          0          0          0        531   stm32f1xx_hal_pwr.o
      1208         72         18          0          0       4633   stm32f1xx_hal_rcc.o
       400         28         18          0          0       2521   stm32f1xx_hal_rcc_ex.o
      1400         12          0          0          0      13004   stm32f1xx_hal_rtc.o
        50          0          0          0          0       6277   stm32f1xx_it.o
         2          0         24          4          0       1167   system_stm32f1xx.o
       112         16          0          0          0       2978   tsl2561.o
       444         14          0          0          0       6787   user_i2c.o
       244          8          0          4         20       1987   user_key.o
      1376        218        120          4        396       6716   user_lightdata.o
      1496        230          0       2104          0     350515   user_oled.o

    ----------------------------------------------------------------------
     11692        906       7327       3544       2996     861997   Object Totals
         0          0         32          0          0          0   (incl. Generated)
        26          0          2          0          0          0   (incl. Padding)

    ----------------------------------------------------------------------

      Code (inc. data)   RO Data    RW Data    ZI Data      Debug   Library Member Name

        90          0          0          0          0          0   __dczerorl2.o
         8          0          0          0          0         68   __main.o
       312          4         17          0          0         92   __printf_flags_wp.o
        14          0          0          0          0         68   __printf_wp.o
         0          0          0          0          0          0   __rtentry.o
        12          0          0          0          0          0   __rtentry2.o
         6          0          0          0          0          0   __rtentry4.o
        52          8          0          0          0          0   __scatter.o
        28          0          0          0          0          0   __scatter_zi.o
        48          6          0          0          0         96   _printf_char_common.o
         6          0          0          0          0          0   _printf_d.o
       120         16          0          0          0         92   _printf_dec.o
         6          0          0          0          0          0   _printf_f.o
      1054          0          0          0          0        216   _printf_fp_dec.o
       128         16          0          0          0         84   _printf_fp_infnan.o
       178          0          0          0          0         88   _printf_intcommon.o
        78          0          0          0          0        108   _printf_pad.o
         0          0          0          0          0          0   _printf_percent.o
         4          0          0          0          0          0   _printf_percent_end.o
        10          0          0          0          0         68   _sputc.o
       228          4        148          0          0         96   bigflt0.o
      1936        128          0          0          0        672   btod.o
        18          0          0          0          0         80   exit.o
         6          0          0          0          0        152   heapauxi.o
         0          0          0          0          0          0   indicate_semi.o
        44         10         28          0          0         76   lc_numeric_c.o
         2          0          0          0          0          0   libinit.o
        22          0          0          0          0          0   libinit2.o
         2          0          0          0          0          0   libshutdown.o
         2          0          0          0          0          0   libshutdown2.o
         8          4          0          0         96         68   libspace.o
       138          0          0          0          0         80   lludiv10.o
        40          6          0          0          0         84   noretval__2sprintf.o
       112         18          0          0        228        160   rand.o
         8          4          0          0          0         68   rt_locale_intlibspace.o
        78          0          0          0          0         80   rt_memclr_w.o
       100          0          0          0          0         80   rt_memcpy_w.o
         2          0          0          0          0          0   rtexit.o
        10          0          0          0          0          0   rtexit2.o
       128          0          0          0          0         68   strcmpv7m.o
        12          4          0          0          0         68   sys_exit.o
        74          0          0          0          0         80   sys_stackheap_outer.o
         2          0          0          0          0         68   use_no_semi.o
        12          0          0          0          0         68   dretinf.o
        86          4          0          0          0         84   f2d.o
        38          0          0          0          0         68   fflt_clz.o
       140          4          0          0          0         84   fnaninf.o
         4          0          0          0          0         68   printf1.o
         0          0          0          0          0          0   usenofp.o
        40          0          0          0          0         68   fpclassify.o

    ----------------------------------------------------------------------
      5462        236        195          0        324       3400   Library Totals
        16          0          2          0          0          0   (incl. Padding)

    ----------------------------------------------------------------------

      Code (inc. data)   RO Data    RW Data    ZI Data      Debug   Library Name

      5126        228        193          0        324       2960   c_w.l
       280          8          0          0          0        372   fz_ws.l
        40          0          0          0          0         68   m_ws.l

    ----------------------------------------------------------------------
      5462        236        195          0        324       3400   Library Totals

    ----------------------------------------------------------------------

==============================================================================


      Code (inc. data)   RO Data    RW Data    ZI Data      Debug   

     17154       1142       7522       3544       3320     856189   Grand Totals
     17154       1142       7522       1616       3320     856189   ELF Image Totals (compressed)
     17154       1142       7522       1616          0          0   ROM Totals

==============================================================================

    Total RO  Size (Code + RO Data)                24676 (  24.10kB)
    Total RW  Size (RW Data + ZI Data)              6864 (   6.70kB)
    Total ROM Size (Code + RO Data + RW Data)      26292 (  25.68kB)

==============================================================================

