<html>
<body>
<pre>
<h1>µVision Build Log</h1>
<h2>Tool Versions:</h2>
IDE-Version: ¦ÌVision V5.36.0.0
Copyright (C) 2021 ARM Ltd and ARM Germany GmbH. All rights reserved.
License Information: LIU 8618150600805, 1, LIC=MPPLD-8HDQN-NNSAF-6LKEY-E5BI9-T4TGN
 
Tool Versions:
Toolchain:       MDK-ARM Plus  Version: 5.36.0.0
Toolchain Path:  D:\KEIL\ARM\ARMCC\Bin
C Compiler:      Armcc.exe V5.06 update 7 (build 960)
Assembler:       Armasm.exe V5.06 update 7 (build 960)
Linker/Locator:  ArmLink.exe V5.06 update 7 (build 960)
Library Manager: ArmAr.exe V5.06 update 7 (build 960)
Hex Converter:   FromElf.exe V5.06 update 7 (build 960)
CPU DLL:         SARMCM3.DLL V5.36.0.0
Dialog DLL:      DCM.DLL V1.17.3.0
Target DLL:      STLink\ST-LINKIII-KEIL_SWO.dll V3.0.9.0
Dialog DLL:      TCM.DLL V1.53.0.0
 
<h2>Project:</h2>
D:\32_PROJECT\1pro_for_light\stm32_pj\stm32f103c8t6 - extern(4+1key)V4.1\MDK-ARM\STM32_OLED.uvprojx
Project File Date:  07/10/2023

<h2>Output:</h2>
*** Using Compiler 'V5.06 update 7 (build 960)', folder: 'D:\KEIL\ARM\ARMCC\Bin'
Build target 'STM32_OLED'
compiling user_oled.c...
..\user\user_oled.c(280): warning:  #111-D: statement is unreachable
          case 0 : return "Sunday"; break;
..\user\user_oled.c(281): warning:  #111-D: statement is unreachable
          case 1 : return "Monday"; break;
..\user\user_oled.c(282): warning:  #111-D: statement is unreachable
          case 2 : return "Tuesday"; break;
..\user\user_oled.c(283): warning:  #111-D: statement is unreachable
          case 3 : return "Wednesday"; break;
..\user\user_oled.c(284): warning:  #111-D: statement is unreachable
          case 4 : return "Thursday"; break;
..\user\user_oled.c(285): warning:  #111-D: statement is unreachable
          case 5 : return "Friday"; break;                                                             
..\user\user_oled.c(286): warning:  #111-D: statement is unreachable
          case 6 : return "Saturday"; break;
..\user\user_oled.c(287): warning:  #111-D: statement is unreachable
          default : return NULL; break;
..\user\user_oled.c(304): warning:  #223-D: function "sprintf" declared implicitly
      sprintf(time,"%02d/%02d/%02d",(2000 + GetData.Year), GetData.Month, GetData.Date);
..\user\user_oled.c(351): warning:  #223-D: function "sprintf" declared implicitly
  		sprintf(time,"%02d",(2000 + GetData.Year));
..\user\user_oled.c(541): warning:  #1-D: last line of file ends without a newline
  }
..\user\user_oled.c: 11 warnings, 0 errors
linking...
Program Size: Code=17154 RO-data=7522 RW-data=3544 ZI-data=3320  
FromELF: creating hex file...
"STM32_OLED\STM32_OLED.axf" - 0 Error(s), 11 Warning(s).

<h2>Software Packages used:</h2>

Package Vendor: ARM
                http://www.keil.com/pack/ARM.CMSIS.5.8.0.pack
                ARM.CMSIS.5.8.0
                CMSIS (Common Microcontroller Software Interface Standard)
   * Component: CORE Version: 5.5.0

Package Vendor: Keil
                http://www.keil.com/pack/Keil.STM32F1xx_DFP.2.4.0.pack
                Keil.STM32F1xx_DFP.2.4.0
                STMicroelectronics STM32F1 Series Device Support, Drivers and Examples

<h2>Collection of Component include folders:</h2>
  .\RTE\_STM32_OLED
  D:\KEIL\ARM\CMSIS\5.8.0\CMSIS\Core\Include
  D:\KEIL\Keil\STM32F1xx_DFP\2.4.0\Device\Include

<h2>Collection of Component Files used:</h2>

   * Component: ARM::CMSIS:CORE:5.5.0
      Include file:  CMSIS\Core\Include\tz_context.h
Build Time Elapsed:  00:00:01
</pre>
</body>
</html>
